 I/NetworkKit_OkRequestTask: HttpsBizThreadPool|null|com.huawei.hms.network.embedded.d4|execute|4|the request has used the okhttp!
2021-11-10 15:06:22.025 1680-1740/? I/PackageManager: getInstalledPackages cost 4 ms, flags: 786432, userId: 0, callingUid: 1000, callingPid: 2841
2021-11-10 15:06:22.026 1680-3175/? V/ActivityManager: Successfully start provider ContentProviderRecord{a898f4d u0 com.huawei.systemmanager/com.huawei.securitycenter.antivirus.db.AntiVirusDBProvider} launchingApp=null caller pid= 2841
2021-11-10 15:06:22.029 2775-2775/? D/BaseIconCache: Looper.myLooper():Looper (main, tid 1) {89a4794},mBgLooper:Looper (launcher-loader, tid 101) {bf7c23d}
2021-11-10 15:06:22.029 2775-2775/? D/BaseIconCache: Looper.myLooper():Looper (main, tid 1) {89a4794},mBgLooper:Looper (launcher-loader, tid 101) {bf7c23d}
2021-11-10 15:06:22.032 1680-2491/? I/DeviceIdentifiers: udid has been read success, return!
2021-11-10 15:06:22.033 30393-26156/? I/NetworkKit_ConfigManager: pool-18-thread-1|null|com.huawei.hms.network.embedded.h0|b|44|netdiag_enable_report_qoe, use the default value
2021-11-10 15:06:22.033 693-1234/? W//system/bin/netd: A binder object at 0x703a6936c0 is being transacted on, however, this object is in the same process as its proxy. Transacting with this binder is expensive compared to just calling the corresponding functionality in the same process.
2021-11-10 15:06:22.033 693-1234/? I/PreDnsController: CanPreDnsQuery,persist.sys.predns is false!
2021-11-10 15:06:22.034 30393-10473/? I/NetworkKit_ConfigManager: NetworkKit_AIModel_Execute_14|null|com.huawei.hms.network.embedded.h0|b|44|netdiag_enable_report_qoe, use the default value
2021-11-10 15:06:22.034 30393-26156/? I/NetworkKit_OkRequestTask: pool-18-thread-1|null|com.huawei.hms.network.embedded.d4|execute|4|the request has used the okhttp!
2021-11-10 15:06:22.035 1680-1680/? D/HwConnectivityManagerImpl: getNetworkPolicyFlag flagStr null
2021-11-10 15:06:22.035 30393-9974/? I/NetworkKit_OkRequestTask: HttpsBizThreadPool|null|com.huawei.hms.network.embedded.d4|execute|4|the request has used the okhttp!
2021-11-10 15:06:22.038 26566-26566/? W/ContextImpl: Calling a method in the system process without a qualified user: android.app.ContextImpl.startService:1698 android.content.ContextWrapper.startService:669 android.content.ContextWrapper.startService:669 com.huawei.antivirus.utils.AntiVirusTools.checkVirusForNewInstalledApk:905 com.huawei.antivirus.AntiVirusReceiver.onReceive:33 
2021-11-10 15:06:22.039 1680-3273/? E/WifiPermissionsUtil: getUidPermission is DENIED and permissionType android.permission.ACCESS_FINE_LOCATIONuid 10029
2021-11-10 15:06:22.039 1680-3273/? E/WifiService: enforceCanAccessScanResults: hiding ssid and bssidUID 10029 has no location permission
2021-11-10 15:06:22.039 2841-2841/? W/ContextImpl: Calling a method in the system process without a qualified user: android.app.ContextImpl.startService:1698 android.content.ContextWrapper.startService:669 com.huawei.antivirus.AntiVirusService.handleInstalledApkCheck:236 com.huawei.antivirus.AntiVirusService.onStartCommand:172 android.app.ActivityThread.handleServiceArgs:4951 
2021-11-10 15:06:22.042 1680-2562/? I/ActivityManager: App 10148/com.autonavi.minimap targets O+, restricted
2021-11-10 15:06:22.042 1680-2562/? W/BroadcastQueue: Background execution not allowed: receiving Intent { act=android.intent.action.PACKAGE_ADDED dat=package:com.shopwonder.jingzaoyd flg=0x4000010 (has extras) } to com.autonavi.minimap/com.amap.bundle.appupgrade.InstallListener
2021-11-10 15:06:22.044 1680-1764/? I/ActivityManager: App 11541/com.qihoo.appstore targets O+, restricted
2021-11-10 15:06:22.044 1680-1764/? W/BroadcastQueue: Background execution not allowed: receiving Intent { act=android.intent.action.PACKAGE_ADDED dat=package:com.shopwonder.jingzaoyd flg=0x4000010 (has extras) } to com.qihoo.appstore/.personalcenter.installhistory.PackageRecevier
2021-11-10 15:06:22.044 1680-1764/? V/BroadcastQueue: Finished with ordered broadcast BroadcastRecord{a865a3d u0 android.intent.action.PACKAGE_ADDED}
2021-11-10 15:06:22.052 1680-1740/? I/PackageManager: getInstalledPackages cost 5 ms, flags: 786432, userId: 0, callingUid: 1000, callingPid: 2841
2021-11-10 15:06:22.055 26711-27476/? D/QVS_SDK_TAG: in install() curNum 1
2021-11-10 15:06:22.055 26711-27476/? D/QVS_SDK_TAG: install()
2021-11-10 15:06:22.055 26711-27476/? D/QVS_SDK_TAG: install() bind service
2021-11-10 15:06:22.059 1680-3203/? D/HwConnectivityServiceEx: set 10170 wlan0 value false
2021-11-10 15:06:22.061 26711-10478/? W/AVLSDK-4.1.4: ExtraUtil:FSH error! path:/data/app/com.shopwonder.jingzaoyd-Qk7oHoZz1WzX5nDyJODBag==/base.apk
2021-11-10 15:06:22.061 26711-10478/? W/AVLSDK-4.1.4: ExtraUtil:SKSH error! path:/data/app/com.shopwonder.jingzaoyd-Qk7oHoZz1WzX5nDyJODBag==/base.apk
2021-11-10 15:06:22.065 26636-26667/? W/ContextImpl: Calling a method in the system process without a qualified user: android.app.ContextImpl.bindService:1777 com.huawei.securitycenter.antivirus.agguard.AgGuardCloudProcess.bindAgService:449 com.huawei.securitycenter.antivirus.agguard.AgGuardCloudProcess.<init>:91 com.huawei.antivirus.features.AntivirusScanHelper.getScanResult:105 com.huawei.antivirus.features.AntivirusScanHelper.scanInstalledPackageUsingAllEngine:99 
2021-11-10 15:06:22.065 26288-26288/? W/ContextImpl: Calling a method in the system process without a qualified user: android.app.ContextImpl.startService:1698 android.content.ContextWrapper.startService:669 android.content.ContextWrapper.startService:669 com.android.settings.applications.BlackListReceiver.onReceive:48 android.app.ActivityThread.handleReceiver:4637 
2021-11-10 15:06:22.066 26711-27476/? D/QVS_SDK_TAG: install: DeepScan prepare init, thread: Thread[Binder:26711_5,5,main]
2021-11-10 15:06:22.066 26711-27476/? D/QVS_SDK_TAG: install: DeepScan wait: 0
2021-11-10 15:06:22.069 1680-3222/? D/HwAddViewManager: handleMessage msg=2
2021-11-10 15:06:22.069 1680-3222/? D/HwAddViewManager: convert array over
2021-11-10 15:06:22.069 1680-3222/? I/HwAddViewManager: syncInterceptionList: start to insertOrUpdateCoreInterceptionList: {com.qihoo.appstore=11, com.dianping.v1=3}
2021-11-10 15:06:22.073 2720-3314/? I/AppManager: dependence has been existed:26636 -> 30393
2021-11-10 15:06:22.074 26288-26288/? W/BlockListService: settings app is pulled up, onCreate is called
2021-11-10 15:06:22.075 1680-3222/? D/HwAddViewManager: handleMessage msg=2
2021-11-10 15:06:22.075 1680-3222/? D/HwAddViewManager: convert array over
2021-11-10 15:06:22.075 1680-3222/? I/HwAddViewManager: syncInterceptionList: start to insertOrUpdateCoreInterceptionList: {com.qihoo.appstore=11, com.dianping.v1=3}
2021-11-10 15:06:22.076 26711-26711/? D/QVS_SDK_TAG: com.huawei.securitypluginbase/com.qihoo.security.services.DeepScanService connected! thread: Thread[main,5,main]
2021-11-10 15:06:22.077 26288-26288/? W/BlockListService: settings app is pulled up, onDestroy is called
2021-11-10 15:06:22.094 1680-3273/? I/ActivityManager: App 11541/com.qihoo.appstore targets O+, restricted
2021-11-10 15:06:22.094 1680-3273/? W/BroadcastQueue: Background execution not allowed: receiving Intent { act=android.intent.action.PACKAGE_REPLACED dat=package:com.shopwonder.jingzaoyd flg=0x4000010 (has extras) } to com.qihoo.appstore/.personalcenter.installhistory.PackageRecevier
2021-11-10 15:06:22.095 1680-1764/? V/BroadcastQueue: Finished with ordered broadcast BroadcastRecord{a865b0d u0 android.intent.action.PACKAGE_REPLACED}
2021-11-10 15:06:22.099 1680-2562/? I/SensorService: disable begin
2021-11-10 15:06:22.100 1680-2562/? I/SensorService: disable activate begin
2021-11-10 15:06:22.100 1074-1134/? I/Sensors@1.2-impl: activate-0 enabled-0 fwkOals-1 camOals-0 fwkOcolor-0 camOcolor-0 fwkOtof-0 camOtof-0
2021-11-10 15:06:22.100 1074-1134/? I/Sensors@1.2-impl: IsOpenNeedUpdate: service: 1680, sensor: 0, open: 0, openCnt: 1
2021-11-10 15:06:22.100 1074-1134/? I/Sensors@1.2-impl: SetTotalOpenCnt: sensor: 0 has been close, erase it's map
2021-11-10 15:06:22.100 1074-1134/? I/Sensors@1.2-impl: EraseSensorConfig: sensor: 0
2021-11-10 15:06:22.100 1074-1134/? I/Sensors@1.2-impl: EraseSensorConfig: erase the config of sensorId: 0
2021-11-10 15:06:22.100 1074-1134/? I/Sensors@1.2-impl: SetTotalOpenCnt: erase the config of sensorId: 0
2021-11-10 15:06:22.100 1680-3280/? I/HwPermDBAdapter: replace dbPermissionItem: DbPermissionItem [pkgName=com.shopwonder.jingzaoyd, permCfg=279317578009, permCode=279317578009, uid=11832]
2021-11-10 15:06:22.100 1074-1134/? I/SensorHub: Activate, handle: 0, enabled:0, err: 0
2021-11-10 15:06:22.101 1074-1134/? I/SensorHub: SetAccConvertCoff, kernel sensor lib ver is 15
2021-11-10 15:06:22.101 1074-1134/? I/SensorHub: accConvertCoff = 1000.000000
2021-11-10 15:06:22.101 1680-2562/? I/SensorService: disableSensor handle:0, packageName:com.huawei.antimal.MalDataManager
2021-11-10 15:06:22.101 1680-2562/? I/SensorService: disable activate end
2021-11-10 15:06:22.101 1680-2562/? I/SensorService: disable end
2021-11-10 15:06:22.101 1680-2562/? I/SensorService: disable begin
2021-11-10 15:06:22.101 1680-2562/? I/SensorService: disable activate begin
2021-11-10 15:06:22.102 1074-1134/? I/Sensors@1.2-impl: activate-1 enabled-0 fwkOals-1 camOals-0 fwkOcolor-0 camOcolor-0 fwkOtof-0 camOtof-0
2021-11-10 15:06:22.102 1074-1134/? I/Sensors@1.2-impl: IsOpenNeedUpdate: service: 1680, sensor: 1, open: 0, openCnt: 1
2021-11-10 15:06:22.102 1074-1134/? I/Sensors@1.2-impl: SetTotalOpenCnt: sensor: 1 has been close, erase it's map
2021-11-10 15:06:22.102 1074-1134/? I/Sensors@1.2-impl: EraseSensorConfig: sensor: 1
2021-11-10 15:06:22.102 1074-1134/? I/Sensors@1.2-impl: EraseSensorConfig: erase the config of sensorId: 1
2021-11-10 15:06:22.102 1074-1134/? I/Sensors@1.2-impl: SetTotalOpenCnt: erase the config of sensorId: 1
2021-11-10 15:06:22.102 1074-1134/? I/SensorHub: Activate, handle: 1, enabled:0, err: 0
2021-11-10 15:06:22.102 1680-2562/? I/SensorService: disableSensor handle:1, packageName:com.huawei.antimal.MalDataManager
2021-11-10 15:06:22.102 1680-2562/? I/SensorService: disable activate end
2021-11-10 15:06:22.102 1680-2562/? I/SensorService: disable end
2021-11-10 15:06:22.103 1680-3273/? I/SensorService: cleanupConnection begin
2021-11-10 15:06:22.103 1680-3273/? I/SensorService: cleanupConnection end
2021-11-10 15:06:22.104 1680-8679/? V/HwPermDbHelper: replace result: 1112
2021-11-10 15:06:22.105 30393-9965/? I/SecurityComp10105306: SSFCompatiableSystemCA: createSocket: s , host , port , autoClose
2021-11-10 15:06:22.106 30393-9965/? I/SecurityComp10105306: SSFCompatiableSystemCA: set default protocols
2021-11-10 15:06:22.106 30393-9965/? I/SecurityComp10105306: SSFCompatiableSystemCA: set default cipher suites
2021-11-10 15:06:22.117 1680-2131/? I/ActivityManager: sendIntentSender target:com.android.server.pm.PackageManagerShellCommand$LocalIntentReceiver$1@a8fac68, intent:hwFlg=0x10
2021-11-10 15:06:22.133 30393-26812/? I/NetworkKit_NetDetectAndPolicy: pool-21-thread-2 -->NetworkKit_netdiag_submit_task_0|null|com.huawei.hms.network.embedded.m6|b|50|the time count will reset!
2021-11-10 15:06:22.134 30393-30442/? I/NetworkKit_ConfigManager: pool-21-thread-2 -->NetworkKit_report_ha_0|null|com.huawei.hms.network.embedded.h0|b|44|ai_ipsort_switch, use the default value
2021-11-10 15:06:22.135 1680-2562/? E/WifiPermissionsUtil: getUidPermission is DENIED and permissionType android.permission.ACCESS_FINE_LOCATIONuid 10029
2021-11-10 15:06:22.135 1680-2562/? E/WifiService: enforceCanAccessScanResults: hiding ssid and bssidUID 10029 has no location permission
2021-11-10 15:06:22.135 693-1234/? W//system/bin/netd: A binder object at 0x703a6936c0 is being transacted on, however, this object is in the same process as its proxy. Transacting with this binder is expensive compared to just calling the corresponding functionality in the same process.
2021-11-10 15:06:22.135 693-1234/? I/PreDnsController: CanPreDnsQuery,persist.sys.predns is false!
2021-11-10 15:06:22.138 1680-3273/? E/WifiPermissionsUtil: getUidPermission is DENIED and permissionType android.permission.ACCESS_FINE_LOCATIONuid 10029
2021-11-10 15:06:22.138 1680-3273/? E/WifiService: enforceCanAccessScanResults: hiding ssid and bssidUID 10029 has no location permission
2021-11-10 15:06:22.143 30393-30417/? W/HiApp.ChannelManager/ReferrerImpl: main{1} <<< WARN >>> saveAttribution: attribution or packageName is empty.
2021-11-10 15:06:22.146 30393-26812/? I/NetworkKit_NetDetectAndPolicy: pool-18-thread-1 -->NetworkKit_netdiag_submit_task_0|null|com.huawei.hms.network.embedded.m6|b|50|the time count will reset!
2021-11-10 15:06:22.147 1680-2133/? E/WifiPermissionsUtil: getUidPermission is DENIED and permissionType android.permission.ACCESS_FINE_LOCATIONuid 10029
2021-11-10 15:06:22.147 1680-2133/? E/WifiService: enforceCanAccessScanResults: hiding ssid and bssidUID 10029 has no location permission
2021-11-10 15:06:22.153 1680-1680/? D/HwConnectivityManagerImpl: getNetworkPolicyFlag flagStr null
2021-11-10 15:06:22.153 30393-30442/? W/Settings: Setting adb_enabled has moved from android.provider.Settings.Secure to android.provider.Settings.Global.
2021-11-10 15:06:22.156 1680-3273/? E/WifiPermissionsUtil: getUidPermission is DENIED and permissionType android.permission.ACCESS_FINE_LOCATIONuid 10029
2021-11-10 15:06:22.156 30393-30442/? I/NetworkKit_ConfigManager: pool-18-thread-1 -->NetworkKit_report_ha_0|null|com.huawei.hms.network.embedded.h0|b|44|ai_ipsort_switch, use the default value
2021-11-10 15:06:22.156 1680-3273/? E/WifiService: enforceCanAccessScanResults: hiding ssid and bssidUID 10029 has no location permission
2021-11-10 15:06:22.159 30393-30442/? W/Settings: Setting adb_enabled has moved from android.provider.Settings.Secure to android.provider.Settings.Global.
2021-11-10 15:06:22.163 30393-9965/? I/SecurityComp10105306: f: checkServerTrusted begin ,server ca chain size is : 2 ,auth type is : ECDHE_RSA
2021-11-10 15:06:22.164 30393-9965/? I/SecurityComp10105306: f: check server i : 0
2021-11-10 15:06:22.164 30393-9965/? I/SecurityComp10105306: f: client root ca size is : 138
2021-11-10 15:06:22.164 10429-10470/? E/HwGameAssistant-11.4.2.300-GameDataManager: appDataTss is null!
2021-11-10 15:06:22.166 10429-10470/? E/HwGameAssistant-11.4.2.300-BuoyDataManager: appDataTss is null!
2021-11-10 15:06:22.167 10429-10470/? I/HwGameAssistant-11.4.2.300-InstallPackageIntentReceiver: exitDelayed
2021-11-10 15:06:22.168 26711-27476/? D/QVS_SDK_TAG: install: DeepScan wait: 100
2021-11-10 15:06:22.168 26711-27476/? D/QVS_SDK_TAG: install: DeepScan init finished
2021-11-10 15:06:22.168 10429-10470/? I/HwGameAssistant-11.4.2.300-ReceiverController: onFinish:InstallPackageIntentReceiver
2021-11-10 15:06:22.168 26711-27476/? D/QVS_SDK_TAG: scanInstalledPackage()
2021-11-10 15:06:22.169 10429-10486/? E/HwGameAssistant-11.4.2.300-GameDataManager: HTTP-REQUEST access store Server failed: httpStatusCode = -2, exception = null
2021-11-10 15:06:22.170 26711-10488/? D/QVS_SDK_TAG: doSingleScan type:3 engine:6 param:com.shopwonder.jingzaoyd
2021-11-10 15:06:22.170 26711-10488/? I/qvs-i: se.ct
2021-11-10 15:06:22.170 26711-10488/? I/qvs-i: mc.reg
2021-11-10 15:06:22.170 26711-10488/? I/am: mc.init 1
2021-11-10 15:06:22.171 26711-10488/? I/qvs-i: se.it
2021-11-10 15:06:22.172 26711-10488/? I/chatty: uid=10170(com.huawei.securitypluginbase) Thread-70 identical 1 line
2021-11-10 15:06:22.173 26711-10488/? I/qvs-i: se.it
2021-11-10 15:06:22.173 26711-10488/? D/QVS_SDK_TAG: [56787472]Scan onReady
2021-11-10 15:06:22.173 26711-10488/? I/qvs-i: mc.reset
2021-11-10 15:06:22.174 10485-10485/? D/HiTraceC: entered HiTraceInit, Log Registered: 1
2021-11-10 15:06:22.176 1680-3273/? I/ActivityManager: Force stopping com.shopwonder.jingzaoyd appid=11832 user=0: from pid 10485by app
2021-11-10 15:06:22.177 1680-3273/? I/ActivityManager: Start to clean activity stack when force stop the app com.shopwonder.jingzaoyd , reason:from pid 10485by app
2021-11-10 15:06:22.178 1680-1747/? V/ActivityTaskManager: Activity idle: null
2021-11-10 15:06:22.181 1680-1680/? I/AlarmManager: UninstallReceiver onReceive action:android.intent.action.PACKAGE_RESTARTED
2021-11-10 15:06:22.182 30393-9965/? I/SecurityComp10105306: f: checkServerTrusted succeed ,root ca issuer is : CN=GlobalSign, O=GlobalSign, OU=GlobalSign Root CA - R3
2021-11-10 15:06:22.183 1680-1680/? D/HwBastetService: BroadcastReceiver android.intent.action.PACKAGE_RESTARTED
2021-11-10 15:06:22.183 1042-1066/? I/bastetd: [IBastetService ] onTransact# BnBastetService::onTransact, code=29, flags=17
2021-11-10 15:06:22.186 4314-4314/? E/NfcNci: NfcUtils error: APP do not have nfc permission
2021-11-10 15:06:22.186 4314-4314/? E/NfcNci: NfcUtils error: APP do not have nfc permission
2021-11-10 15:06:22.218 2672-3471/? I/nearby: CloseRangeProtocol:invalid model id
2021-11-10 15:06:22.226 10496-10496/? D/HiTraceC: entered HiTraceInit, Log Registered: 1
2021-11-10 15:06:22.227 1680-2133/? I/ActivityTaskManager: START u0 {act=android.intent.action.MAIN cat=[android.intent.category.LAUNCHER] flg=0x10000000 hwFlg=0x10 cmp=com.shopwonder.jingzaoyd/.ui.activity.SplashActivity} from uid 2000
2021-11-10 15:06:22.227 1680-2133/? I/HwActivityTaskManagerServiceEx: developer mode, not limit.
2021-11-10 15:06:22.227 1680-2133/? I/HWRME LIBHWRME_CLIENT: ResMngMmEvent interface arg 0, 11832
2021-11-10 15:06:22.227 1680-2133/? I/ActivityTaskManager: Background activity start for com.android.shell allowed because START_ACTIVITIES_FROM_BACKGROUND permission is granted
2021-11-10 15:06:22.228 1680-2133/? D/HwGameAssistantController: isGameForeground? false
2021-11-10 15:06:22.228 1680-2133/? I/ActivityTaskManager: ActivityRecord info: ActivityInfo{a3543a7 com.shopwonder.jingzaoyd.ui.activity.SplashActivity}
2021-11-10 15:06:22.228 1680-2133/? D/ActivityTaskManager: TaskLaunchParamsModifier:task=null activity=ActivityRecord{a396705 u0 com.shopwonder.jingzaoyd/.ui.activity.SplashActivity t-1} display-id=0 display-windowing-mode=1
2021-11-10 15:06:22.228 1680-2133/? D/ActivityTaskManager: TaskLaunchParamsModifier:task=null activity=ActivityRecord{a396705 u0 com.shopwonder.jingzaoyd/.ui.activity.SplashActivity t-1} display-id=0 display-windowing-mode=1 inherit-fullscreen non-freeform-display
2021-11-10 15:06:22.228 1680-2133/? D/ActivityTaskManager: pinned windowing mode is false  pad mirror cast is  false
2021-11-10 15:06:22.228 1071-1115/? D/AwareLog: iawared: WorkingsetProcessCommand subCmd = 354, userId=11832, pid=0, com.shopwonder.jingzaoyd
2021-11-10 15:06:22.228 1071-1115/? D/AwareLog: iawared: WorkingsetSendPrereadMsg com.shopwonder.jingzaoyd
2021-11-10 15:06:22.229 1071-1115/? D/AwareLog: iawared: WorkingsetStart com.shopwonder.jingzaoyd in monitor0
2021-11-10 15:06:22.229 1680-2133/? V/ActivityTaskManager: addChild: attaching stackId=68 to displayId=0 position=1
2021-11-10 15:06:22.229 1680-2133/? V/ActivityTaskManager: positionChild stackId=68 to top.
2021-11-10 15:06:22.230 1680-2133/? D/ActivityTaskManager: TaskLaunchParamsModifier:task=TaskRecord{a7b4cc7 #316 A=11832:com.shopwonder.jingzaoyd U=0 StackId=68 sz=0} activity=ActivityRecord{a396705 u0 com.shopwonder.jingzaoyd/.ui.activity.SplashActivity t-1} display-from-task=0 display-id=0 display-windowing-mode=1 inherit-fullscreen non-freeform-display
2021-11-10 15:06:22.230 1680-2133/? V/ActivityTaskManager: positionChild stackId=68 to top.
2021-11-10 15:06:22.231 1680-2133/? I/WindowManager: addWindowToken: displayid:0 binder:Token{a3742bd ActivityRecord{a396705 u0 com.shopwonder.jingzaoyd/.ui.activity.SplashActivity t316}} token:AppWindowToken{a88a441 token=Token{a3742bd ActivityRecord{a396705 u0 com.shopwonder.jingzaoyd/.ui.activity.SplashActivity t316}}}
2021-11-10 15:06:22.232 1680-2133/? V/ActivityTaskManager: addAppToken: AppWindowToken{a88a441 token=Token{a3742bd ActivityRecord{a396705 u0 com.shopwonder.jingzaoyd/.ui.activity.SplashActivity t316}}} task={taskId=316 appTokens=[] mdr=false} at 2147483647
2021-11-10 15:06:22.233 1680-2133/? I/ActivityTaskManager: setAppStartingWindow: token=Token{a3742bd ActivityRecord{a396705 u0 com.shopwonder.jingzaoyd/.ui.activity.SplashActivity t316}} pkg=com.shopwonder.jingzaoyd transferFrom=null newTask=true taskSwitch=true processRunning=false allowTaskSnapshot=true activityCreated=false LowRamTaskSnapshots=false
2021-11-10 15:06:22.233 2570-5631/? I/HiAdKit.DC.PageSwitchMonitor:  call
2021-11-10 15:06:22.234 2526-3919/? E/DollieActivityManagerAdapter: HwActivityNotifierEx null uid
2021-11-10 15:06:22.234 1680-1757/? I/HwAudioServiceEx: ComponentInfo : className = com.shopwonder.jingzaoyd.ui.activity.SplashActivity, flag = showStartingWindow, isHomeActivity = , isTop = false
2021-11-10 15:06:22.234 1680-1757/? I/HwAudioServiceEx: not onResume or onPause
2021-11-10 15:06:22.235 4332-4383/? W/ContentSensor_FrameworkRegistry: Unknown state is : showStartingWindow
2021-11-10 15:06:22.236 2526-2526/? I/HwCoreAppHelperService: LocalReceiver receives:android.intent.action.PACKAGE_RESTARTED,pkg:com.shopwonder.jingzaoyd,uid:11832
2021-11-10 15:06:22.239 1680-1748/? E/system_server: Invalid ID 0x00000000.
2021-11-10 15:06:22.239 2775-2775/? E/RtgSchedManager: endActivityTransaction: margin state not match
2021-11-10 15:06:22.239 1680-1748/? I/DecorView[wondercorefit]: pkgName:com.shopwonder.jingzaoyd old windowMode:0 new windoMode:1, isFixedSize:false
2021-11-10 15:06:22.240 1680-1748/? D/MouseWheelSynthesizer: mMoveStepInDp: 64, mMoveStepInPixel: 192, mUpTimeDelayed: 100
2021-11-10 15:06:22.240 1680-1748/? D/ViewRootImpl: ViewRootImpl mIsInProductivePCDisplay: false
2021-11-10 15:06:22.240 1680-1748/? I/HwPCUtils#HwRioViewManager: check if rio enable, displayId = 0ï¼Œ packageName = com.shopwonder.jingzaoyd
2021-11-10 15:06:22.241 1680-1747/? V/ActivityManager: startProcess: name=com.shopwonder.jingzaoyd:ble app=null knownToBeDead=false thread=null pid=-1 preloadStatus=-1
2021-11-10 15:06:22.241 1680-3273/? I/HwDisplayRotationEx: swingRotationForSensor desireRotation 0 swingRotation 0 sensorRotation 0 lastRotation 0
2021-11-10 15:06:22.241 1680-3273/? I/HwWindowManagerServiceEx: setLandAnimationInfo : false
2021-11-10 15:06:22.243 1680-1757/? I/HwAudioServiceEx: ComponentInfo : className = com.huawei.android.launcher.unihome.UniHomeLauncher, flag = onPause, isHomeActivity = , isTop = false
2021-11-10 15:06:22.243 1680-2251/? W/HwAudioServiceEx: SoundEffectState bundle get reserved is invalid
2021-11-10 15:06:22.243 1680-2251/? I/HwAudioServiceEx: sendAppKilledIntentForKit, isKitPackageOnPause = false, isKitPackageKill = false, isKitPackageOnResume = false
2021-11-10 15:06:22.243 2526-2940/? D/DollieActivityManagerAdapter: [Paused] pid:2775 uid:10075 ComponentInfo{com.huawei.android.launcher/com.huawei.android.launcher.unihome.UniHomeLauncher} uidState:2
2021-11-10 15:06:22.243 2570-5631/? I/HiAdKit.DC.PageSwitchMonitor:  call
2021-11-10 15:06:22.243 2775-2775/? E/RtgSchedManager: endActivityTransaction: margin state not match
2021-11-10 15:06:22.244 1680-1748/? I/WindowManager: addWindow: Window{a462899 u0 Splash Screen com.shopwonder.jingzaoyd} client:android.view.ViewRootImpl$W@a8bcf2b currentDisplayId:0 requestDisplayId:0 token:Token{a3742bd ActivityRecord{a396705 u0 com.shopwonder.jingzaoyd/.ui.activity.SplashActivity t316}}
2021-11-10 15:06:22.244 1680-1748/? D/InputEventReceiver: dispatchInputInterval 1000000
2021-11-10 15:06:22.245 1071-1115/? D/AwareLog: iawared: WorkingsetProcessCommand subCmd = 354, userId=11832, pid=0, com.shopwonder.jingzaoyd
2021-11-10 15:06:22.245 1071-1115/? D/AwareLog: iawared: WorkingsetStart com.shopwonder.jingzaoyd in monitor0
2021-11-10 15:06:22.249 1680-1747/? V/ActivityManager: startProcess: name=com.shopwonder.jingzaoyd:ble app=ProcessRecord{a3b73ad 0:com.shopwonder.jingzaoyd:ble/u0a1832} knownToBeDead=false thread=null pid=0 preloadStatus=0
2021-11-10 15:06:22.251 1680-10503/? I/PackageManager: Returning preferred activity: com.huawei.android.launcher/com.huawei.android.launcher.unihome.UniHomeLauncher
2021-11-10 15:06:22.251 1680-10503/? I/PackageManager: choose best activity: com.huawei.android.launcher, com.huawei.android.launcher.unihome.UniHomeLauncher
2021-11-10 15:06:22.251 1680-10503/? D/HiTouch_PressGestureDetector: onAttached, package=com.shopwonder.jingzaoyd, windowType=3, mIsHiTouchRestricted=false
2021-11-10 15:06:22.252 695-695/? D/Zygote: Forked child process 10504
2021-11-10 15:06:22.253 1680-1748/? I/WindowManager: Changing focus from Window{a07e929 u0 com.huawei.android.launcher/com.huawei.android.launcher.unihome.UniHomeLauncher} to null displayId=0 Callers=com.android.server.wm.RootWindowContainer.updateFocusedWindowLocked:6659068 com.android.server.wm.WindowManagerService.updateFocusedWindowLocked:6658544 com.android.server.wm.WindowManagerService.relayoutWindow:6261908 com.android.server.wm.Session.relayout:6266604 
2021-11-10 15:06:22.253 1680-1748/? I/HwDisplayContentEx: currentFocus windowstate null
2021-11-10 15:06:22.253 1680-1748/? D/ZrHung.AppEyeFocusWindow: FocusWindowErrorScene CheckFreezeScreen
2021-11-10 15:06:22.253 1680-1748/? D/ZrHung.AppEyeTransparentWindow: TransparentWindow cancelCheckFreezeScreen
2021-11-10 15:06:22.254 1680-1747/? V/ActivityTaskManager: Activity idle: null
2021-11-10 15:06:22.254 1680-1747/? V/ActivityTaskManager: Stopping ActivityRecord{a70bcc6 u0 com.huawei.android.launcher/.unihome.UniHomeLauncher t1}: nowVisible=false animating=true finishing=false
2021-11-10 15:06:22.254 1680-1765/? I/ActivityManager: Start proc 10504:com.shopwonder.jingzaoyd:ble/u0a1832 for activity {com.shopwonder.jingzaoyd/com.shopwonder.jingzaoyd.ui.activity.SplashActivity}
2021-11-10 15:06:22.254 2775-2775/? D/DecorView: showOrHideHighlightView: hasFocus=false; winMode=1; isMrgNull=true
2021-11-10 15:06:22.254 1071-1115/? D/AwareLog: iawared: WorkingsetProcessCommand subCmd = 350, userId=11832, pid=10504, com.shopwonder.jingzaoyd
2021-11-10 15:06:22.256 1071-1115/? D/AwareLog: iawared: WorkingsetStart com.shopwonder.jingzaoyd in monitor0
2021-11-10 15:06:22.261 1680-1748/? I/WindowManager: performshow Window{a462899 u0 Splash Screen com.shopwonder.jingzaoyd} tok.waitingToShow=true isTransitionSet=true parentHidden=false vis=0 tok.hidden=true hasSurface=true policyVis=true destroying=false animating=true
2021-11-10 15:06:22.261 1680-1748/? D/InputEventReceiver: dispatchInputInterval 1000000
2021-11-10 15:06:22.261 1680-1748/? I/chatty: uid=1000(system) android.anim identical 1 line
2021-11-10 15:06:22.261 1680-1748/? D/InputEventReceiver: dispatchInputInterval 1000000
2021-11-10 15:06:22.261 10504-10504/? I/ndercorefit:bl: Late-enabling -Xcheck:jni
2021-11-10 15:06:22.262 1680-1748/? D/InputEventReceiver: dispatchInputInterval 1000000
2021-11-10 15:06:22.262 780-14221/? D/AudioPolicyService: getUidState(11832) !cacheIter->second.first, return PROCESS_STATE_UNKNOWN
2021-11-10 15:06:22.263 1680-3280/? D/HwConnectivityServiceEx: set 10170 NULL value false
2021-11-10 15:06:22.263 1680-1748/? I/WindowManager: dispatchResized : win = Window{a462899 u0 Splash Screen com.shopwonder.jingzaoyd} drawState = READY_TO_SHOW
2021-11-10 15:06:22.262 780-14221/? D/AudioPolicyService: getUidState(11832) !cacheIter->second.first, return PROCESS_STATE_UNKNOWN
2021-11-10 15:06:22.265 693-1234/? W//system/bin/netd: A binder object at 0x703a6936c0 is being transacted on, however, this object is in the same process as its proxy. Transacting with this binder is expensive compared to just calling the corresponding functionality in the same process.
2021-11-10 15:06:22.265 693-1234/? I/PreDnsController: CanPreDnsQuery,persist.sys.predns is false!
2021-11-10 15:06:22.271 26636-26707/? W/Settings: Setting adb_enabled has moved from android.provider.Settings.Secure to android.provider.Settings.Global.
2021-11-10 15:06:22.272 26711-10489/? D/QVS_SDK_TAG: [56787472]Scan Process
2021-11-10 15:06:22.277 693-1234/? W//system/bin/netd: A binder object at 0x703a6936c0 is being transacted on, however, this object is in the same process as its proxy. Transacting with this binder is expensive compared to just calling the corresponding functionality in the same process.
2021-11-10 15:06:22.277 693-1234/? I/PreDnsController: CanPreDnsQuery,persist.sys.predns is false!
2021-11-10 15:06:22.279 2742-2742/? D/CarrierSvcBindHelper: No carrier app for: 0
2021-11-10 15:06:22.279 2742-2742/? D/CarrierSvcBindHelper: No carrier app for: 1
2021-11-10 15:06:22.287 10504-10504/? E/libc: Access denied finding property "persist.device_config.runtime_native.use_app_image_startup_cache"
2021-11-10 15:06:22.287 10504-10504/? E/ndercorefit:bl: LoadAppImageStartupCache enabled : 1
2021-11-10 15:06:22.287 10504-10504/? E/ndercorefit:bl: Unknown bits set in runtime_flags: 0x8000
2021-11-10 15:06:22.282 10504-10504/? W/ndercorefit:bl: type=1400 audit(0.0:12542): avc: denied { read } for pid=10504 name="u:object_r:device_config_runtime_native_prop:s0" dev="tmpfs" ino=17176 scontext=u:r:untrusted_app:s0:c40,c263,c512,c768 tcontext=u:object_r:device_config_runtime_native_prop:s0 tclass=file permissive=0
2021-11-10 15:06:22.288 10504-10504/? I/ndercorefit:bl: Reinit property: dalvik.vm.checkjni= false
2021-11-10 15:06:22.288 10504-10504/? I/ndercorefit:bl: ReInitProperties: persist.vm.debug.dumpapi= false
2021-11-10 15:06:22.289 1680-1680/? D/HwConnectivityManagerImpl: getNetworkPolicyFlag flagStr null
2021-11-10 15:06:22.290 1680-1680/? D/HwConnectivityManagerImpl: getNetworkPolicyFlag flagStr null
2021-11-10 15:06:22.294 30393-9965/? I/HianalyticsSDK: [2021-11-10 15:06:22.294 I/null/HianalyticsSDK 30393:2684 null:4] events PostRequest sendevent TYPE : oper, TAG : _default_config_tag, resultCode: 200 ,reqID:c8001a5610c04a6da832c5ebc6e9e143
2021-11-10 15:06:22.299 10504-10504/com.shopwonder.jingzaoyd D/ActivityThread: Attach thread to application
2021-11-10 15:06:22.301 1680-3273/? I/HwDisplayRotationEx: swingRotationForSensor desireRotation 0 swingRotation 0 sensorRotation 0 lastRotation 0
2021-11-10 15:06:22.301 1680-3273/? I/HwWindowManagerServiceEx: setLandAnimationInfo : false
2021-11-10 15:06:22.301 1680-3273/? I/WindowManager: performshow Window{a462899 u0 Splash Screen com.shopwonder.jingzaoyd} tok.waitingToShow=true isTransitionSet=true parentHidden=false vis=0 tok.hidden=true hasSurface=true policyVis=true destroying=false animating=true
2021-11-10 15:06:22.303 1680-3273/? W/HwActivityTaskManagerServiceEx: appSwitch from: com.huawei.android.launcher to: com.shopwonder.jingzaoyd
2021-11-10 15:06:22.303 1680-1757/? I/HwSwingFaceRotationHub: TopAppCallBack,pkg=com.shopwonder.jingzaoyd ,isGameOrNavi: false,isLastGameOrNavi:false
2021-11-10 15:06:22.304 2526-3919/? I/AssistantService-11.2.1.200: registerHwActivityNotifier call fromPackage:com.huawei.android.launcher, toPackage:com.shopwonder.jingzaoyd
2021-11-10 15:06:22.304 2526-7545/? I/Hicom_Monitor: mAppSwitchNotifierEx. uid: 11832, foreground app: com.shopwonder.jingzaoyd, foreground activity: com.shopwonder.jingzaoyd.ui.activity.SplashActivity
2021-11-10 15:06:22.304 2896-13652/? I/HiAdKit.AppSwitchMonitor:  call
2021-11-10 15:06:22.304 1680-2325/? I/WiFi_PRO_WifiProStateMachine: current app com.shopwonder.jingzaoyd, has changed
2021-11-10 15:06:22.304 1680-2325/? I/WiFi_PRO_WifiProStateMachine: not in RecommendWifi2CellState.
2021-11-10 15:06:22.304 2570-5631/? I/HiAdKit.DC.AppSwitchMonitor:  call
2021-11-10 15:06:22.305 1680-1758/? D/HwGameAssistantController: UPDATE: mCurFgPkg=com.shopwonder.jingzaoyd, mCurFgPid=10504, mIsCurGame=false
2021-11-10 15:06:22.305 2526-4714/? D/AssistantService-11.2.1.200: handleMessage app switch fromPackage:com.huawei.android.launcher, toPackage:com.shopwonder.jingzaoyd
2021-11-10 15:06:22.306 1680-3273/? I/TaskSnapshot: taskId:315 Callers=com.android.server.wm.TaskSnapshotCache.removeRunningEntry:5300036 com.android.server.wm.TaskSnapshotCache.onTaskRemoved:4727288 com.android.server.wm.TaskSnapshotController.notifyTaskRemovedFromRecents:4727756 com.android.server.wm.WindowManagerService.notifyTaskRemovedFromRecents:4729108 com.android.server.wm.TaskRecord.removedFromRecents:4741360 com.android.server.wm.ActivityStackSupervisor.onRecentTaskRemoved:4737484 com.android.server.wm.RecentTasks.notifyTaskRemoved:4737756 com.android.server.wm.RecentTasks.removeForAddTask:4351336 
2021-11-10 15:06:22.306 907-2212/? I/aptouch_daemon: get_cmd, power_time
2021-11-10 15:06:22.306 907-2212/? I/aptouch_daemon: excute_cmd_end, cmd: power_time.
2021-11-10 15:06:22.306 766-766/? I/aptouch_daemon, [aptouch_interface_client]: ret = ap:core:active:756516+idle:9697390#side:active:756516+idle:9691200#
2021-11-10 15:06:22.307 2526-7545/? D/SmartcareProc: onForegroundAppChanged, pkgName:com.shopwonder.jingzaoyd, uid: 11832
2021-11-10 15:06:22.307 2526-7545/? D/SmartcareProc: handlerAppForeground not match
2021-11-10 15:06:22.307 2526-7545/? W/FiControl: Failed to find configuration for com.shopwonder.jingzaoyd
2021-11-10 15:06:22.307 2526-3508/? I/Hicom_XEngineProc: handleForegroundAppChanged pkgName = com.shopwonder.jingzaoyd
2021-11-10 15:06:22.307 2526-3508/? I/Hicom_XEngineProc: handleForegroundAppChanged. app is not in game space
2021-11-10 15:06:22.307 2720-3314/? D/ScenarioService: front pkg : com.shopwonder.jingzaoyd launcher: false
2021-11-10 15:06:22.307 2720-3314/? D/ScenarioService: new above launcher front pkgs: [com.shopwonder.jingzaoyd]
2021-11-10 15:06:22.307 2720-3314/? I/AppsUsage: scnOff:false FgAPP:com.shopwonder.jingzaoyd BgAPP:com.huawei.android.launcher
2021-11-10 15:06:22.308 2570-9789/? I/HiAdKit.DC.PersistentMessageCenter:  notifyMessage com.huawei.hwid_app_switch_from_to_intent
2021-11-10 15:06:22.308 2720-3544/? I/PG_ash: front pkg : com.shopwonder.jingzaoyd
2021-11-10 15:06:22.308 2720-3670/? I/PGServer: report state:10010 event type:2 pid:0 uid:0 pkg:com.huawei.android.launcher to pid: 2720
2021-11-10 15:06:22.308 2720-3670/? I/SceneReceiver: state type: 10010 eventType:2 pid:0 uid:0 pkg:com.huawei.android.launcher
2021-11-10 15:06:22.308 2720-3670/? I/PGServer: report state:10010 event type:2 pid:0 uid:0 pkg:com.huawei.android.launcher to pid: 2526
2021-11-10 15:06:22.308 2720-3670/? I/PGServer: report state:10010 event type:2 pid:0 uid:0 pkg:com.huawei.android.launcher to pid: 1680
2021-11-10 15:06:22.308 2720-3670/? I/PGServer: report state:10000 event type:1 pid:0 uid:0 pkg:com.shopwonder.jingzaoyd to pid: 2720
2021-11-10 15:06:22.308 2720-3670/? I/SceneReceiver: state type: 10000 eventType:1 pid:0 uid:0 pkg:com.shopwonder.jingzaoyd
2021-11-10 15:06:22.308 2720-3670/? I/ApsAppsTypeHandler: APS: APK: ApsAppsTypeHandler.getInstance, sInstance = com.huawei.android.hwaps.o@b16f2d0
2021-11-10 15:06:22.309 2896-9881/? I/HiAdKit.KitStatisticsReport:  do not report kit daily active
2021-11-10 15:06:22.309 2720-7361/? I/PGServer: checkPkgType. calling pkg: com.huawei.iaware
2021-11-10 15:06:22.309 2526-7545/? I/Hicom_MessageServ: sendMessageInternal: MESSAGE_FOREGROUND_ACTIVITY_CHANGED
2021-11-10 15:06:22.309 2526-3508/? I/Hicom_AppLifeCycle: sAppAllSocketClosed NOT contain: 10075
2021-11-10 15:06:22.309 2526-3508/? D/Hicom_PolicyCenter: last app not enabled
2021-11-10 15:06:22.309 2526-3508/? I/Hicom_PolicyCenter: mCurrentForegroundUid is not policy exist
2021-11-10 15:06:22.309 2526-3508/? I/Hicom_PolicyCenter: handleForegroundAppChanged. curPkgName: com.shopwonder.jingzaoyd, lastPkgName: com.huawei.android.launcher, curPkgUid: 11832, lastPkgUid: 10075
2021-11-10 15:06:22.309 2526-3508/? I/Hicom_NearMpAptDecisionSystem: curApp and lastApp enabled status is the same
2021-11-10 15:06:22.309 2526-3508/? I/Hicom_MessageServ: handleMessage: MESSAGE_FOREGROUND_ACTIVITY_CHANGED, distributing for + 3 handlers
2021-11-10 15:06:22.312 1680-1748/? I/WindowManager: performshow Window{a462899 u0 Splash Screen com.shopwonder.jingzaoyd} tok.waitingToShow=true isTransitionSet=true parentHidden=false vis=0 tok.hidden=true hasSurface=true policyVis=true destroying=false animating=true
2021-11-10 15:06:22.312 2720-7361/? W/ContextImpl: Calling a method in the system process without a qualified user: android.app.ContextImpl.sendBroadcast:1183 android.content.ContextWrapper.sendBroadcast:453 com.huawei.iaware.userhabit.recog.NRTAppTypeRecogManager.reportAppTypeUpdate:814 com.huawei.iaware.userhabit.recog.NRTAppTypeRecogManager.addAppType:475 com.huawei.iaware.userhabit.recog.NRTAppTypeRecogManager.recoAppType:182 
2021-11-10 15:06:22.312 1680-3273/? W/ActivityManager: Sending non-protected broadcast huawei.intent.action.APP_TYPE_UPDATE from system 2720:com.huawei.iaware/1000 pkg com.huawei.powergenie
2021-11-10 15:06:22.312 1680-3273/? W/ActivityManager: Sending non-protected broadcast huawei.intent.action.APP_TYPE_UPDATE from system 2720:com.huawei.iaware/1000 pkg com.huawei.powergenie
2021-11-10 15:06:22.312 2720-7361/? I/PGServer: checkPkgType. calling pkg: com.huawei.iaware
2021-11-10 15:06:22.313 780-5583/? D/AudioFlinger: setParameters(): io 0, keyvalue updateAppEQLowPowerParams=3:11832:0, calling pid 2720 calling uid 1000
2021-11-10 15:06:22.313 759-877/? I/AudioModuleManager: [AudioModuleSetParameters:51]: list size: 11
2021-11-10 15:06:22.314 10504-10531/com.shopwonder.jingzaoyd I/ActivityThread: Init compatible state: true
2021-11-10 15:06:22.314 2720-2720/? I/ApsAppsTypeHandler: APS: APK: ApsAppsTypeHandler.getInstance, sInstance = com.huawei.android.hwaps.o@b16f2d0
2021-11-10 15:06:22.314 780-5583/? D/AudioFlinger: setParameters(): io 0, keyvalue updateAppLowPowerParams=3:11832:100, calling pid 2720 calling uid 1000
2021-11-10 15:06:22.314 1680-1748/? I/WindowManager: Checking 1 opening apps (frozen=false timeout=false)...
2021-11-10 15:06:22.314 1680-1748/? I/WindowManager: Check opening app=AppWindowToken{a88a441 token=Token{a3742bd ActivityRecord{a396705 u0 com.shopwonder.jingzaoyd/.ui.activity.SplashActivity t316}}}: allDrawn=false startingDisplayed=true startingMoved=false isRelaunching()=false startingWindow=Window{a462899 u0 Splash Screen com.shopwonder.jingzaoyd}
2021-11-10 15:06:22.314 1680-1748/? I/WindowManager: Checking 0 opening apps (frozen=false timeout=false)...
2021-11-10 15:06:22.314 759-877/? I/AudioModuleManager: [AudioModuleSetParameters:51]: list size: 11
2021-11-10 15:06:22.314 10504-10531/com.shopwonder.jingzaoyd D/HwFrameworkSecurityPartsFactory: HwFrameworkSecurityPartsFactory in.
2021-11-10 15:06:22.315 10504-10531/com.shopwonder.jingzaoyd I/HwFrameworkSecurityPartsFactory: add HwFrameworkSecurityPartsFactory to memory.
2021-11-10 15:06:22.315 1680-1748/? I/WindowManager: send SET_LAUNCHER_VISIBLE_IN_FINGER_BOOST visible: true,delay:0, handle:true, userId:0, callingPid: 1680
2021-11-10 15:06:22.315 1680-1748/? D/WindowManager: setActivityVisibleInFingerBoostInner fit:true record:ActivityRecord{a70bcc6 u0 com.huawei.android.launcher/.unihome.UniHomeLauncher t1} isInWallpaperEffect:false, callingPid: 1680
2021-11-10 15:06:22.315 1680-1748/? I/HwWindowManagerServiceEx: closing apps count = 1
2021-11-10 15:06:22.315 2720-3670/? I/PGServer: report state:10000 event type:1 pid:0 uid:0 pkg:com.shopwonder.jingzaoyd to pid: 2526
2021-11-10 15:06:22.315 10504-10531/com.shopwonder.jingzaoyd D/BehaviorCollectManager: hook process for AI virus second
2021-11-10 15:06:22.315 2720-3670/? I/PGServer: report state:10000 event type:1 pid:0 uid:0 pkg:com.shopwonder.jingzaoyd to pid: 1680
2021-11-10 15:06:22.315 2720-7679/? I/PGServer: checkPkgType. calling pkg: android
2021-11-10 15:06:22.315 1680-3273/? I/DE J DES: [effect] Pg pkg:com.shopwonder.jingzaoyd
2021-11-10 15:06:22.315 1680-1748/? D/HwWindowManagerServiceEx: is app exit to launcher info: transit = 12, app = AppWindowToken{a6b4a79 token=Token{a71179e ActivityRecord{a70bcc6 u0 com.huawei.android.launcher/.unihome.UniHomeLauncher t1}}}, window = Window{a07e929 u0 com.huawei.android.launcher/com.huawei.android.launcher.unihome.UniHomeLauncher}, mClosingApps = {AppWindowToken{a6b4a79 token=Token{a71179e ActivityRecord{a70bcc6 u0 com.huawei.android.launcher/.unihome.UniHomeLauncher t1}}}}, topOpeningApp = AppWindowToken{a88a441 token=Token{a3742bd ActivityRecord{a396705 u0 com.shopwonder.jingzaoyd/.ui.activity.SplashActivity t316}}}, mExitIconBitmap = null, mExitIconHeight = -1, mExitIconWidth = -1
2021-11-10 15:06:22.315 1680-1748/? E/WindowManager: icon is null!!
2021-11-10 15:06:22.315 2720-7361/? I/PGServer: getTopFrontApp. calling pkg: android
2021-11-10 15:06:22.316 10504-10531/com.shopwonder.jingzaoyd I/BehaviorCollectManager: bindAnalyzerService: huawei.android.security.IAppBehaviorDataAnalyzer$Stub$Proxy@38977cc pid:10504
2021-11-10 15:06:22.317 1680-1748/? V/WindowManager: commitVisibility: AppWindowToken{a6b4a79 token=Token{a71179e ActivityRecord{a70bcc6 u0 com.huawei.android.launcher/.unihome.UniHomeLauncher t1}}}: hidden=true hiddenRequested=true
2021-11-10 15:06:22.317 1680-1748/? E/WindowManager: icon is null!!
2021-11-10 15:06:22.318 1680-1748/? D/HwWindowManagerServiceEx: is app exit to launcher info: transit = 12, app = AppWindowToken{a88a441 token=Token{a3742bd ActivityRecord{a396705 u0 com.shopwonder.jingzaoyd/.ui.activity.SplashActivity t316}}}, window = null, mClosingApps = {AppWindowToken{a6b4a79 token=Token{a71179e ActivityRecord{a70bcc6 u0 com.huawei.android.launcher/.unihome.UniHomeLauncher t1}}}}, topOpeningApp = AppWindowToken{a88a441 token=Token{a3742bd ActivityRecord{a396705 u0 com.shopwonder.jingzaoyd/.ui.activity.SplashActivity t316}}}, mExitIconBitmap = null, mExitIconHeight = -1, mExitIconWidth = -1
2021-11-10 15:06:22.318 1680-1748/? D/HwWindowManagerServiceEx: getCrossAppTransitAnimRoundCornerRadius radius 96.0
2021-11-10 15:06:22.319 1680-1748/? V/WindowManager: commitVisibility: AppWindowToken{a88a441 token=Token{a3742bd ActivityRecord{a396705 u0 com.shopwonder.jingzaoyd/.ui.activity.SplashActivity t316}}}: hidden=false hiddenRequested=false
2021-11-10 15:06:22.322 2397-2397/? I/PanelView1: notifyBarPanelExpansionChanged isPanelVisibleBecauseOfHeadsUp=false,mInstantExpanding=false,mTracking=false
2021-11-10 15:06:22.322 2397-2397/? I/PanelView2: notifyBarPanelExpansionChanged mPeekAnimator is non null?false,mHeightAnimator is non null?false
2021-11-10 15:06:22.322 2397-2397/? I/HwCtrlCtr: ControlCenterImpl: release control blur image!
2021-11-10 15:06:22.322 2397-2397/? I/PanelView1: notifyBarPanelExpansionChanged isPanelVisibleBecauseOfHeadsUp=false,mInstantExpanding=false,mTracking=false
2021-11-10 15:06:22.322 2397-2397/? I/PanelView2: notifyBarPanelExpansionChanged mPeekAnimator is non null?false,mHeightAnimator is non null?false
2021-11-10 15:06:22.322 2397-2397/? I/HwCtrlCtr: ControlCenterImpl: release control blur image!
2021-11-10 15:06:22.322 1680-1745/? D/StatusBarManagerService: win:Window{a462899 u0 Splash Screen com.shopwonder.jingzaoyd}mIsColorEnable:truelight:false
2021-11-10 15:06:22.322 1680-1745/? I/StatusBarDisable: setFlags what=0 which=1 pkg=Window{a462899 u0 Splash Screen com.shopwonder.jingzaoyd}
2021-11-10 15:06:22.322 2397-13590/? D/HwCommandQueue: CommandQueue, set Launcher StatusBar Color
2021-11-10 15:06:22.323 2397-2397/? D/BarTransitions.HwPhoneStatusBarView: MODE_TRANSPARENT -> MODE_OPAQUE animate=false
2021-11-10 15:06:22.323 2397-2397/? D/BarTransitions.HwPhoneStatusBarView: applyModeBackground oldMode=MODE_TRANSPARENT newMode=MODE_OPAQUE animate=false
2021-11-10 15:06:22.323 10504-10504/com.shopwonder.jingzaoyd D/ApplicationLoaders: createClassLoader zip: /data/app/com.shopwonder.jingzaoyd-Qk7oHoZz1WzX5nDyJODBag==/base.apk librarySearchPath: /data/app/com.shopwonder.jingzaoyd-Qk7oHoZz1WzX5nDyJODBag==/lib/arm:/data/app/com.shopwonder.jingzaoyd-Qk7oHoZz1WzX5nDyJODBag==/base.apk!/lib/armeabi-v7a libraryPermittedPath: /data/user/0/com.shopwonder.jingzaoyd parent: java.lang.BootClassLoader@bbcb6d6 targetSdkVersion: 29 isBundled: false classLoaderName: null sharedLibraries: null
2021-11-10 15:06:22.326 2720-3314/? I/ScenarioService: app focus change from: com.huawei.android.launcher to:com.shopwonder.jingzaoyd
2021-11-10 15:06:22.326 2720-3314/? I/ScenarioService: add focus on app:com.shopwonder.jingzaoyd to visiblePkgs
2021-11-10 15:06:22.329 2526-3508/? I/Hicom_Monitor: notifyAppStarted: uid = 11832
2021-11-10 15:06:22.329 2526-3508/? E/Hicom_AbmConfigParser: getAbmSwitchStatus, appPackageName in map is JAD
2021-11-10 15:06:22.329 2526-3508/? E/Hicom_AbmConfigParser: getAbmSwitchStatus, appPackageName in map is NOP
2021-11-10 15:06:22.329 2526-3508/? E/Hicom_AbmConfigParser: getAbmSwitchStatus, appPackageName in map is NOH
2021-11-10 15:06:22.329 2526-3508/? E/Hicom_AbmConfigParser: getAbmSwitchStatus, appPackageName in map is OCE
2021-11-10 15:06:22.329 2526-3508/? E/Hicom_AbmConfigParser: getAbmSwitchStatus, appPackageName in map is BRQ
2021-11-10 15:06:22.329 2526-3508/? E/Hicom_AbmConfigParser: getAbmSwitchStatus, appPackageName in map is ANG
2021-11-10 15:06:22.329 2526-3508/? E/Hicom_AbmConfigParser: getAbmSwitchStatus, appPackageName in map is ELS
2021-11-10 15:06:22.329 2526-3508/? E/Hicom_AbmConfigParser: getAbmSwitchStatus, appPackageName in map is ANA
2021-11-10 15:06:22.329 2526-3508/? E/Hicom_AbmConfigParser: getAbmSwitchStatus, appPackageName in map is TAH
2021-11-10 15:06:22.329 2526-3508/? E/Hicom_AbmConfigParser: getAbmSwitchStatus, appPackageName in map is LIO
2021-11-10 15:06:22.329 2526-3508/? E/Hicom_AbmConfigParser: getAbmSwitchStatus, appPackageName in map is TAS
2021-11-10 15:06:22.329 2526-3508/? E/Hicom_AbmConfigParser: getAbmSwitchStatus, appPackageName is not in map
2021-11-10 15:06:22.329 2526-3508/? I/UctpAppMonitor: handleAppStarted: pkgName is com.shopwonder.jingzaoyd mIsNeedToOpen is false
2021-11-10 15:06:22.329 2526-3508/? I/Hicom_MessageServ: sendMessageInternal: MESSAGE_APP_STARTED
2021-11-10 15:06:22.329 2526-3508/? I/AppStatisticProc: handleAppStarted: pkgName = com.shopwonder.jingzaoyd is not apk supported in Smartcare
2021-11-10 15:06:22.329 2526-3508/? I/Hicom_MessageServ: handleMessage: MESSAGE_APP_STARTED, distributing for + 1 handlers
2021-11-10 15:06:22.329 2526-3508/? I/Hicom_PolicyCenterCoreService: callRelateHandler: MESSAGE_APP_STARTED, distributing...
2021-11-10 15:06:22.329 2526-3508/? I/Hicom_PolicyCenterBaseSystem: handleAppStartedBase: class name: com.huawei.systemserver.emcom.policycenter.policycenterservice.decisionsystem.MpAptDecisionSystem
2021-11-10 15:06:22.329 2526-3508/? D/Hicom_PolicyCenterBaseSystem: checkMpInfoValid. multipathPolicy is null for: com.shopwonder.jingzaoyd
2021-11-10 15:06:22.329 2526-3508/? I/Hicom_PolicyCenterBaseSystem: handleAppStartedBase: class name: com.huawei.systemserver.emcom.policycenter.policycenterservice.decisionsystem.NearMpAptDecisionSystem
2021-11-10 15:06:22.329 2526-3508/? E/Hicom_XEngineProc: isSupportNearMp. switch disabled
2021-11-10 15:06:22.329 2526-3508/? I/Hicom_MessageServ: sendMessageInternal: null
2021-11-10 15:06:22.329 2526-3508/? I/Hicom_PolicyCenterBaseSystem: handleAppStartedBase: class name: com.huawei.systemserver.emcom.policycenter.policycenterservice.decisionsystem.MpFlowDecisionSystem
2021-11-10 15:06:22.329 2526-3508/? I/Hicom_PolicyCenterBaseSystem: handleAppStartedBase: class name: com.huawei.systemserver.emcom.policycenter.policycenterservice.decisionsystem.ExternalMpDecisionSystem
2021-11-10 15:06:22.329 2526-3508/? I/Hicom_PolicyCenterBaseSystem: handleAppStartedBase: class name: com.huawei.systemserver.emcom.policycenter.policycenterservice.decisionsystem.MpHttpDecisionSystem
2021-11-10 15:06:22.329 2526-3508/? D/Hicom_PolicyCenterBaseSystem: checkMpInfoValid. multipathPolicy is null for: com.shopwonder.jingzaoyd
2021-11-10 15:06:22.329 2526-3508/? I/Hicom_PolicyCenterBaseSystem: handleAppStartedBase: class name: com.huawei.systemserver.emcom.policycenter.policycenterservice.decisionsystem.mplinksubsystem.MpLinkDecisionSystem
2021-11-10 15:06:22.329 2526-3508/? I/Hicom_MessageServ: handleMessage: null, distributing for + 1 handlers
2021-11-10 15:06:22.329 1045-1045/? D/ITouchService: itouch stylusCurrentPkgName = com.shopwonder.jingzaoyd lastOneFramePkgName =
2021-11-10 15:06:22.329 1045-1045/? D/ITouchService: itouch currentPackageName = com.shopwonder.jingzaoyd
2021-11-10 15:06:22.329 1045-1045/? D/ITouchService: itouch appType=-1 appState=1 gameMode=2
2021-11-10 15:06:22.329 1045-1045/? D/ITouchService: itouchReaderMonitor empty
2021-11-10 15:06:22.329 1045-1045/? D/ITouchService: g_itouch_reader_monitor Monitor::IsReaderMonitorEnable()=0
2021-11-10 15:06:22.329 1045-1045/? D/ITouchService: itouch getCurrentParmID tempPkg=com.css.xxx
2021-11-10 15:06:22.329 1045-1045/? D/ITouchService: itouch:app com.shopwonder.jingzaoyd is  not game app
2021-11-10 15:06:22.329 1045-1045/? D/ITouchService: itouch:app com.shopwonder.jingzaoyd is  not in StylusPenList
2021-11-10 15:06:22.329 1045-1045/? D/ITouchService: itouch:styluspen_switch is disable
2021-11-10 15:06:22.329 1045-1045/? D/ITouchService: itouch:currentAppTypeName =|UNKNOWN|
2021-11-10 15:06:22.330 1680-2163/? D/HwActivityManagerServiceEx: notifyAppToTop pid:10504, enable:1
2021-11-10 15:06:22.330 1680-3273/? I/HwNetworkPolicy: onTransact, code = 203
2021-11-10 15:06:22.330 2841-3618/? I/HwNetworkPolicyManager: getHwUidPolicy uid = 11832 policy = 0
2021-11-10 15:06:22.331 10504-10532/com.shopwonder.jingzaoyd I/HwPartIawareFactory: add android.common.HwPartIawareFactoryImpl to memory.
2021-11-10 15:06:22.331 1680-2163/? W/AwareLog: SchedLevelBoost: onFgActivitiesChanged config not set!
2021-11-10 15:06:22.335 10538-10538/? D/HiTraceC: entered HiTraceInit, Log Registered: 1
2021-11-10 15:06:22.335 1680-1747/? I/WindowManager: handle SET_LAUNCHER_VISIBLE_IN_FINGER_BOOST visible:true handle:trueuserId:0, currentUserId:0
2021-11-10 15:06:22.336 1680-2133/? I/HwAudioService: now type = 28,reportForegroundAppType = -1systemload = 28VOIP_OPTIMIZE_IN_GAMEMODEfalse
