2021-11-10 15:06:22.337 1680-1747/? D/WindowManager: setLauncherVisibleInFingerBoost record=ActivityRecord{a70bcc6 u0 com.huawei.android.launcher/.unihome.UniHomeLauncher t1}
2021-11-10 15:06:22.337 1680-1747/? I/WindowManager: setLauncherVisible setAlpha to 1.0
2021-11-10 15:06:22.337 1680-1747/? D/WindowManager: setLauncherVisible wallpaperScale=false
2021-11-10 15:06:22.337 1680-1747/? D/WindowManager: WS setWallpaperScale return, wallpaper no need to recover
2021-11-10 15:06:22.338 1680-2562/? I/PackageManager: getInstalledPackages cost 2 ms, flags: 786432, userId: 0, callingUid: 2000, callingPid: 10538
2021-11-10 15:06:22.339 780-5583/? D/AudioPolicyService: getUidState(11832) !cacheIter->second.first, return PROCESS_STATE_UNKNOWN
2021-11-10 15:06:22.339 780-5583/? D/AudioPolicyService: getUidState(11832) cacheIter->second.first, return cacheIter->second.second(-1)
2021-11-10 15:06:22.339 1680-2133/? D/HwNetworkManagementService: code == CODE_SET_CHR_REPORT_APP_LIST
2021-11-10 15:06:22.339 693-23198/? I/OemNetd: setChrAppUid(10, 11832)
2021-11-10 15:06:22.339 1680-2133/? I/HwNetworkManagementService: chr appuid set succeeded
2021-11-10 15:06:22.341 2775-3299/? I/HwLauncher: LocalTaskList loadTasksInBackground:1 numTasks:3 currentUserId:0
2021-11-10 15:06:22.348 10543-10543/? D/HiTraceC: entered HiTraceInit, Log Registered: 1
2021-11-10 15:06:22.351 1071-1115/? E/AwareLog: iawared: GetFileContent open /proc/10543/task/10545/cpuset fail errno(2)!
2021-11-10 15:06:22.351 30393-9965/? I/SecurityComp10105306: SSFCompatiableSystemCA: createSocket: s , host , port , autoClose
2021-11-10 15:06:22.351 30393-9965/? I/SecurityComp10105306: SSFCompatiableSystemCA: set default protocols
2021-11-10 15:06:22.352 30393-9965/? I/SecurityComp10105306: SSFCompatiableSystemCA: set default cipher suites
2021-11-10 15:06:22.405 1680-1680/? I/NetLinkManager: getPriorityAppState, slaveIccid is null, start timer
2021-11-10 15:06:22.426 2720-3314/? I/ScenarioService: refresh visibleApp:[com.shopwonder.jingzaoyd]
2021-11-10 15:06:22.426 2720-3314/? I/PGServer: report state:14 event type:1 pid:-1 uid:-1 pkg:com.shopwonder.jingzaoyd to pid: 2720
2021-11-10 15:06:22.426 2720-3314/? I/ApsAppsTypeHandler: APS: APK: ApsAppsTypeHandler.getInstance, sInstance = com.huawei.android.hwaps.o@b16f2d0
2021-11-10 15:06:22.426 2720-3314/? I/PF_API_JNI: ACCKIT_APS_NotifyInfo 3: com.shopwonder.jingzaoyd
2021-11-10 15:06:22.427 2720-3544/? I/AppJobCtrl: Visible App: com.shopwonder.jingzaoyd
2021-11-10 15:06:22.427 781-862/? D/ACCKIT_: pack:"com.shopwonder.jingzaoyd"
2021-11-10 15:06:22.427 1680-2562/? I/PGManagerService: proxyJob, sub type:1, list: [com.shopwonder.jingzaoyd]
2021-11-10 15:06:22.427 30393-9965/? I/SecurityComp10105306: f: checkServerTrusted begin ,server ca chain size is : 2 ,auth type is : ECDHE_RSA
2021-11-10 15:06:22.427 30393-9965/? I/SecurityComp10105306: f: check server i : 0
2021-11-10 15:06:22.428 30393-9965/? I/SecurityComp10105306: f: client root ca size is : 138
2021-11-10 15:06:22.431 30393-9965/? I/SecurityComp10105306: f: checkServerTrusted succeed ,root ca issuer is : CN=GlobalSign, O=GlobalSign, OU=GlobalSign Root CA - R3
2021-11-10 15:06:22.431 2720-3544/? I/AppJobCtrl: UnP_job OK !
2021-11-10 15:06:22.431 2720-3544/? I/AppJobCtrl: Invisible App: com.huawei.android.launcher
2021-11-10 15:06:22.432 2720-3544/? I/PG_ash: com.huawei.android.launcher become invisible
2021-11-10 15:06:22.474 30393-30407/? W/System: A resource failed to call close. 
2021-11-10 15:06:22.510 26711-10505/? I/qvs-i: mc.task.done false
2021-11-10 15:06:22.510 26711-10505/? I/qvs-i: mc.taskq.fin
2021-11-10 15:06:22.510 26711-10548/? I/qvs-i: mc.task.done false
2021-11-10 15:06:22.510 26711-10548/? I/qvs-i: mc.taskq.fin
2021-11-10 15:06:22.513 26711-10489/? D/QVS_SDK_TAG: [56787472]Scan Process
2021-11-10 15:06:22.531 1680-2163/? W/Process: Unable to open /proc/-1/status
2021-11-10 15:06:22.531 1680-2163/? D/HwActivityManagerServiceEx: notifyAppToTop pid:2775, enable:0
2021-11-10 15:06:22.532 2775-2775/? I/RmeSchedManager: init Rme, version is: v1.0
2021-11-10 15:06:22.545 30393-9965/? I/HianalyticsSDK: [2021-11-10 15:06:22.545 I/null/HianalyticsSDK 30393:2684 null:4] events PostRequest sendevent TYPE : maint, TAG : _default_config_tag, resultCode: 200 ,reqID:ffc75e243dff4be4b8e68ed19abb1c21
2021-11-10 15:06:22.546 693-23198/? I/netd: trafficSwapActiveStatsMap() <0.11ms>
2021-11-10 15:06:22.549 693-23198/? I/netd: trafficSwapActiveStatsMap() <0.25ms>
2021-11-10 15:06:22.585 2775-2858/? D/ZrHung.AppEyeUiProbe: not watching, wait.
2021-11-10 15:06:22.598 1680-1748/? I/WindowManager: Animation done in AppWindowToken{a88a441 token=Token{a3742bd ActivityRecord{a396705 u0 com.shopwonder.jingzaoyd/.ui.activity.SplashActivity t316}}} isHidden:false hiddenRequested:false
2021-11-10 15:06:22.598 1680-1748/? V/ActivityTaskManager: Stopping ActivityRecord{a70bcc6 u0 com.huawei.android.launcher/.unihome.UniHomeLauncher t1}: nowVisible=false animating=true finishing=false
2021-11-10 15:06:22.599 1680-1748/? I/WindowManager: Animation done in AppWindowToken{a6b4a79 token=Token{a71179e ActivityRecord{a70bcc6 u0 com.huawei.android.launcher/.unihome.UniHomeLauncher t1}}} isHidden:true hiddenRequested:true
2021-11-10 15:06:22.599 1680-1748/? I/WindowManager: New wallpaper target: null prevTarget: Window{a07e929 u0 com.huawei.android.launcher/com.huawei.android.launcher.unihome.UniHomeLauncher}
2021-11-10 15:06:22.600 2397-2397/? D/ImageWallpaper: wallpaper visibility changes to: false
2021-11-10 15:06:22.616 23250-23250/? I/HiBoard_11.0.28.320_Workspace: onWindowVisibilityChangedï¼š8 isOverlayClosed:true
2021-11-10 15:06:22.619 786-1016/? W/BufferQueueProducer: [com.huawei.intelligent.Workspace#0]:1390: disconnect: not connected (req=1)
2021-11-10 15:06:22.619 23250-25960/? W/libEGL: EGLNativeWindowType 0x6faa226650 disconnect failed
2021-11-10 15:06:22.619 786-1016/? W/BufferQueueProducer: [com.huawei.android.launcher/com.huawei.android.launcher.unihome.UniHomeLauncher#0]:1390: disconnect: not connected (req=1)
2021-11-10 15:06:22.619 2775-3215/? W/libEGL: EGLNativeWindowType 0x6f3169ba90 disconnect failed
2021-11-10 15:06:22.629 1680-2163/? E/AwareLog: AwareMem_MemoryUtils: trim Memory illegal arg exception, proc:8860 userId:-2 level:40 fromAware:true
2021-11-10 15:06:22.644 10504-10531/com.shopwonder.jingzaoyd I/HwApiCacheMangerEx: apicache path=/storage/emulated/0 state=mounted key=com.shopwonder.jingzaoyd#11832#256
2021-11-10 15:06:22.644 10504-10531/com.shopwonder.jingzaoyd I/HwApiCacheMangerEx: need clear apicache,because volumes changed,oldCnt=0 newCnt=1
2021-11-10 15:06:22.647 10504-10531/com.shopwonder.jingzaoyd I/HwApiCacheMangerEx: apicache path=/storage/emulated/0 state=mounted key=com.shopwonder.jingzaoyd#11832#0
2021-11-10 15:06:22.647 10504-10531/com.shopwonder.jingzaoyd I/HwApiCacheMangerEx: need clear apicache,because volumes changed,oldCnt=1 newCnt=1
2021-11-10 15:06:22.648 10504-10504/com.shopwonder.jingzaoyd I/HwApiCacheMangerEx: apicache path=/storage/emulated/0 state=mounted key=com.shopwonder.jingzaoyd#11832#256
2021-11-10 15:06:22.648 10504-10504/com.shopwonder.jingzaoyd I/HwApiCacheMangerEx: need clear apicache,because volumes changed,oldCnt=1 newCnt=1
2021-11-10 15:06:22.651 10504-10531/com.shopwonder.jingzaoyd I/AwareBitmapCacher: init processName:com.shopwonder.jingzaoyd:ble pid=10504 uid=11832
2021-11-10 15:06:22.663 10504-10504/com.shopwonder.jingzaoyd I/ARouter::: ARouter openLog[ ]
2021-11-10 15:06:22.663 10504-10504/com.shopwonder.jingzaoyd I/ARouter::: ARouter openDebug[ ]
2021-11-10 15:06:22.663 10504-10504/com.shopwonder.jingzaoyd I/ARouter::: ARouter init start.[ ]
2021-11-10 15:06:22.664 10504-10504/com.shopwonder.jingzaoyd I/ARouter::: Run with debug mode or new install, rebuild router map.[ ]
2021-11-10 15:06:22.665 10504-10504/com.shopwonder.jingzaoyd I/ARouter::: VM with name 'Android' has multidex support
2021-11-10 15:06:22.666 10504-10504/com.shopwonder.jingzaoyd E/ARouter::: InstantRun support error, com.android.tools.fd.runtime.Paths
2021-11-10 15:06:22.666 10504-10504/com.shopwonder.jingzaoyd I/ARouter::: Thread production, name is [ARouter task pool No.1, thread No.1][ ]
2021-11-10 15:06:22.666 10504-10553/com.shopwonder.jingzaoyd W/ndercorefit:bl: Opening an oat file without a class loader. Are you using the deprecated DexFile APIs?
2021-11-10 15:06:22.710 26711-10489/? I/qvs-i: pm.fin
2021-11-10 15:06:22.710 26711-10489/? I/qvs-i: pm.fin
2021-11-10 15:06:22.717 26711-10489/? I/qvs-i: mc.fin com.qihoo.qvssdk.VirusScanCallback@3628210
2021-11-10 15:06:22.717 26711-10489/? D/QVS_SDK_TAG: [56787472]Scan onFinished hasMore: false
2021-11-10 15:06:22.717 26711-10489/? D/QVS_SDK_TAG: [56787472]Scan consume time 544ms from callerId 2755
2021-11-10 15:06:22.717 26711-10488/? I/QVS_SDK_TAG: [56787472]reset: called
2021-11-10 15:06:22.718 26711-10555/? I/qvs-i: mc.unreg
2021-11-10 15:06:22.718 26711-10555/? I/qvs-i: mc.unit 0
2021-11-10 15:06:22.718 26711-10555/? I/qvs-i: enum.eng.cl
2021-11-10 15:06:22.718 26711-10555/? I/qvs-i: tqm.cl
2021-11-10 15:06:22.718 26711-10555/? I/qvs-i: mc.taskq.cl
2021-11-10 15:06:22.718 26711-10555/? I/qvs-i: se.unit
2021-11-10 15:06:22.718 26711-10555/? I/qvs-i: Cancel handle: 479523545600
2021-11-10 15:06:22.718 26711-10555/? I/CloudHttpClient: Cancel called. id:81462872 cost:0
2021-11-10 15:06:22.718 26711-27476/? D/QVS_SDK_TAG: in uninstall() curNum 0
2021-11-10 15:06:22.718 26711-10555/? I/qvs-i: Destroy handle: 479523545600
2021-11-10 15:06:22.718 26711-27476/? D/QVS_SDK_TAG: uninstall()
2021-11-10 15:06:22.718 26711-27476/? D/QVS_SDK_TAG: ScanTask Cancel Sync Scan 106668410
2021-11-10 15:06:22.718 26711-27476/? I/QVS_SDK_TAG: [56787472]reset: called
2021-11-10 15:06:22.766 2397-2397/? I/PanelView1: notifyBarPanelExpansionChanged isPanelVisibleBecauseOfHeadsUp=false,mInstantExpanding=false,mTracking=false
2021-11-10 15:06:22.766 2397-2397/? I/PanelView2: notifyBarPanelExpansionChanged mPeekAnimator is non null?false,mHeightAnimator is non null?false
2021-11-10 15:06:22.766 2397-2397/? I/HwCtrlCtr: ControlCenterImpl: release control blur image!
2021-11-10 15:06:22.766 2397-2397/? I/PanelView1: notifyBarPanelExpansionChanged isPanelVisibleBecauseOfHeadsUp=false,mInstantExpanding=false,mTracking=false
2021-11-10 15:06:22.766 2397-2397/? I/PanelView2: notifyBarPanelExpansionChanged mPeekAnimator is non null?false,mHeightAnimator is non null?false
2021-11-10 15:06:22.767 2397-2397/? I/HwCtrlCtr: ControlCenterImpl: release control blur image!
2021-11-10 15:06:22.772 1680-2220/? I/TrafficMonitor: update:rxPkts:63,txPkts:70,rxBytes:21043,txBytes:19442
2021-11-10 15:06:22.772 1680-2220/? I/TrafficMonitor: no expired. level:2
2021-11-10 15:06:22.772 1680-2220/? I/TrafficMonitor: gettimer:interval=2000
2021-11-10 15:06:22.772 1680-2220/? I/TrafficMonitor: during_ms:2001,period_ms:2000
2021-11-10 15:06:22.772 1680-2220/? I/TrafficMonitor: count:66,rx_sum:63,tx_sum:70,rxBytes:21043,during_ms:2001,rx_speed:10516.24187906047,tx_speed:9716.141929035482,rto:0.9
2021-11-10 15:06:22.772 1680-2220/? I/HuaweiWifiWatchdogStateMachine: Get speed information rx_speed = 10516 ,tx_speed = 9716 ,isSpeedOk = false ,mBestSpeedInPeriod = 10516
2021-11-10 15:06:22.816 781-861/? D/ACCKIT_: PerfMgr: notify SysEvent down 0
2021-11-10 15:06:22.863 1680-2562/? I/DeviceIdentifiers: udid has been read success, return!
2021-11-10 15:06:22.864 30393-26746/? I/NetworkKit_ConfigManager: pool-21-thread-1|null|com.huawei.hms.network.embedded.h0|b|44|netdiag_enable_report_qoe, use the default value
2021-11-10 15:06:22.865 30393-26746/? I/NetworkKit_OkRequestTask: pool-21-thread-1|null|com.huawei.hms.network.embedded.d4|execute|4|the request has used the okhttp!
2021-11-10 15:06:22.865 30393-10473/? I/NetworkKit_ConfigManager: NetworkKit_AIModel_Execute_14|null|com.huawei.hms.network.embedded.h0|b|44|netdiag_enable_report_qoe, use the default value
2021-11-10 15:06:22.865 30393-9974/? I/NetworkKit_OkRequestTask: HttpsBizThreadPool|null|com.huawei.hms.network.embedded.d4|execute|4|the request has used the okhttp!
2021-11-10 15:06:22.865 1680-2562/? E/WifiPermissionsUtil: getUidPermission is DENIED and permissionType android.permission.ACCESS_FINE_LOCATIONuid 10029
2021-11-10 15:06:22.866 1680-2562/? E/WifiService: enforceCanAccessScanResults: hiding ssid and bssidUID 10029 has no location permission
2021-11-10 15:06:22.891 1680-2133/? D/HwConnectivityServiceEx: set 10556 NULL value true
2021-11-10 15:06:22.891 1680-2133/? I/ConnectivityService: B uid 10556
2021-11-10 15:06:22.891 1680-2133/? D/HwConnectivityServiceEx: set 10556 wlan0 value true
2021-11-10 15:06:22.891 1680-2133/? I/ConnectivityService: B uid 10556
2021-11-10 15:06:22.927 1045-1045/? I/AGPService: aps-info: focus pkgName - com.shopwonder.jingzaoyd, with 0 more apps
2021-11-10 15:06:22.928 1045-1045/? E/AGPService: FrameRateManager: iaware strange app type: -1
2021-11-10 15:06:22.928 1045-1045/? I/AGPService: FrameRateManager: aps-info: new pkgName - com.shopwonder.jingzaoyd, type - -1
2021-11-10 15:06:22.928 1045-1045/? I/AGPService: GpuPolicyManager: m_currentPkgName - com.shopwonder.jingzaoyd
2021-11-10 15:06:22.977 30393-26812/? I/NetworkKit_NetDetectAndPolicy: pool-21-thread-1 -->NetworkKit_netdiag_submit_task_0|null|com.huawei.hms.network.embedded.m6|b|50|the time count will reset!
2021-11-10 15:06:22.891 1680-2133/? I/chatty: uid=1000(system) Binder:1680_3 identical 28 lines
2021-11-10 15:06:22.891 1680-2133/? I/ConnectivityService: B uid 10556
2021-11-10 15:06:22.978 1680-2133/? E/WifiPermissionsUtil: getUidPermission is DENIED and permissionType android.permission.ACCESS_FINE_LOCATIONuid 10029
2021-11-10 15:06:22.978 1680-2133/? E/WifiService: enforceCanAccessScanResults: hiding ssid and bssidUID 10029 has no location permission
2021-11-10 15:06:22.978 30393-30442/? I/NetworkKit_ConfigManager: pool-21-thread-1 -->NetworkKit_report_ha_0|null|com.huawei.hms.network.embedded.h0|b|44|ai_ipsort_switch, use the default value
2021-11-10 15:06:22.979 1680-3273/? E/WifiPermissionsUtil: getUidPermission is DENIED and permissionType android.permission.ACCESS_FINE_LOCATIONuid 10029
2021-11-10 15:06:22.979 1680-3273/? E/WifiService: enforceCanAccessScanResults: hiding ssid and bssidUID 10029 has no location permission
2021-11-10 15:06:22.980 30393-30442/? W/Settings: Setting adb_enabled has moved from android.provider.Settings.Secure to android.provider.Settings.Global.
2021-11-10 15:06:23.004 10504-10504/com.shopwonder.jingzaoyd D/ARouter::: Filter 12 classes by packageName <com.alibaba.android.arouter.routes>
2021-11-10 15:06:23.008 10504-10504/com.shopwonder.jingzaoyd I/ARouter::: Find router map finished, map size = 12, cost 343 ms.[ ]
2021-11-10 15:06:23.011 10504-10504/com.shopwonder.jingzaoyd I/ARouter::: Load root element finished, cost 3 ms.[ ]
2021-11-10 15:06:23.012 10504-10504/com.shopwonder.jingzaoyd D/ARouter::: LogisticsCenter has already been loaded, GroupIndex[4], InterceptorIndex[0], ProviderIndex[2][ ]
2021-11-10 15:06:23.012 10504-10504/com.shopwonder.jingzaoyd I/ARouter::: ARouter init success![ ]
2021-11-10 15:06:23.013 10504-10504/com.shopwonder.jingzaoyd D/ARouter::: The group [arouter] starts loading, trigger by [/arouter/service/interceptor][ ]
2021-11-10 15:06:23.013 10504-10504/com.shopwonder.jingzaoyd D/ARouter::: The group [arouter] has already been loaded, trigger by [/arouter/service/interceptor][ ]
2021-11-10 15:06:23.013 10504-10504/com.shopwonder.jingzaoyd I/ARouter::: Thread production, name is [ARouter task pool No.1, thread No.2][ ]
2021-11-10 15:06:23.014 10504-10504/com.shopwonder.jingzaoyd I/ARouter::: ARouter init over.[ ]
2021-11-10 15:06:23.014 10504-10504/com.shopwonder.jingzaoyd I/MultiDex: VM with version 2.1.0 has multidex support
2021-11-10 15:06:23.014 10504-10504/com.shopwonder.jingzaoyd I/MultiDex: Installing application
2021-11-10 15:06:23.015 10504-10504/com.shopwonder.jingzaoyd I/MultiDex: VM has multidex support, MultiDex support library is disabled.
2021-11-10 15:06:23.019 10504-10504/com.shopwonder.jingzaoyd I/HwApiCacheMangerEx: apicache path=/storage/emulated/0 state=mounted key=com.shopwonder.jingzaoyd#11832#0
2021-11-10 15:06:23.019 10504-10504/com.shopwonder.jingzaoyd I/HwApiCacheMangerEx: need clear apicache,because volumes changed,oldCnt=1 newCnt=1
2021-11-10 15:06:23.020 10504-10504/com.shopwonder.jingzaoyd I/HwApiCacheMangerEx: apicache path=/storage/emulated/0 state=mounted key=com.shopwonder.jingzaoyd#11832#256
2021-11-10 15:06:23.020 10504-10504/com.shopwonder.jingzaoyd I/HwApiCacheMangerEx: need clear apicache,because volumes changed,oldCnt=1 newCnt=1
2021-11-10 15:06:23.028 10504-10560/com.shopwonder.jingzaoyd D/NetworkSecurityConfig: Using Network Security Config from resource network_security_config debugBuild: true
2021-11-10 15:06:23.035 10504-10560/com.shopwonder.jingzaoyd I/Pinger: Ping response: `ping ok`, pinged? true
2021-11-10 15:06:23.036 10504-10504/com.shopwonder.jingzaoyd I/HttpProxyCacheServer: Proxy cache server started. Is it alive? true
2021-11-10 15:06:23.076 780-14221/? D/AudioPolicyService: getUidState(10170) cacheIter->second.first, return cacheIter->second.second(6)
2021-11-10 15:06:23.076 780-14221/? D/AudioPolicyService: getUidState(10029) cacheIter->second.first, return cacheIter->second.second(6)
2021-11-10 15:06:23.104 10504-10504/com.shopwonder.jingzaoyd W/ndercorefit:bl: Accessing hidden method Ljava/lang/invoke/MethodHandles$Lookup;-><init>(Ljava/lang/Class;I)V (greylist, reflection, allowed)
2021-11-10 15:06:23.117 10504-10504/com.shopwonder.jingzaoyd I/HwTypeface: updateFont: scale=1.0
2021-11-10 15:06:23.117 10504-10504/com.shopwonder.jingzaoyd D/SystemFonts: areFontsVariable: script=Hans
2021-11-10 15:06:23.118 10504-10504/com.shopwonder.jingzaoyd I/ActivityThread: finishPreloaded preloadStatus 0
2021-11-10 15:06:23.118 10504-10504/com.shopwonder.jingzaoyd I/RmeSchedManager: init Rme, version is: v1.0
2021-11-10 15:06:23.118 10504-10504/com.shopwonder.jingzaoyd I/RtgSchedEvent: current pid:10504 AppType:-1
2021-11-10 15:06:23.118 10504-10504/com.shopwonder.jingzaoyd I/RmeSchedManager: init Rme, version is: v1.0
2021-11-10 15:06:23.122 10504-10504/com.shopwonder.jingzaoyd D/OpenGLRenderer: disableOutlineDraw is true
2021-11-10 15:06:23.123 10504-10563/com.shopwonder.jingzaoyd I/OpenGLRenderer: RenderThread: progress name = [com.shopwonder.jingzaoyd:ble], viewCornerType = 0
2021-11-10 15:06:23.124 10504-10565/com.shopwonder.jingzaoyd I/iGraphics: [0020080c] pn: com.shopwonder.jingzaoyd:ble, p: 10504
2021-11-10 15:06:23.124 10504-10565/com.shopwonder.jingzaoyd I/iGraphics: Platform: [kirin990] - [kirin990]
2021-11-10 15:06:23.124 10504-10565/com.shopwonder.jingzaoyd I/iGraphics: [0030050c] PV 11
2021-11-10 15:06:23.124 10504-10565/com.shopwonder.jingzaoyd E/iGraphics: can not load local debug xml
2021-11-10 15:06:23.157 1680-2562/? V/ActivityManager: Successfully start provider ContentProviderRecord{a66473b u0 com.android.providers.settings/.hwext.HwSettingsProvider} launchingApp=null caller pid= 10504
2021-11-10 15:06:23.160 10504-10504/com.shopwonder.jingzaoyd V/ActivityThread: callActivityOnCreate
2021-11-10 15:06:23.216 10504-10504/com.shopwonder.jingzaoyd I/DecorView[]: pkgName:com.shopwonder.jingzaoyd old windowMode:0 new windoMode:1, isFixedSize:false
2021-11-10 15:06:23.222 10504-10504/com.shopwonder.jingzaoyd W/ndercorefit:bl: Accessing hidden method Landroid/view/View;->computeFitSystemWindows(Landroid/graphics/Rect;Landroid/graphics/Rect;)Z (greylist, reflection, allowed)
2021-11-10 15:06:23.223 10504-10504/com.shopwonder.jingzaoyd W/ndercorefit:bl: Accessing hidden method Landroid/view/ViewGroup;->makeOptionalFitsSystemWindows()V (greylist, reflection, allowed)
2021-11-10 15:06:23.227 1680-2562/? I/HwDisplayRotationEx: swingRotationForSensor desireRotation 0 swingRotation 0 sensorRotation 0 lastRotation 0
2021-11-10 15:06:23.227 1680-2562/? I/HwWindowManagerServiceEx: setLandAnimationInfo : false
2021-11-10 15:06:23.227 1680-2562/? I/HwPCUtils#HwPCMultiWindowManager: requestedOrientation: 1
2021-11-10 15:06:23.229 10504-10504/com.shopwonder.jingzaoyd D/ActivityThread: add activity client record, r= ActivityRecord{645f7f2 token=android.os.BinderProxy@98467e {com.shopwonder.jingzaoyd/com.shopwonder.jingzaoyd.ui.activity.SplashActivity}} token= android.os.BinderProxy@98467e
2021-11-10 15:06:23.246 4332-4837/? I/ContentSensor_PackageUtil: pkgName : com.huawei.android.launcher
2021-11-10 15:06:23.252 10504-10504/com.shopwonder.jingzaoyd I/HwPartMagicWindowFactory: add android.common.HwPartMagicWindowFactoryImpl to memory.
2021-11-10 15:06:23.254 26711-10555/? I/CloudHttpClient: shutdown called. id:81462872 cost:536
2021-11-10 15:06:23.257 10504-10504/com.shopwonder.jingzaoyd D/MouseWheelSynthesizer: mMoveStepInDp: 64, mMoveStepInPixel: 192, mUpTimeDelayed: 100
2021-11-10 15:06:23.257 10504-10504/com.shopwonder.jingzaoyd D/ViewRootImpl: ViewRootImpl mIsInProductivePCDisplay: false
2021-11-10 15:06:23.258 10504-10504/com.shopwonder.jingzaoyd I/HwPartPowerOfficeFactory: add HwPartPowerOfficeFactoryImpl to memory.
2021-11-10 15:06:23.258 1680-2562/? I/HwPCUtils#HwRioViewManager: check if rio enable, displayId = 0ï¼Œ packageName = com.shopwonder.jingzaoyd
2021-11-10 15:06:23.260 1680-2163/? D/HwActivityManagerServiceEx: notifyAppToTop pid:10504, enable:1
2021-11-10 15:06:23.261 10504-10504/com.shopwonder.jingzaoyd I/DecorView[]: pkgName:com.shopwonder.jingzaoyd old windowMode:1 new windoMode:1, isFixedSize:false
2021-11-10 15:06:23.261 1680-2562/? E/WindowManager: App trying to use insecure INPUT_FEATURE_NO_INPUT_CHANNEL flag. Ignoring
2021-11-10 15:06:23.262 1680-2562/? I/WindowManager: addWindow: Window{a6db4e1 u0 com.shopwonder.jingzaoyd/com.shopwonder.jingzaoyd.ui.activity.SplashActivity} client:android.os.BinderProxy@a987de1 currentDisplayId:0 requestDisplayId:0 token:Token{a3742bd ActivityRecord{a396705 u0 com.shopwonder.jingzaoyd/.ui.activity.SplashActivity t316}}
2021-11-10 15:06:23.263 10504-10504/com.shopwonder.jingzaoyd D/InputEventReceiver: dispatchInputInterval 1000000
2021-11-10 15:06:23.264 10504-10504/com.shopwonder.jingzaoyd I/RmeSchedManager: init Rme, version is: v1.0
2021-11-10 15:06:23.265 10504-10504/com.shopwonder.jingzaoyd I/RtgSchedEvent: current pid:10504 AppType:-1
2021-11-10 15:06:23.265 10504-10563/com.shopwonder.jingzaoyd D/OpenGLRenderer: disableOutlineDraw is true
2021-11-10 15:06:23.267 4815-5559/? I/CAWARENESS_AppUsageManager: onEvent, packageName=com.shopwonder.jingzaoyd, activityName=com.shopwonder.jingzaoyd.ui.activity.SplashActivity
2021-11-10 15:06:23.268 2570-5631/? I/HiAdKit.DC.PageSwitchMonitor:  call
2021-11-10 15:06:23.268 1680-2562/? I/PackageManager: Returning preferred activity: com.huawei.android.launcher/com.huawei.android.launcher.unihome.UniHomeLauncher
2021-11-10 15:06:23.268 1680-2562/? I/PackageManager: choose best activity: com.huawei.android.launcher, com.huawei.android.launcher.unihome.UniHomeLauncher
2021-11-10 15:06:23.268 1680-1757/? I/HwAudioServiceEx: ComponentInfo : className = com.shopwonder.jingzaoyd.ui.activity.SplashActivity, flag = onResume, isHomeActivity = , isTop = true
2021-11-10 15:06:23.269 2526-3919/? I/Hicom_Monitor: mActivityNotifierEx, className = com.shopwonder.jingzaoyd.ui.activity.SplashActivity, uid = 11832
2021-11-10 15:06:23.269 1680-2251/? W/HwAudioServiceEx: SoundEffectState bundle get reserved is invalid
2021-11-10 15:06:23.269 1680-2251/? I/HwAudioServiceEx: sendAppKilledIntentForKit, isKitPackageOnPause = false, isKitPackageKill = false, isKitPackageOnResume = false
2021-11-10 15:06:23.269 2526-3919/? I/Hicom_MessageServ: sendMessageInternal: MESSAGE_FOREGROUND_ACTIVITY_CHANGED
2021-11-10 15:06:23.269 2526-3508/? I/Hicom_MessageServ: handleMessage: MESSAGE_FOREGROUND_ACTIVITY_CHANGED, distributing for + 3 handlers
2021-11-10 15:06:23.269 2526-2940/? D/DollieActivityManagerAdapter: [Resumed] bg:true pid:10504 uid:11832 ComponentInfo{com.shopwonder.jingzaoyd/com.shopwonder.jingzaoyd.ui.activity.SplashActivity}
2021-11-10 15:06:23.269 2526-2940/? E/DollieAdapterService: notifyActivityState pkg:com.shopwonder.jingzaoyd/com.shopwonder.jingzaoyd.ui.activity.SplashActivity state:2 fg:true mUid:11832
2021-11-10 15:06:23.269 4815-5559/? I/CAWARENESS_AbilityContext: [1636527983493] publishing {dataId=100000006, mode=0}
2021-11-10 15:06:23.269 4815-5559/? I/CAWARENESS_AbilityContext: [1636527983493] deliver {dataId=100000006, mode=0} to 30 receivers
2021-11-10 15:06:23.269 2624-15672/? I/OPCollectLog: AppChangeImpl:call onAppChange.
2021-11-10 15:06:23.270 1071-1115/? D/AwareLog: iawared: fg_hl_ctl update fgUid=11832 g_isGame=0
2021-11-10 15:06:23.270 2624-5451/? I/OPCollectLog: HwForegroundAppAction:handleMessage 
2021-11-10 15:06:23.270 2624-5451/? D/OPCollectLog: HwForegroundAppAction:FG executeWithArgs
2021-11-10 15:06:23.270 2624-5451/? I/OPCollectLog: OPCollectUtils:ODMF Api Version:2.16.3
2021-11-10 15:06:23.270 2624-5451/? I/OPCollectLog: Action:HwForegroundAppAction executed successfully
2021-11-10 15:06:23.270 2624-5451/? D/OPCollectLog: OdmfCollectScheduler:handleMessage msg: 4
2021-11-10 15:06:23.270 2624-5451/? I/OPCollectLog: OdmfHelper:opcollectCache 1
2021-11-10 15:06:23.270 2624-5451/? I/OPCollectLog: OdmfHelper:opcollectCache curTime: 19971840, interval: 3622
2021-11-10 15:06:23.270 2624-5451/? I/OPCollectLog: OdmfHelper:isCharging: true
2021-11-10 15:06:23.270 2526-2940/? E/BoosterUtil: convertSubIdToSlotId failed, subId:0, slotId:-1
2021-11-10 15:06:23.270 2526-2940/? E/BoosterUtil: getDefaultDataSlotId failed, invalid slotId:-1, subId:0
2021-11-10 15:06:23.270 2526-2940/? I/UidCloseNrStateMachine: addUidChanged uid: 11832
2021-11-10 15:06:23.270 2526-2940/? I/ConnCureStateMonitor: handleMessage: msg[2]
2021-11-10 15:06:23.270 2526-2940/? I/HwPacketFilterBypass: handleActivityUidStateChanged uid:11832 -1 foreground:1
2021-11-10 15:06:23.270 2526-2940/? I/OllieMsgCenter: publishEvt=2135097351
2021-11-10 15:06:23.270 2526-2940/? I/NetworkQoeChr: checkForegroundApp timer end
2021-11-10 15:06:23.271 2526-2940/? E/Booster_NetworkQoe: [checkModemParaCollecEnable]sendModemParaCollecEnable invalid defaultDataSlotId=-1
2021-11-10 15:06:23.271 2526-4099/? D/LteRecoveryEngine: UnRecoverState processMessage UPDATE_FOREGRAND_UID_VALUE
2021-11-10 15:06:23.271 2526-4099/? D/LteRecoveryEngine: onForegroundAppChange uid:11832
2021-11-10 15:06:23.271 2526-4099/? D/LteRecoveryEngine: setGameRttExperience:1
2021-11-10 15:06:23.271 1680-2133/? D/wifiserviceimpl: netmask =16777215
2021-11-10 15:06:23.271 10504-10504/com.shopwonder.jingzaoyd W/ndercorefit:bl: Accessing hidden method Landroid/view/View;->getViewRootImpl()Landroid/view/ViewRootImpl; (greylist, reflection, allowed)
2021-11-10 15:06:23.271 10504-10504/com.shopwonder.jingzaoyd W/ndercorefit:bl: Accessing hidden field Landroid/view/View$AttachInfo;->mVisibleInsets:Landroid/graphics/Rect; (greylist, reflection, allowed)
2021-11-10 15:06:23.271 10504-10504/com.shopwonder.jingzaoyd W/ndercorefit:bl: Accessing hidden field Landroid/view/ViewRootImpl;->mAttachInfo:Landroid/view/View$AttachInfo; (greylist, reflection, allowed)
2021-11-10 15:06:23.272 10504-10567/com.shopwonder.jingzaoyd D/HiTouch_PressGestureDetector: onAttached, package=com.shopwonder.jingzaoyd, windowType=1, mIsHiTouchRestricted=false
2021-11-10 15:06:23.271 4815-10568/? I/CAWARENESS_LastUsedAppLabelAbility: onDataReceive packageName com.shopwonder.jingzaoyd
2021-11-10 15:06:23.276 2624-5451/? I/OPCollectLog: OdmfHelper:insert database success 
2021-11-10 15:06:23.276 2624-5451/? I/OPCollectLog: OdmfHelper:opcollectCache size: 1
2021-11-10 15:06:23.276 2624-5451/? I/OPCollectLog: OdmfHelper:opcollectCache lastTime: 19971846
2021-11-10 15:06:23.276 4815-10572/? W/CAWARENESS_LifecycleCompatibleFence: timestamp is invalid
2021-11-10 15:06:23.277 23121-23273/? I/HiDecision: OdmfCollectScheduler: OdmfCtrlMsgHandler receive msg type: 6
2021-11-10 15:06:23.277 4815-5559/? I/CAWARENESS_AbilityContext: [1636527983501] publishing {dataId=100000007, mode=0}
2021-11-10 15:06:23.277 4815-5559/? I/CAWARENESS_AbilityContext: [1636527983501] deliver {dataId=100000007, mode=0} to 8 receivers
2021-11-10 15:06:23.277 4815-10576/? I/CAWARENESS_RecentAppChangeFence: lastReportPackage is com.shopwonder.jingzaoyd, packageName is com.shopwonder.jingzaoyd
2021-11-10 15:06:23.279 4815-10341/? I/CAWARENESS_DatabaseUtil: insert recId is 5187
2021-11-10 15:06:23.280 2526-4044/? I/Collector: HandleRawWifiInfo: flag:0, netId:0!
2021-11-10 15:06:23.280 2526-2940/? I/UidCloseNrStateMachine: enter uidStateChanged, ForeGrountApp=com.shopwonder.jingzaoyd, mIsCallOn=false, mIsUsbPlugged=true, openLowPowerSwitch=true, lteQoeSlowState=false, powerPerformanceMode=2, isOpenAreaSaSwitch=false, isSpeedSensitivityApp=false, mIsCloseLowPowerByAreaSwitch=false
2021-11-10 15:06:23.280 2526-4044/? I/Collector: HandleRawWifiInfo: flag:0, netId:0!
2021-11-10 15:06:23.280 2526-2940/? I/OllieMsgCenter: publishEvt=2130771969
2021-11-10 15:06:23.280 2526-2940/? I/OllieMsgCenter: publishEvt=2130771985
2021-11-10 15:06:23.280 1680-2562/? D/HwConnectivityManagerImpl: startappqoednscollection action =0timer =1000
2021-11-10 15:06:23.280 2526-2940/? E/Booster_BroadcastProxy: [isDataOn]isDataOn failed, invalid slotId=-1
2021-11-10 15:06:23.280 2526-2940/? I/SpeedTestNotifier: Speed test app is back Activity
2021-11-10 15:06:23.281 4815-10569/? I/CAWARENESS_DatabaseUtil: insert recId is 24
2021-11-10 15:06:23.281 1680-3273/? I/WindowManager: Changing focus from null to Window{a6db4e1 u0 com.shopwonder.jingzaoyd/com.shopwonder.jingzaoyd.ui.activity.SplashActivity} displayId=0 Callers=com.android.server.wm.RootWindowContainer.updateFocusedWindowLocked:6659068 com.android.server.wm.WindowManagerService.updateFocusedWindowLocked:6658544 com.android.server.wm.WindowManagerService.relayoutWindow:6261908 com.android.server.wm.Session.relayout:6266604
2021-11-10 15:06:23.281 2526-2940/? I/SmartDualCardConfig: getAppType,pkgName=com.shopwonder.jingzaoyd,appType=-1
2021-11-10 15:06:23.281 2526-2940/? E/SmartDualCardConfig: isAppInBlackList false,items==null
2021-11-10 15:06:23.281 1680-3273/? I/HwSwingMotionGestureHub: current app:com.shopwonder.jingzaoyd,appType:-1
2021-11-10 15:06:23.281 1680-3273/? V/HwPhoneWindowManager: updateSystemUiColorLw window=Window{a6db4e1 u0 com.shopwonder.jingzaoyd/com.shopwonder.jingzaoyd.ui.activity.SplashActivity},EmuiStyle=0,StatusBarColor=0x0,NavigationBarColor=0xfffcfcfc, mForceNotchStatusBar=false
2021-11-10 15:06:23.281 2526-2940/? I/BoosterProps: isCloudPropEnable, propName is:hw_sc.tx_power_ctrl, propValue is:false, default value is:false
2021-11-10 15:06:23.281 2526-2940/? I/PowerMsgAdapter: addUidChanged uid: 11832
2021-11-10 15:06:23.281 2526-2940/? D/ForegroundDataOpt: is APK changed:true uid:11832 mBgLimitLevel:0
2021-11-10 15:06:23.281 1680-3273/? I/HwDisplayContentEx: currentFocus windowstate not null
2021-11-10 15:06:23.281 1680-3273/? D/ZrHung.AppEyeFocusWindow: FocusWindowErrorScene cancelCheckFreezeScreen
2021-11-10 15:06:23.281 1680-3273/? I/HwDisplayContentEx: trans currentFocus windowstate not null
2021-11-10 15:06:23.281 1680-3273/? D/ZrHung.AppEyeTransparentWindow: TransparentWindow mHungConfigStatus = 0,mHungConfigEnable = 1
2021-11-10 15:06:23.282 1680-1745/? D/HwPhoneWindowManager: Transact:setSystemUIColor to status bar service
2021-11-10 15:06:23.282 2397-26045/? I/HwCommandQueue: updateBarBgColor
2021-11-10 15:06:23.282 2397-26045/? D/HwCommandQueue: CommandQueue, setBarBackgroundColor
2021-11-10 15:06:23.282 1680-1745/? D/StatusBarManagerService: win:Window{a6db4e1 u0 com.shopwonder.jingzaoyd/com.shopwonder.jingzaoyd.ui.activity.SplashActivity}mIsColorEnable:truelight:false
2021-11-10 15:06:23.282 2526-2940/? E/Booster_MatterAppRecommend: [isMatterPackage]invalid mMatterPackagesConfig
2021-11-10 15:06:23.282 2526-2940/? I/OllieMsgCenter: publishEvt=2134966274
2021-11-10 15:06:23.282 2526-2940/? I/OllieMsgCenter: publishEvt=2135097350
2021-11-10 15:06:23.282 1680-1745/? I/StatusBarDisable: setFlags what=0 which=1 pkg=Window{a6db4e1 u0 com.shopwonder.jingzaoyd/com.shopwonder.jingzaoyd.ui.activity.SplashActivity}
2021-11-10 15:06:23.282 2526-2940/? I/ForegroundDataOpt: mCurUid changed to 11832
2021-11-10 15:06:23.282 2397-30779/? D/HwCommandQueue: CommandQueue, set Launcher StatusBar Color
2021-11-10 15:06:23.283 2526-2940/? E/BoosterUtil: convertSubIdToSlotId failed, subId:0, slotId:-1
2021-11-10 15:06:23.283 2526-2940/? E/BoosterUtil: getDefaultDataSlotId failed, invalid slotId:-1, subId:0
2021-11-10 15:06:23.283 2526-2940/? D/DsduChr: uid=11832, isTrafficFree=false, isUsingFreeTraffic=false
2021-11-10 15:06:23.283 2526-2940/? I/BoosterProps: isCloudPropEnable, propName is:hw_sc.sa_4r_2r_handover, propValue is:true, default value is:false
2021-11-10 15:06:23.283 2526-2940/? I/Power2r4rHandover: 4rTo2rCondition, usbStatus = true, foreGrountApp = com.shopwonder.jingzaoyd, 4rTo2rCtrlRule = 1, is4rTo2rCheck = false, batteryMode = 1, mIs4r2rHandover = false
2021-11-10 15:06:23.292 10504-10563/com.shopwonder.jingzaoyd D/mali_winsys: EGLint new_window_surface(egl_winsys_display *, void *, EGLSurface, EGLConfig, egl_winsys_surface **, EGLBoolean) returns 0x3000
2021-11-10 15:06:23.295 515-515/? I/hwservicemanager: getTransport: Cannot find entry android.hardware.graphics.mapper@3.0::IMapper/default in either framework or device manifest.
2021-11-10 15:06:23.295 10504-10563/com.shopwonder.jingzaoyd W/Gralloc3: mapper 3.x is not supported
2021-11-10 15:06:23.314 10504-10504/com.shopwonder.jingzaoyd I/HwViewRootImpl: removeInvalidNode jank list is null
2021-11-10 15:06:23.315 10504-10504/com.shopwonder.jingzaoyd D/DecorView: showOrHideHighlightView: hasFocus=true; winMode=1; isMrgNull=true
2021-11-10 15:06:23.315 10504-10504/com.shopwonder.jingzaoyd W/InputMethodManager: startInputReason = 1
2021-11-10 15:06:23.315 10504-10504/com.shopwonder.jingzaoyd W/HwRemoteInputMethodManager: isCasting false because IHwDistributedWindowManager is invalid.
2021-11-10 15:06:23.315 1680-1748/? I/WindowManager: dispatchResized : win = Window{a6db4e1 u0 com.shopwonder.jingzaoyd/com.shopwonder.jingzaoyd.ui.activity.SplashActivity} drawState = READY_TO_SHOW
2021-11-10 15:06:23.317 1680-1761/? I/ActivityTaskManager: Displayed com.shopwonder.jingzaoyd/.ui.activity.SplashActivity: +1s89ms
2021-11-10 15:06:23.318 1680-2133/? D/HwInputMethodManagerService: isSecMethodUsing = false
2021-11-10 15:06:23.319 1680-1748/? I/ViewRootImpl: dispatchDetachedFromWindow in doDie
2021-11-10 15:06:23.319 1680-3273/? D/InputMethodManagerService: onInputHide
2021-11-10 15:06:23.320 1680-1748/? I/WindowManager: removeIfPossible: Window{a462899 u0 Splash Screen com.shopwonder.jingzaoyd} callers=com.android.server.wm.WindowState.removeIfPossible:5158708 com.android.server.wm.WindowManagerService.removeWindow:4761880 android.view.ViewRootImpl.dispatchDetachedFromWindow:3533620 android.view.ViewRootImpl.doDie:3531644 android.view.ViewRootImpl$ViewRootHandler.handleMessage:5059120
2021-11-10 15:06:23.320 9957-9957/? D/InputEventReceiver: dispatchInputInterval 1000000
2021-11-10 15:06:23.321 1680-1748/? I/WindowManager: Not removing Window{a462899 u0 Splash Screen com.shopwonder.jingzaoyd EXITING} due to exit animation
2021-11-10 15:06:23.321 10504-10504/com.shopwonder.jingzaoyd W/InputMethodManager: startInputReason = 5
2021-11-10 15:06:23.322 9957-10188/? I/ImeNamedRunnable: Thread pool-6-thread-1, Runnable named igsm::onStartInput, use time 0ms
2021-11-10 15:06:23.323 9957-10205/? I/ImeNamedRunnable: Thread pool-1-thread-1, Runnable named iinputm::onStartInput, use time 0ms
2021-11-10 15:06:23.324 9957-9957/? I/ring_expand: floatImeState : false
2021-11-10 15:06:23.324 9957-9957/? I/ring_expand: isLeftrightSplit : false
2021-11-10 15:06:23.324 9957-9957/? I/ring_expand: is_compress : false
2021-11-10 15:06:23.324 9957-9957/? I/ring_expand: final Global.screenW = 1080
2021-11-10 15:06:23.325 9957-9957/? I/HuaweiIME: SysInfo.getSysParam: orientation=1||config d=3.0,w=1080,h=2259||metrics d=3.0,w=1080,h=2259||sdk=29,bar_h=81||appScale=3.3,sysScale=3.0||isMultiWin=false,isPadMode=false, boardw=1080, boardH=705, candH=130, boardL=0, boardR=1080, ver=8.2.39.378, realW=1080, realH=2340, isInLargeWinMode=false, displayId=0, cuid=88G3BC-798C9B-5747C0-G60GE3-9BF31D-GB
2021-11-10 15:06:23.325 9957-9957/? I/HuaweiIME: isPortrait-adjustOffset-r: 5
2021-11-10 15:06:23.325 9957-9957/? I/HuaweiIME:  isNight : false
2021-11-10 15:06:23.331 1680-3273/? V/ActivityTaskManager: Activity idle: Token{a3742bd ActivityRecord{a396705 u0 com.shopwonder.jingzaoyd/.ui.activity.SplashActivity t316}}
2021-11-10 15:06:23.333 2775-2775/? I/InstantView: This activity stopped. onHide called.
2021-11-10 15:06:23.333 2775-2775/? I/chatty: uid=10075(com.huawei.android.launcher) identical 4 lines
2021-11-10 15:06:23.333 2775-2775/? I/InstantView: This activity stopped. onHide called.
2021-11-10 15:06:23.334 2775-2775/? W/HwLauncher: StateManager Launcher in state:NormalState{1553d9 ordinal = 0,mContainerType = 1,mIsOverviewUi = false}, mConfig.mCurrentAnimationSet == null
2021-11-10 15:06:23.334 2775-2775/? I/HwLauncher: Launcher Icon:81 Widget:1 Folder:4 Icon in folder:38, in drawer:0
2021-11-10 15:06:23.334 2775-3070/? I/AbilityFormProxy-0601: notifyWhetherVisibleForm come from aar, eventType is 2
2021-11-10 15:06:23.339 2775-3070/? I/AbilityFormProxy-0601: disableFormUpdate come from aar
2021-11-10 15:06:23.339 780-5583/? D/AudioPolicyService: getUidState(10208) cacheIter->second.first, return cacheIter->second.second(4)
2021-11-10 15:06:23.339 780-5583/? D/AudioPolicyService: getUidState(10188) cacheIter->second.first, return cacheIter->second.second(5)
2021-11-10 15:06:23.339 780-5583/? D/AudioPolicyService: getUidState(10075) cacheIter->second.first, return cacheIter->second.second(2)
2021-11-10 15:06:23.339 780-5583/? D/AudioPolicyService: getUidState(10066) cacheIter->second.first, return cacheIter->second.second(5)
2021-11-10 15:06:23.339 780-5583/? D/AudioPolicyService: getUidState(10031) cacheIter->second.first, return cacheIter->second.second(4)
2021-11-10 15:06:23.339 780-5583/? D/AudioPolicyService: getUidState(11104) cacheIter->second.first, return cacheIter->second.second(20)
2021-11-10 15:06:23.339 2526-2940/? D/DollieActivityManagerAdapter: [UidStateChanged]  uid:10075 uidState:6
2021-11-10 15:06:23.339 2526-2940/? E/DollieAdapterService: notifyActivityState pkg:com.huawei.android.launcher/com.huawei.android.launcher.unihome.UniHomeLauncher state:6 fg:false mUid:10075
2021-11-10 15:06:23.340 2526-2940/? I/OllieMsgCenter: publishEvt=2130771969
2021-11-10 15:06:23.340 2526-2940/? I/SmartDualCardConfig: getAppType,pkgName=com.huawei.android.launcher,appType=28
2021-11-10 15:06:23.340 2526-2940/? E/SmartDualCardConfig: isAppInBlackList false,items==null
2021-11-10 15:06:23.341 2526-2940/? E/ScgQuickAddManager: uidInfo.isForeGroundUid() is false
2021-11-10 15:06:23.341 2526-2940/? I/OllieMsgCenter: publishEvt=2134966274
2021-11-10 15:06:23.341 2775-3070/? E/AbilityFormHost: stopListening [2ms]
2021-11-10 15:06:23.346 1680-2133/? I/WindowManager: notifyAppStopped: AppWindowToken{a6b4a79 token=Token{a71179e ActivityRecord{a70bcc6 u0 com.huawei.android.launcher/.unihome.UniHomeLauncher t1}}}
2021-11-10 15:06:23.346 1680-2133/? E/WindowManager: win=Window{a082009 u0 com.huawei.intelligent.Workspace} destroySurfaces: appStopped=true win.mWindowRemovalAllowed=false win.mRemoveOnExit=false
2021-11-10 15:06:23.347 1680-2133/? E/WindowManager: win=Window{a07e929 u0 com.huawei.android.launcher/com.huawei.android.launcher.unihome.UniHomeLauncher} destroySurfaces: appStopped=true win.mWindowRemovalAllowed=false win.mRemoveOnExit=false
2021-11-10 15:06:23.349 780-14221/? D/AudioPolicyService: getUidState(11104) cacheIter->second.first, return cacheIter->second.second(7)
2021-11-10 15:06:23.350 1680-2163/? D/HwConnectivityServiceEx: set 1000 wlan0 value false
2021-11-10 15:06:23.351 1680-2163/? W/AwareLog: SchedLevelBoost: onFgActivitiesChanged config not set!
2021-11-10 15:06:23.352 780-14221/? D/AudioPolicyService: getUidState(11104) cacheIter->second.first, return cacheIter->second.second(11)
2021-11-10 15:06:23.428 1680-1748/? I/WindowManager: Exit animation finished in Window{a462899 u0 Splash Screen com.shopwonder.jingzaoyd EXITING}: remove=true
2021-11-10 15:06:23.428 1680-1748/? E/WindowManager: win=Window{a462899 u0 Splash Screen com.shopwonder.jingzaoyd EXITING} destroySurfaces: appStopped=false win.mWindowRemovalAllowed=true win.mRemoveOnExit=true
2021-11-10 15:06:23.429 1680-1748/? I/WindowManager: postWindowRemoveCleanupLocked: Window{a462899 u0 Splash Screen com.shopwonder.jingzaoyd}
2021-11-10 15:06:23.429 1680-1748/? I/WindowManager: Removing Window{a462899 u0 Splash Screen com.shopwonder.jingzaoyd} from AppWindowToken{a88a441 token=Token{a3742bd ActivityRecord{a396705 u0 com.shopwonder.jingzaoyd/.ui.activity.SplashActivity t316}}}
2021-11-10 15:06:23.430 1680-1745/? D/StatusBarManagerService: win:Window{a6db4e1 u0 com.shopwonder.jingzaoyd/com.shopwonder.jingzaoyd.ui.activity.SplashActivity}mIsColorEnable:truelight:true
2021-11-10 15:06:23.430 1680-1745/? I/StatusBarDisable: setFlags what=0 which=1 pkg=Window{a6db4e1 u0 com.shopwonder.jingzaoyd/com.shopwonder.jingzaoyd.ui.activity.SplashActivity}
2021-11-10 15:06:23.430 2397-26045/? D/HwCommandQueue: CommandQueue, set Launcher StatusBar Color
2021-11-10 15:06:23.749 1680-3280/? I/PackageManager: getInstalledPackages cost 5 ms, flags: 786432, userId: 0, callingUid: 1000, callingPid: 26636
2021-11-10 15:06:23.749 1680-3273/? V/ActivityManager: Successfully start provider ContentProviderRecord{a71e012 u0 com.huawei.systemmanager/.comm.preferenceprovider.SharedPreferenceProvider} launchingApp=null caller pid= 26636
2021-11-10 15:06:23.752 2841-3869/? W/ContextImpl: Calling a method in the system process without a qualified user: android.app.ContextImpl.bindService:1777 com.huawei.antivirus.features.plugin.PluginAntivirusEngineConnection.bindPluginService:134 com.huawei.antivirus.features.plugin.PluginAntivirusEngineConnection.init:57 com.huawei.aiprotection.AiPluginConnectionProxy.init:30 com.huawei.android.security.inspection.CloudQueryHelper.loadCloudClients:138 
2021-11-10 15:06:23.757 780-14221/? D/AudioPolicyService: getUidState(10170) cacheIter->second.first, return cacheIter->second.second(11)
2021-11-10 15:06:23.760 26711-27476/? D/QihooCloudClient: setOption: countryCode = CN
2021-11-10 15:06:23.760 26711-27476/? D/QihooCloudClient: setOption: chipType = kirin990
2021-11-10 15:06:23.762 1680-2562/? V/ActivityManager: Successfully start provider ContentProviderRecord{a6399dd u0 com.huawei.systemmanager/com.huawei.securitycenter.antivirus.db.keyvalue.KeyValueDatabaseProvider} launchingApp=ProcessRecord{a8b1559 26636:com.huawei.systemmanager:security_scan/1000} caller pid= 2841
2021-11-10 15:06:23.766 1680-2562/? V/ActivityManager: Successfully start provider ContentProviderRecord{a5735d4 u0 com.huawei.systemmanager/com.huawei.securitycenter.permission.service.recommend.db.PermCloudDBProvider} launchingApp=null caller pid= 26636
2021-11-10 15:06:23.773 1680-3222/? D/HwAddViewManager: handleMessage msg=2
2021-11-10 15:06:23.773 1680-3222/? D/HwAddViewManager: convert array over
2021-11-10 15:06:23.774 1680-3222/? I/HwAddViewManager: syncInterceptionList: start to insertOrUpdateCoreInterceptionList: {com.qihoo.appstore=11, com.dianping.v1=3}
2021-11-10 15:06:23.817 1071-1115/? D/AwareLog: iawared: WorkingsetProcessCommand subCmd = 351, userId=11832, pid=10504, com.shopwonder.jingzaoyd
2021-11-10 15:06:23.818 1071-1115/? D/AwareLog: iawared: WorkingsetPause com.shopwonder.jingzaoyd
2021-11-10 15:06:24.031 1065-1065/? E/Thermal-daemon:hw_thermal: [charger_ic] tempNew :36  tempOld :35
2021-11-10 15:06:24.032 1065-1065/? E/Thermal-daemon:hw_thermal: Report temperature: [charger_ic] temp :36  reportThreshold:1
2021-11-10 15:06:24.074 26711-26757/? I/qvs-i: Destroy handle: 477829645824
2021-11-10 15:06:24.231 1680-2221/? I/WificondControl: Noise: -70, Snr: 38, Chload: 859, rssi: -27, txBitrate: 780, rxBitrate: 780, frequency: 5180, UlDelay: 0, currentTxBytes: 13320957, currentTxPackets: 63344, currentTxFailed: 0, currentRxBytes: 103745255, currentRxPackets: 106496
2021-11-10 15:06:24.236 1680-2221/? V/HwWifiServiceFactory: get AllImpl object = com.android.server.wifi.HwWifiServiceFactoryImpl@a06ec8d
2021-11-10 15:06:24.273 2526-2940/? I/HwPacketFilterBypass: isBypassAllowed not allowed reason: DATA_OFF
2021-11-10 15:06:24.273 2526-2940/? I/HwPacketFilterBypass: kernelAddTrackUid uid:11832 allowed:false
2021-11-10 15:06:24.274 4332-4837/? I/ContentSensor_PackageUtil: pkgName : com.shopwonder.jingzaoyd
2021-11-10 15:06:24.284 2526-4099/? D/LteRecoveryEngine: UnRecoverState processMessage UPDATE_PS_SLOW_VALUE
2021-11-10 15:06:24.298 2526-4044/? I/Booster_Qoe: AdaBoostPredict rlt,index:6,NisPsSlow:0,NProba:309,rsrp(rssi):-40,rsrq(noise):-60,rtt(chload):200,buffhigh(uldelay):0,buffcomm(rtt):0
2021-11-10 15:06:24.299 2526-4044/? I/Booster_Qoe: AdaBoostPredict rlt,index:2,NisPsSlow:0,NProba:309,rsrp(rssi):-40,rsrq(noise):-60,rtt(chload):200,buffhigh(uldelay):0,buffcomm(rtt):28
2021-11-10 15:06:24.300 2526-2940/? E/BoosterUtil: convertSubIdToSlotId failed, subId:0, slotId:-1
2021-11-10 15:06:24.300 2526-2940/? E/BoosterUtil: getDefaultDataSlotId failed, invalid slotId:-1, subId:0
2021-11-10 15:06:24.300 2526-2940/? E/NrSmartCure: onNetworkQoeUpdate failed, invalid defaultDataSlotId=-1
2021-11-10 15:06:24.301 2526-4044/? I/Collector: HandleRawWifiInfo: flag:0, netId:0!
2021-11-10 15:06:24.302 2526-3508/? I/Hicom_Monitor: handleNetworkQoeReport. foregroundAppTcpRtt: 0, maxRatioChannelId: 2
2021-11-10 15:06:24.302 2526-3508/? I/Hicom_Monitor: handleNetworkQoeReport. qoeString: 11832,4,0,309,1,2,4,0,309,0,0,10,10,0,0,0,0
2021-11-10 15:06:24.302 2526-3508/? I/Utils: multipathPolicy is null
2021-11-10 15:06:24.303 1680-2325/? I/WiFi_PRO_WifiProStateMachine: APP_SERVICE_QOE_NOTIFY Qoe info 11832,4,0,309,1,2,4,0,309,0,0,10,10,0,0,0,0 CID 2 mMasterWifiRssi 0 mMasterCardAmbr 1048576 mSlaveCardAmbr 1048576
2021-11-10 15:06:24.303 1680-2325/? I/HwWifiProServiceProxy: ctrlHwWifiNetwork pkgName: WIFIPRO_SERVICE interfaceId: 9
2021-11-10 15:06:24.303 1680-2325/? I/WiFi_PRO_WifiProStateMachine: isWifi2WifiProcess = false, mIsNeedIgnoreQoeUpdate = false, mIsAppInBlacklist = false, mIsAppInBlacklistFullScreen = false, mIsWiFiNoInternet false, screen on = true, full screen = true, isLandscapeMode = false, mNotifyWifiLinkPoorReason = -1
2021-11-10 15:06:24.304 1680-2325/? I/WiFi_PRO_WifiProStateMachine: mChannelQoeBadCnt = 0, mAppQoeBadCnt = 0, mNetworkSlowReason = 0, mNetworkSlowChannelBadCnt = 0
2021-11-10 15:06:24.305 1680-2325/? E/WiFi_PROHumanFactorRecommend: isRichTrafficUser, invalid slotId=-1
2021-11-10 15:06:24.306 1680-2325/? E/WiFi_PROHumanFactorRecommend: isEconomicTrafficUser, invalid slotId=-1
2021-11-10 15:06:24.756 780-14221/? D/AudioPolicyService: getUidState(10029) cacheIter->second.first, return cacheIter->second.second(11)
2021-11-10 15:06:24.762 26711-26757/? I/CloudHttpClient: shutdown called. id:29930888 cost:688
2021-11-10 15:06:24.777 1680-2220/? I/TrafficMonitor: update:rxPkts:12,txPkts:16,rxBytes:6115,txBytes:2884
2021-11-10 15:06:24.777 1680-2220/? I/TrafficMonitor: gettimer:interval=2000
2021-11-10 15:06:24.778 780-14221/? D/AudioPolicyService: getUidState(10170) cacheIter->second.first, return cacheIter->second.second(6)
2021-11-10 15:06:24.778 780-14221/? D/AudioPolicyService: getUidState(10029) cacheIter->second.first, return cacheIter->second.second(6)
2021-11-10 15:06:24.850 1680-2221/? I/WificondControl: Noise: -69, Snr: 41, Chload: 827, rssi: -26, txBitrate: 702, rxBitrate: 650, frequency: 5180, UlDelay: 0, currentTxBytes: 13323104, currentTxPackets: 63358, currentTxFailed: 0, currentRxBytes: 103750679, currentRxPackets: 106508
2021-11-10 15:06:24.853 1680-2220/? I/WiFi_PRO: MSG_RETURN_AP_CURRY_RSSI rssi = -26
2021-11-10 15:06:24.854 1680-2326/? I/HuaweiWifiWatchdogStateMachine: POta txb txg rxg:0, 100, 0. Lr =0% Totpkt=100
2021-11-10 15:06:24.854 1680-2220/? I/QosMonitor: queryRtt: rttType = 3
2021-11-10 15:06:24.854 1680-2328/? I/HwDualBandManager: handle2gApStrongWifiRssiChange
2021-11-10 15:06:24.854 1680-2220/? I/HwWifiProServiceProxy: ctrlHwWifiNetwork pkgName: WIFIPRO_SERVICE interfaceId: 8
2021-11-10 15:06:24.854 1680-2220/? I/QosMonitor: postEventFromNative: msg=100,arg1=4,arg2=10
2021-11-10 15:06:24.855 1680-2220/? I/HwWifiProServiceProxy: ctrlHwWifiNetwork pkgName: WIFIPRO_SERVICE interfaceId: 8
2021-11-10 15:06:24.855 1680-2220/? I/QosMonitor: postEventFromNative: msg=100,arg1=0,arg2=10
2021-11-10 15:06:24.855 1680-2220/? I/MQoS: rtt=428,tcpTxPkts=211822,tcpRxPkts=417471
2021-11-10 15:06:24.855 1680-2220/? I/QosMonitor: resetRtt: rttType = 3
2021-11-10 15:06:24.855 1680-2220/? I/HwWifiProServiceProxy: ctrlHwWifiNetwork pkgName: WIFIPRO_SERVICE interfaceId: 8
2021-11-10 15:06:24.856 1680-2326/? I/HuaweiWifiWatchdogStateMachine: PTcp RTT:428, rtt pkt=37, tcp_rx=71, tcp_tx=81, tcp_reTran=0, rtRate=0
2021-11-10 15:06:24.856 1680-2326/? I/HuaweiWifiWatchdogStateMachine: start computeQosLevel tcpRtt = 428 ,rssi = -26 ,mBestSpeedInPeriod = 10516
2021-11-10 15:06:24.856 1680-2326/? I/HuaweiWifiWatchdogStateMachine: smoothConsecutiveQosResults, currentQosLevel = 3
2021-11-10 15:06:24.859 1680-11112/? I/MQoS: QOS_level:0(0),wifi-link;SIM error;use level-0
2021-11-10 15:06:25.048 2526-2940/? I/SpeedTestNotifier: is low speed scene
2021-11-10 15:06:25.270 2526-2940/? I/ConnCureStateMonitor: handleMessage: msg[4]
2021-11-10 15:06:25.274 2526-2940/? I/ConnCureStateMonitor: canPerformConnCure: network is not in service.
2021-11-10 15:06:25.274 2526-2940/? D/ConnCureConfigUtil: isCaredApp: input = com.shopwonder.jingzaoyd
