2021-11-10 15:06:35.891 1680-2562/? D/HwGameAssistantController: isGameForeground? false
2021-11-10 15:06:35.892 1680-2562/? I/ActivityTaskManager: ActivityRecord info: ActivityInfo{a354cc1 com.css.ble.ui.CommonDeviceActivity}
2021-11-10 15:06:35.892 1680-2562/? D/ActivityTaskManager: TaskLaunchParamsModifier:task=null activity=ActivityRecord{a4195c2 u0 com.shopwonder.jingzaoyd/com.css.ble.ui.CommonDeviceActivity t-1} display-id=0 display-windowing-mode=1
2021-11-10 15:06:35.893 1680-2562/? D/ActivityTaskManager: TaskLaunchParamsModifier:task=TaskRecord{a7b4cc7 #316 A=11832:com.shopwonder.jingzaoyd U=0 StackId=68 sz=2} activity=ActivityRecord{a4195c2 u0 com.shopwonder.jingzaoyd/com.css.ble.ui.CommonDeviceActivity t-1} display-from-task=0 display-id=0 display-windowing-mode=1 inherit-fullscreen non-freeform-display
2021-11-10 15:06:35.893 1680-2562/? V/ActivityTaskManager: positionChild stackId=68 to top.
2021-11-10 15:06:35.893 1680-2562/? V/ActivityTaskManager: positionChild stackId=68 to top.
2021-11-10 15:06:35.895 1680-2562/? I/WindowManager: addWindowToken: displayid:0 binder:Token{a83953f ActivityRecord{a4195c2 u0 com.shopwonder.jingzaoyd/com.css.ble.ui.CommonDeviceActivity t316}} token:AppWindowToken{a049a79 token=Token{a83953f ActivityRecord{a4195c2 u0 com.shopwonder.jingzaoyd/com.css.ble.ui.CommonDeviceActivity t316}}}
2021-11-10 15:06:35.895 1680-2562/? V/ActivityTaskManager: addAppToken: AppWindowToken{a049a79 token=Token{a83953f ActivityRecord{a4195c2 u0 com.shopwonder.jingzaoyd/com.css.ble.ui.CommonDeviceActivity t316}}} task={taskId=316 appTokens=[AppWindowToken{a55c041 token=Token{a3718f9 ActivityRecord{a822848 u0 com.shopwonder.jingzaoyd/.ui.activity.MainActivity t316}}}, AppWindowToken{a852fc9 token=Token{a754e40 ActivityRecord{a3a6848 u0 com.shopwonder.jingzaoyd/com.css.ble.ui.DeviceListActivity t316}}}] mdr=false} at 2147483647
2021-11-10 15:06:35.897 1680-2562/? I/ActivityTaskManager: setAppStartingWindow: token=Token{a83953f ActivityRecord{a4195c2 u0 com.shopwonder.jingzaoyd/com.css.ble.ui.CommonDeviceActivity t316}} pkg=com.shopwonder.jingzaoyd transferFrom=null newTask=false taskSwitch=false processRunning=true allowTaskSnapshot=true activityCreated=false LowRamTaskSnapshots=false
2021-11-10 15:06:35.901 1071-1115/? D/AwareLog: iawared: WorkingsetProcessCommand subCmd = 352, userId=11832, pid=10504, com.shopwonder.jingzaoyd/com.css.ble.ui.DeviceListActivity
2021-11-10 15:06:35.902 1071-1115/? D/AwareLog: iawared: WorkingsetStop com.shopwonder.jingzaoyd/com.css.ble.ui.DeviceListActivity
2021-11-10 15:06:35.903 1071-1115/? D/AwareLog: iawared: WorkingsetProcessCommand subCmd = 350, userId=11832, pid=10504, com.shopwonder.jingzaoyd/com.css.ble.ui.CommonDeviceActivity
2021-11-10 15:06:35.903 1071-1115/? D/AwareLog: iawared: WorkingsetSendPrereadMsg com.shopwonder.jingzaoyd/com.css.ble.ui.CommonDeviceActivity
2021-11-10 15:06:35.904 10504-10504/com.shopwonder.jingzaoyd D/CrashReport: >>> com.css.ble.ui.DeviceListActivity onPaused <<<
2021-11-10 15:06:35.905 1071-1115/? D/AwareLog: iawared: WorkingsetStart com.shopwonder.jingzaoyd/com.css.ble.ui.CommonDeviceActivity in monitor0
2021-11-10 15:06:35.909 10504-10504/com.shopwonder.jingzaoyd I/CrashReport-Native: jni_setNativeInfo: key is 14
2021-11-10 15:06:35.909 10504-10504/com.shopwonder.jingzaoyd I/CrashReport-Native: Set native info: isAppForeground(false)
2021-11-10 15:06:35.911 1680-2133/? I/ActivityTaskManager: Making visible and scheduling visibility: ActivityRecord{a4195c2 u0 com.shopwonder.jingzaoyd/com.css.ble.ui.CommonDeviceActivity t316}
2021-11-10 15:06:35.911 1680-2133/? I/HwDisplayRotationEx: swingRotationForSensor desireRotation 0 swingRotation 0 sensorRotation 0 lastRotation 0
2021-11-10 15:06:35.912 1680-2133/? I/HwWindowManagerServiceEx: setLandAnimationInfo : false
2021-11-10 15:06:35.912 1680-2133/? I/HwDisplayRotationEx: swingRotationForSensor desireRotation 0 swingRotation 0 sensorRotation 0 lastRotation 0
2021-11-10 15:06:35.912 1680-2133/? I/HwWindowManagerServiceEx: setLandAnimationInfo : false
2021-11-10 15:06:35.914 1680-2133/? I/WindowManager: Changing focus from Window{a6db571 u0 com.shopwonder.jingzaoyd/com.css.ble.ui.DeviceListActivity} to null displayId=0 Callers=com.android.server.wm.RootWindowContainer.updateFocusedWindowLocked:6659068 com.android.server.wm.WindowManagerService.updateFocusedWindowLocked:6658544 com.android.server.wm.ActivityDisplay.setFocusedApp:5473928 com.android.server.wm.ActivityTaskManagerService.setResumedActivityUncheckLocked:5472944
2021-11-10 15:06:35.914 1680-2133/? I/HwDisplayContentEx: currentFocus windowstate null
2021-11-10 15:06:35.915 1680-2133/? D/ZrHung.AppEyeFocusWindow: FocusWindowErrorScene CheckFreezeScreen
2021-11-10 15:06:35.915 1680-2133/? D/ZrHung.AppEyeTransparentWindow: TransparentWindow cancelCheckFreezeScreen
2021-11-10 15:06:35.918 1680-2133/? I/WindowManager: Checking 1 opening apps (frozen=false timeout=false)...
2021-11-10 15:06:35.918 1680-2133/? I/WindowManager: Check opening app=AppWindowToken{a049a79 token=Token{a83953f ActivityRecord{a4195c2 u0 com.shopwonder.jingzaoyd/com.css.ble.ui.CommonDeviceActivity t316}}}: allDrawn=false startingDisplayed=false startingMoved=false isRelaunching()=false startingWindow=null
2021-11-10 15:06:35.918 1680-1747/? V/ActivityTaskManager: Activity idle: null
2021-11-10 15:06:35.918 1680-1747/? V/ActivityTaskManager: Stopping ActivityRecord{a3a6848 u0 com.shopwonder.jingzaoyd/com.css.ble.ui.DeviceListActivity t316}: nowVisible=false animating=true finishing=false
2021-11-10 15:06:35.919 10504-10504/com.shopwonder.jingzaoyd W/ActivityThread: handleWindowVisibility: no activity for token android.os.BinderProxy@185c94a
2021-11-10 15:06:35.921 1680-1757/? I/HwAudioServiceEx: ComponentInfo : className = com.css.ble.ui.DeviceListActivity, flag = onPause, isHomeActivity = , isTop = false
2021-11-10 15:06:35.921 2570-5631/? I/HiAdKit.DC.PageSwitchMonitor:  call
2021-11-10 15:06:35.921 1680-2251/? W/HwAudioServiceEx: SoundEffectState bundle get reserved is invalid
2021-11-10 15:06:35.922 1680-2251/? I/HwAudioServiceEx: sendAppKilledIntentForKit, isKitPackageOnPause = false, isKitPackageKill = false, isKitPackageOnResume = false
2021-11-10 15:06:35.922 2526-2940/? D/DollieActivityManagerAdapter: [Paused] pid:10504 uid:11832 ComponentInfo{com.shopwonder.jingzaoyd/com.css.ble.ui.DeviceListActivity} uidState:2
2021-11-10 15:06:35.930 10504-10504/com.shopwonder.jingzaoyd W/ndercorefit:bl: Accessing hidden method Landroid/app/ActivityThread;->currentActivityThread()Landroid/app/ActivityThread; (greylist, reflection, allowed)
2021-11-10 15:06:35.930 10504-10504/com.shopwonder.jingzaoyd W/ndercorefit:bl: Accessing hidden method Landroid/app/ActivityThread;->getApplication()Landroid/app/Application; (greylist, reflection, allowed)
2021-11-10 15:06:35.938 10504-10504/com.shopwonder.jingzaoyd V/ActivityThread: callActivityOnCreate
2021-11-10 15:06:35.939 10504-10504/com.shopwonder.jingzaoyd D/CommonDeviceActivity: deviceType:HORIZONTAL_BAR
2021-11-10 15:06:35.941 10504-10504/com.shopwonder.jingzaoyd D/CrashReport: >>> com.css.ble.ui.CommonDeviceActivity onCreated <<<
2021-11-10 15:06:35.954 10504-10504/com.shopwonder.jingzaoyd I/DecorView[]: pkgName:com.shopwonder.jingzaoyd old windowMode:0 new windoMode:1, isFixedSize:false
2021-11-10 15:06:35.964 1680-2133/? I/HwDisplayRotationEx: swingRotationForSensor desireRotation 0 swingRotation 0 sensorRotation 0 lastRotation 0
2021-11-10 15:06:35.964 1680-2133/? I/HwWindowManagerServiceEx: setLandAnimationInfo : false
2021-11-10 15:06:35.965 1680-2133/? I/HwPCUtils#HwPCMultiWindowManager: requestedOrientation: 1
2021-11-10 15:06:35.966 10504-10504/com.shopwonder.jingzaoyd D/ActivityThread: add activity client record, r= ActivityRecord{feff405 token=android.os.BinderProxy@185c94a {com.shopwonder.jingzaoyd/com.css.ble.ui.CommonDeviceActivity}} token= android.os.BinderProxy@185c94a
2021-11-10 15:06:35.972 10504-10504/com.shopwonder.jingzaoyd D/CrashReport: >>> com.css.ble.ui.CommonDeviceActivity onResumed <<<
2021-11-10 15:06:35.973 10504-10504/com.shopwonder.jingzaoyd I/CrashReport-Native: jni_setNativeInfo: key is 14
2021-11-10 15:06:35.973 10504-10504/com.shopwonder.jingzaoyd I/CrashReport-Native: Set native info: isAppForeground(true)
2021-11-10 15:06:36.010 10504-10504/com.shopwonder.jingzaoyd I/BaseFragment: CommonBondBeginFragment fragment onResume:true;isVisible:false;isHidden:false;getUserVisibleHint:true;isAdded:true
2021-11-10 15:06:36.010 10504-10504/com.shopwonder.jingzaoyd I/BaseFragment: CommonBondBeginFragment [setUserVisible]isUserVisible:[true]
2021-11-10 15:06:36.010 10504-10504/com.shopwonder.jingzaoyd I/BaseFragment: CommonBondBeginFragment [onUserVisible]
2021-11-10 15:06:36.012 10504-10504/com.shopwonder.jingzaoyd D/MouseWheelSynthesizer: mMoveStepInDp: 64, mMoveStepInPixel: 192, mUpTimeDelayed: 100
2021-11-10 15:06:36.013 10504-10504/com.shopwonder.jingzaoyd D/ViewRootImpl: ViewRootImpl mIsInProductivePCDisplay: false
2021-11-10 15:06:36.013 1680-2133/? I/HwPCUtils#HwRioViewManager: check if rio enable, displayId = 0ï¼Œ packageName = com.shopwonder.jingzaoyd
2021-11-10 15:06:36.014 10504-10504/com.shopwonder.jingzaoyd I/DecorView[]: pkgName:com.shopwonder.jingzaoyd old windowMode:1 new windoMode:1, isFixedSize:false
2021-11-10 15:06:36.015 1680-2133/? E/WindowManager: App trying to use insecure INPUT_FEATURE_NO_INPUT_CHANNEL flag. Ignoring
2021-11-10 15:06:36.016 1680-2133/? I/WindowManager: addWindow: Window{a0820e1 u0 com.shopwonder.jingzaoyd/com.css.ble.ui.CommonDeviceActivity} client:android.os.BinderProxy@a70079d currentDisplayId:0 requestDisplayId:0 token:Token{a83953f ActivityRecord{a4195c2 u0 com.shopwonder.jingzaoyd/com.css.ble.ui.CommonDeviceActivity t316}}
2021-11-10 15:06:36.017 10504-10504/com.shopwonder.jingzaoyd D/InputEventReceiver: dispatchInputInterval 1000000
2021-11-10 15:06:36.018 2775-3299/? I/HwLauncher: LocalTaskList loadTasksInBackground:1 numTasks:3 currentUserId:0
2021-11-10 15:06:36.019 1680-1757/? I/HwAudioServiceEx: ComponentInfo : className = com.css.ble.ui.CommonDeviceActivity, flag = onResume, isHomeActivity = , isTop = true
2021-11-10 15:06:36.019 10504-10504/com.shopwonder.jingzaoyd D/DecorView: showOrHideHighlightView: hasFocus=false; winMode=1; isMrgNull=true
2021-11-10 15:06:36.019 4815-5559/? I/CAWARENESS_AppUsageManager: onEvent, packageName=com.shopwonder.jingzaoyd, activityName=com.css.ble.ui.CommonDeviceActivity
2021-11-10 15:06:36.019 2570-5631/? I/HiAdKit.DC.PageSwitchMonitor:  call
2021-11-10 15:06:36.019 2526-19289/? I/Hicom_Monitor: mActivityNotifierEx, className = com.css.ble.ui.CommonDeviceActivity, uid = 11832
2021-11-10 15:06:36.019 1680-2251/? W/HwAudioServiceEx: SoundEffectState bundle get reserved is invalid
2021-11-10 15:06:36.020 1680-2251/? I/HwAudioServiceEx: sendAppKilledIntentForKit, isKitPackageOnPause = false, isKitPackageKill = false, isKitPackageOnResume = false
2021-11-10 15:06:36.020 2526-19289/? I/Hicom_MessageServ: sendMessageInternal: MESSAGE_FOREGROUND_ACTIVITY_CHANGED
2021-11-10 15:06:36.020 2526-3508/? I/Hicom_MessageServ: handleMessage: MESSAGE_FOREGROUND_ACTIVITY_CHANGED, distributing for + 3 handlers
2021-11-10 15:06:36.020 2526-2940/? D/DollieActivityManagerAdapter: [Resumed] bg:false pid:10504 uid:11832 ComponentInfo{com.shopwonder.jingzaoyd/com.css.ble.ui.CommonDeviceActivity}
2021-11-10 15:06:36.020 2526-2940/? E/DollieAdapterService: notifyActivityState pkg:com.shopwonder.jingzaoyd/com.css.ble.ui.CommonDeviceActivity state:2 fg:true mUid:11832
2021-11-10 15:06:36.020 4815-5559/? I/CAWARENESS_AbilityContext: [1636527996244] publishing {dataId=100000006, mode=0}
2021-11-10 15:06:36.020 4815-5559/? I/CAWARENESS_AbilityContext: [1636527996244] deliver {dataId=100000006, mode=0} to 30 receivers
2021-11-10 15:06:36.020 2526-2940/? I/OllieMsgCenter: publishEvt=2130771985
2021-11-10 15:06:36.020 2526-2940/? D/ForegroundDataOpt: is APK changed:false uid:11832 mBgLimitLevel:0
2021-11-10 15:06:36.021 2526-2940/? E/Booster_MatterAppRecommend: [isMatterPackage]invalid mMatterPackagesConfig
2021-11-10 15:06:36.022 4815-10754/? I/CAWARENESS_LastUsedAppLabelAbility: onDataReceive packageName com.shopwonder.jingzaoyd
2021-11-10 15:06:36.022 4815-10758/? W/CAWARENESS_LifecycleCompatibleFence: timestamp is invalid
2021-11-10 15:06:36.022 2624-15672/? I/OPCollectLog: AppChangeImpl:call onAppChange.
2021-11-10 15:06:36.023 2624-5451/? I/OPCollectLog: HwForegroundAppAction:handleMessage 
2021-11-10 15:06:36.023 2624-5451/? D/OPCollectLog: HwForegroundAppAction:FG executeWithArgs
2021-11-10 15:06:36.023 2624-5451/? I/OPCollectLog: OPCollectUtils:ODMF Api Version:2.16.3
2021-11-10 15:06:36.023 2624-5451/? I/OPCollectLog: Action:HwForegroundAppAction executed successfully
2021-11-10 15:06:36.023 2624-5451/? D/OPCollectLog: OdmfCollectScheduler:handleMessage msg: 4
2021-11-10 15:06:36.023 4815-10755/? I/CAWARENESS_AppUseIdsAbility: nothing to do
2021-11-10 15:06:36.023 10504-10504/com.shopwonder.jingzaoyd D/BleEnvService: BleDeviceService#onCreate
2021-11-10 15:06:36.023 2624-5451/? I/OPCollectLog: OdmfHelper:opcollectCache 1
2021-11-10 15:06:36.023 2624-5451/? I/OPCollectLog: OdmfHelper:opcollectCache curTime: 19984593, interval: 1180
2021-11-10 15:06:36.023 4815-5559/? I/CAWARENESS_AbilityContext: [1636527996247] publishing {dataId=100000007, mode=0}
2021-11-10 15:06:36.023 4815-5559/? I/CAWARENESS_AbilityContext: [1636527996247] deliver {dataId=100000007, mode=0} to 8 receivers
2021-11-10 15:06:36.023 4815-10756/? I/CAWARENESS_RecentAppChangeFence: lastReportPackage is com.shopwonder.jingzaoyd, packageName is com.shopwonder.jingzaoyd
2021-11-10 15:06:36.023 2624-5451/? I/OPCollectLog: OdmfHelper:isCharging: true
2021-11-10 15:06:36.025 10504-10563/com.shopwonder.jingzaoyd D/OpenGLRenderer: disableOutlineDraw is true
2021-11-10 15:06:36.026 2624-5451/? I/OPCollectLog: OdmfHelper:insert database success 
2021-11-10 15:06:36.026 2624-5451/? I/OPCollectLog: OdmfHelper:opcollectCache size: 1
2021-11-10 15:06:36.026 2624-5451/? I/OPCollectLog: OdmfHelper:opcollectCache lastTime: 19984595
2021-11-10 15:06:36.026 4815-10371/? I/CAWARENESS_DatabaseUtil: insert recId is 5190
2021-11-10 15:06:36.027 23121-23273/? I/HiDecision: OdmfCollectScheduler: OdmfCtrlMsgHandler receive msg type: 6
2021-11-10 15:06:36.029 1680-2133/? I/PackageManager: Returning preferred activity: com.huawei.android.launcher/com.huawei.android.launcher.unihome.UniHomeLauncher
2021-11-10 15:06:36.029 1680-2133/? I/PackageManager: choose best activity: com.huawei.android.launcher, com.huawei.android.launcher.unihome.UniHomeLauncher
2021-11-10 15:06:36.030 10504-10764/com.shopwonder.jingzaoyd D/HiTouch_PressGestureDetector: onAttached, package=com.shopwonder.jingzaoyd, windowType=1, mIsHiTouchRestricted=false
2021-11-10 15:06:36.040 1680-2133/? I/WindowManager: Checking 1 opening apps (frozen=false timeout=false)...
2021-11-10 15:06:36.040 1680-2133/? I/WindowManager: Check opening app=AppWindowToken{a049a79 token=Token{a83953f ActivityRecord{a4195c2 u0 com.shopwonder.jingzaoyd/com.css.ble.ui.CommonDeviceActivity t316}}}: allDrawn=false startingDisplayed=false startingMoved=false isRelaunching()=false startingWindow=null
2021-11-10 15:06:36.042 1680-2133/? I/WindowManager: Changing focus from null to Window{a0820e1 u0 com.shopwonder.jingzaoyd/com.css.ble.ui.CommonDeviceActivity} displayId=0 Callers=com.android.server.wm.RootWindowContainer.updateFocusedWindowLocked:6659068 com.android.server.wm.WindowManagerService.updateFocusedWindowLocked:6658544 com.android.server.wm.WindowManagerService.relayoutWindow:6261908 com.android.server.wm.Session.relayout:6266604
2021-11-10 15:06:36.042 1680-2133/? I/HwDisplayContentEx: currentFocus windowstate not null
2021-11-10 15:06:36.042 1680-1745/? D/StatusBarManagerService: win:Window{a0820e1 u0 com.shopwonder.jingzaoyd/com.css.ble.ui.CommonDeviceActivity}mIsColorEnable:truelight:true
2021-11-10 15:06:36.042 1680-1745/? I/StatusBarDisable: setFlags what=0 which=1 pkg=Window{a0820e1 u0 com.shopwonder.jingzaoyd/com.css.ble.ui.CommonDeviceActivity}
2021-11-10 15:06:36.042 1680-2133/? D/ZrHung.AppEyeFocusWindow: FocusWindowErrorScene cancelCheckFreezeScreen
2021-11-10 15:06:36.042 1680-2133/? I/HwDisplayContentEx: trans currentFocus windowstate not null
2021-11-10 15:06:36.042 1680-2133/? D/ZrHung.AppEyeTransparentWindow: TransparentWindow mHungConfigStatus = 0,mHungConfigEnable = 1
2021-11-10 15:06:36.042 2397-30779/? D/HwCommandQueue: CommandQueue, set Launcher StatusBar Color
2021-11-10 15:06:36.045 10504-10563/com.shopwonder.jingzaoyd D/mali_winsys: EGLint new_window_surface(egl_winsys_display *, void *, EGLSurface, EGLConfig, egl_winsys_surface **, EGLBoolean) returns 0x3000
2021-11-10 15:06:36.067 10504-10504/com.shopwonder.jingzaoyd D/BleEnvService: setViewModel:mViewModels.sizeï¼š1
2021-11-10 15:06:36.067 10504-10504/com.shopwonder.jingzaoyd D/CommonDeviceActivity: onServiceConnected:class java.lang.Class
2021-11-10 15:06:36.068 1680-1748/? I/WindowManager: Checking 1 opening apps (frozen=false timeout=false)...
2021-11-10 15:06:36.068 1680-1748/? I/WindowManager: Check opening app=AppWindowToken{a049a79 token=Token{a83953f ActivityRecord{a4195c2 u0 com.shopwonder.jingzaoyd/com.css.ble.ui.CommonDeviceActivity t316}}}: allDrawn=true startingDisplayed=false startingMoved=false isRelaunching()=false startingWindow=null
2021-11-10 15:06:36.068 1680-1748/? I/WindowManager: Checking 0 opening apps (frozen=false timeout=false)...
2021-11-10 15:06:36.068 1680-1748/? I/WindowManager: send SET_LAUNCHER_VISIBLE_IN_FINGER_BOOST visible: true,delay:0, handle:true, userId:0, callingPid: 1680
2021-11-10 15:06:36.068 1680-1748/? D/WindowManager: setActivityVisibleInFingerBoostInner fit:true record:ActivityRecord{a70bcc6 u0 com.huawei.android.launcher/.unihome.UniHomeLauncher t1} isInWallpaperEffect:false, callingPid: 1680
2021-11-10 15:06:36.068 1680-1748/? I/HwWindowManagerServiceEx: closing apps count = 1
2021-11-10 15:06:36.069 10504-10504/com.shopwonder.jingzaoyd D/DecorView: showOrHideHighlightView: hasFocus=true; winMode=1; isMrgNull=true
2021-11-10 15:06:36.069 10504-10504/com.shopwonder.jingzaoyd W/InputMethodManager: startInputReason = 1
2021-11-10 15:06:36.069 1680-1748/? D/HwWindowManagerServiceEx: is app exit to launcher info: transit = 6, app = AppWindowToken{a852fc9 token=Token{a754e40 ActivityRecord{a3a6848 u0 com.shopwonder.jingzaoyd/com.css.ble.ui.DeviceListActivity t316}}}, window = Window{a6db571 u0 com.shopwonder.jingzaoyd/com.css.ble.ui.DeviceListActivity}, mClosingApps = {AppWindowToken{a852fc9 token=Token{a754e40 ActivityRecord{a3a6848 u0 com.shopwonder.jingzaoyd/com.css.ble.ui.DeviceListActivity t316}}}}, topOpeningApp = AppWindowToken{a049a79 token=Token{a83953f ActivityRecord{a4195c2 u0 com.shopwonder.jingzaoyd/com.css.ble.ui.CommonDeviceActivity t316}}}, mExitIconBitmap = null, mExitIconHeight = -1, mExitIconWidth = -1
2021-11-10 15:06:36.069 1680-1748/? E/WindowManager: icon is null!!
2021-11-10 15:06:36.069 10504-10504/com.shopwonder.jingzaoyd W/HwRemoteInputMethodManager: isCasting false because IHwDistributedWindowManager is invalid.
2021-11-10 15:06:36.072 1680-1748/? V/WindowManager: commitVisibility: AppWindowToken{a852fc9 token=Token{a754e40 ActivityRecord{a3a6848 u0 com.shopwonder.jingzaoyd/com.css.ble.ui.DeviceListActivity t316}}}: hidden=true hiddenRequested=true
2021-11-10 15:06:36.072 1680-1748/? D/HwWindowManagerServiceEx: is app exit to launcher info: transit = 6, app = AppWindowToken{a049a79 token=Token{a83953f ActivityRecord{a4195c2 u0 com.shopwonder.jingzaoyd/com.css.ble.ui.CommonDeviceActivity t316}}}, window = Window{a0820e1 u0 com.shopwonder.jingzaoyd/com.css.ble.ui.CommonDeviceActivity}, mClosingApps = {AppWindowToken{a852fc9 token=Token{a754e40 ActivityRecord{a3a6848 u0 com.shopwonder.jingzaoyd/com.css.ble.ui.DeviceListActivity t316}}}}, topOpeningApp = AppWindowToken{a049a79 token=Token{a83953f ActivityRecord{a4195c2 u0 com.shopwonder.jingzaoyd/com.css.ble.ui.CommonDeviceActivity t316}}}, mExitIconBitmap = null, mExitIconHeight = -1, mExitIconWidth = -1
2021-11-10 15:06:36.072 1680-1748/? E/WindowManager: icon is null!!
2021-11-10 15:06:36.073 1680-1748/? V/WindowManager: commitVisibility: AppWindowToken{a049a79 token=Token{a83953f ActivityRecord{a4195c2 u0 com.shopwonder.jingzaoyd/com.css.ble.ui.CommonDeviceActivity t316}}}: hidden=false hiddenRequested=false
2021-11-10 15:06:36.074 1680-1748/? I/WindowManager: dispatchResized : win = Window{a0820e1 u0 com.shopwonder.jingzaoyd/com.css.ble.ui.CommonDeviceActivity} drawState = HAS_DRAWN
2021-11-10 15:06:36.076 1680-3258/? D/HwInputMethodManagerService: isSecMethodUsing = false
2021-11-10 15:06:36.076 1680-1747/? I/WindowManager: handle SET_LAUNCHER_VISIBLE_IN_FINGER_BOOST visible:true handle:trueuserId:0, currentUserId:0
2021-11-10 15:06:36.076 1680-1747/? D/WindowManager: setLauncherVisibleInFingerBoost record=ActivityRecord{a70bcc6 u0 com.huawei.android.launcher/.unihome.UniHomeLauncher t1}
2021-11-10 15:06:36.076 1680-1747/? I/WindowManager: setLauncherVisible setAlpha to 1.0
2021-11-10 15:06:36.076 1680-1747/? D/WindowManager: setLauncherVisible wallpaperScale=false
2021-11-10 15:06:36.076 1680-1747/? D/WindowManager: WS setWallpaperScale return, wallpaper no need to recover
2021-11-10 15:06:36.078 9957-10188/? I/ImeNamedRunnable: Thread pool-6-thread-1, Runnable named igsm::onStartInput, use time 0ms
2021-11-10 15:06:36.080 9957-10205/? I/ImeNamedRunnable: Thread pool-1-thread-1, Runnable named iinputm::onStartInput, use time 0ms
2021-11-10 15:06:36.082 9957-9957/? I/ring_expand: floatImeState : false
2021-11-10 15:06:36.082 9957-9957/? I/ring_expand: isLeftrightSplit : false
2021-11-10 15:06:36.082 9957-9957/? I/ring_expand: is_compress : false
2021-11-10 15:06:36.082 9957-9957/? I/ring_expand: final Global.screenW = 1080
2021-11-10 15:06:36.082 9957-9957/? I/HuaweiIME: SysInfo.getSysParam: orientation=1||config d=3.0,w=1080,h=2259||metrics d=3.0,w=1080,h=2259||sdk=29,bar_h=81||appScale=3.3,sysScale=3.0||isMultiWin=false,isPadMode=false, boardw=1080, boardH=705, candH=130, boardL=0, boardR=1080, ver=8.2.39.378, realW=1080, realH=2340, isInLargeWinMode=false, displayId=0, cuid=88G3BC-798C9B-5747C0-G60GE3-9BF31D-GB
2021-11-10 15:06:36.083 9957-9957/? I/HuaweiIME: isPortrait-adjustOffset-r: 5
2021-11-10 15:06:36.083 9957-9957/? I/HuaweiIME:  isNight : false
2021-11-10 15:06:36.088 1680-3258/? V/ActivityTaskManager: Activity idle: Token{a83953f ActivityRecord{a4195c2 u0 com.shopwonder.jingzaoyd/com.css.ble.ui.CommonDeviceActivity t316}}
2021-11-10 15:06:36.090 1680-3258/? V/ActivityTaskManager: Stopping ActivityRecord{a3a6848 u0 com.shopwonder.jingzaoyd/com.css.ble.ui.DeviceListActivity t316}: nowVisible=false animating=true finishing=false
2021-11-10 15:06:36.194 54-54/? W/migration/7: type=1400 audit(0.0:12563): avc: granted { setsched } for pid=54 scontext=u:r:kernel:s0 tcontext=u:r:kernel:s0 tclass=process
2021-11-10 15:06:36.234 54-54/? W/migration/7: type=1400 audit(0.0:12564): avc: granted { setsched } for pid=54 scontext=u:r:kernel:s0 tcontext=u:r:kernel:s0 tclass=process
2021-11-10 15:06:36.242 2672-3471/? I/nearby: CloseRangeProtocol:invalid new model id
2021-11-10 15:06:36.243 2672-29610/? I/HwAirLink: AirLinkService Info: commonOperation: BT_NEARBY execute arbiter
2021-11-10 15:06:36.243 2672-3613/? I/HwAirLink: AirLinkService Info: Handle Operation Name = arbiter
2021-11-10 15:06:36.243 2672-3613/? E/HwAirLink: AirLinkInfo Error: Extra Info without Index
2021-11-10 15:06:36.243 2672-3613/? I/HwAirLink: AirLinkInfo Info: verifyBtPairAirLinkInfo
2021-11-10 15:06:36.243 2672-3613/? I/HwAirLink: AirLinkArbiter Info: HUAWEI_SHARE_BT_PAIR On Receive! deviceName: ï¿½ï¿½$
2021-11-10 15:06:36.243 2672-3613/? I/HwAirLink: AirLinkStateManager Info: HUAWEI_SHARE_BT_PAIR ! deviceName: ï¿½ï¿½$
2021-11-10 15:06:36.243 2672-3613/? I/HwAirLink: AirLinkStateManager Info: HUAWEI_SHARE_BT_PAIR is already in Action, devicename: ï¿½ï¿½$
2021-11-10 15:06:36.243 2672-3613/? I/HwAirLink: AirLinkArbiter Info: handle arbitration
2021-11-10 15:06:36.243 2672-3613/? I/HwAirLink: AirLinkArbiter Info: Same Source, Dispatch Forward
2021-11-10 15:06:36.243 2672-3613/? I/HwAirLink: AirLinkArbiter Info: Handle Nearby Dispatch
2021-11-10 15:06:36.243 2672-3613/? I/nearby: BleRange:onEventReceived :rangeUpToStandard
2021-11-10 15:06:36.243 2672-3613/? I/nearby: BleRange:AirLink callback onRangeResult range: -1
2021-11-10 15:06:36.243 2672-3613/? I/HwAirLink: AirLinkStateManager Info: updateAirLinkInfo in Action
2021-11-10 15:06:36.243 2672-3613/? I/HwAirLink: AirLinkStateManager Info: set business HUAWEI_SHARE_BT_PAIR in Action for 2000ms
2021-11-10 15:06:36.243 2672-3613/? I/HwAirLink: AirLinkArbiter Info: handle airLink event result = 101
2021-11-10 15:06:36.243 2672-3613/? I/HwAirLink: AirLinkService Info: handleCommonOperation result true
2021-11-10 15:06:36.244 2672-3471/? I/nearby: CloseRangeProtocol:invalid new model id
2021-11-10 15:06:36.262 1071-14028/? I/Pged-IPgedBinderService: ****action is 2, pid num is 2***
2021-11-10 15:06:36.262 1071-14028/? I/Pged-Freezer: thawPids
2021-11-10 15:06:36.263 2720-3532/? D/PgedBinderAdapter: unF_Z ok, pid: [30393]
2021-11-10 15:06:36.287 1680-2221/? I/WificondControl: Noise: -70, Snr: 127, Chload: 787, rssi: -27, txBitrate: 780, rxBitrate: 650, frequency: 5180, UlDelay: 0, currentTxBytes: 13329613, currentTxPackets: 63391, currentTxFailed: 0, currentRxBytes: 103760237, currentRxPackets: 106549
2021-11-10 15:06:36.288 1680-2221/? V/HwWifiServiceFactory: get AllImpl object = com.android.server.wifi.HwWifiServiceFactoryImpl@a06ec8d
2021-11-10 15:06:36.312 2526-4099/? D/LteRecoveryEngine: UnRecoverState processMessage UPDATE_PS_SLOW_VALUE
2021-11-10 15:06:36.354 54-54/? W/migration/7: type=1400 audit(0.0:12565): avc: granted { setsched } for pid=54 scontext=u:r:kernel:s0 tcontext=u:r:kernel:s0 tclass=process
2021-11-10 15:06:36.403 1680-1748/? I/WindowManager: Animation done in AppWindowToken{a852fc9 token=Token{a754e40 ActivityRecord{a3a6848 u0 com.shopwonder.jingzaoyd/com.css.ble.ui.DeviceListActivity t316}}} isHidden:true hiddenRequested:true
2021-11-10 15:06:36.403 1680-1748/? I/WindowManager: Animation done in AppWindowToken{a049a79 token=Token{a83953f ActivityRecord{a4195c2 u0 com.shopwonder.jingzaoyd/com.css.ble.ui.CommonDeviceActivity t316}}} isHidden:false hiddenRequested:false
2021-11-10 15:06:36.403 1680-1747/? V/ActivityTaskManager: Activity idle: null
2021-11-10 15:06:36.424 786-3217/? W/BufferQueueProducer: [com.shopwonder.jingzaoyd/com.css.ble.ui.DeviceListActivity#0]:1390: disconnect: not connected (req=1)
2021-11-10 15:06:36.424 10504-10563/com.shopwonder.jingzaoyd W/libEGL: EGLNativeWindowType 0xbb8a3688 disconnect failed
2021-11-10 15:06:36.458 1680-3258/? I/WindowManager: notifyAppStopped: AppWindowToken{a852fc9 token=Token{a754e40 ActivityRecord{a3a6848 u0 com.shopwonder.jingzaoyd/com.css.ble.ui.DeviceListActivity t316}}}
2021-11-10 15:06:36.458 1680-3258/? E/WindowManager: win=Window{a6db571 u0 com.shopwonder.jingzaoyd/com.css.ble.ui.DeviceListActivity} destroySurfaces: appStopped=true win.mWindowRemovalAllowed=false win.mRemoveOnExit=false
2021-11-10 15:06:36.467 907-907/? I/aptouch_daemon: check_afe_status, idle in. 100
2021-11-10 15:06:36.554 48-48/? W/migration/6: type=1400 audit(0.0:12566): avc: granted { setsched } for pid=48 scontext=u:r:kernel:s0 tcontext=u:r:kernel:s0 tclass=process
2021-11-10 15:06:36.575 1071-1115/? D/AwareLog: iawared: WorkingsetProcessCommand subCmd = 351, userId=11832, pid=10504, com.shopwonder.jingzaoyd/com.css.ble.ui.CommonDeviceActivity
2021-11-10 15:06:36.575 1071-1115/? D/AwareLog: iawared: WorkingsetPause com.shopwonder.jingzaoyd/com.css.ble.ui.CommonDeviceActivity
2021-11-10 15:06:36.591 907-907/? I/aptouch_daemon: check_afe_status, idle out.
2021-11-10 15:06:36.591 2526-4044/? I/Booster_Qoe: AdaBoostPredict rlt,index:6,NisPsSlow:0,NProba:333,rsrp(rssi):-40,rsrq(noise):-70,rtt(chload):787,buffhigh(uldelay):0,buffcomm(rtt):0
2021-11-10 15:06:36.592 2526-4044/? I/Booster_Qoe: AdaBoostPredict rlt,index:2,NisPsSlow:0,NProba:333,rsrp(rssi):-40,rsrq(noise):-70,rtt(chload):787,buffhigh(uldelay):0,buffcomm(rtt):0
2021-11-10 15:06:36.592 2526-4044/? I/Collector: HandleRawWifiInfo: flag:0, netId:0!
2021-11-10 15:06:36.592 907-907/? I/aptouch_daemon: print_log, touch:1, down:1 (+0)
2021-11-10 15:06:36.593 2526-2940/? E/BoosterUtil: convertSubIdToSlotId failed, subId:0, slotId:-1
2021-11-10 15:06:36.593 2526-2940/? E/BoosterUtil: getDefaultDataSlotId failed, invalid slotId:-1, subId:0
2021-11-10 15:06:36.593 2526-2940/? E/NrSmartCure: onNetworkQoeUpdate failed, invalid defaultDataSlotId=-1
2021-11-10 15:06:36.593 2526-3508/? I/Hicom_Monitor: handleNetworkQoeReport. foregroundAppTcpRtt: 0, maxRatioChannelId: 2
2021-11-10 15:06:36.593 2526-3508/? I/Hicom_Monitor: handleNetworkQoeReport. qoeString: 11832,4,0,333,1,2,4,0,333,780000,650000,10,10,0,5,6,0
2021-11-10 15:06:36.593 1680-2190/? D/fingersense_manager: Calling fingersense_classify_touch()
2021-11-10 15:06:36.593 1680-2190/? I/FLP2012: kr: touch_dn_event
2021-11-10 15:06:36.593 2526-3508/? I/Utils: multipathPolicy is null
2021-11-10 15:06:36.594 1680-2325/? I/WiFi_PRO_WifiProStateMachine: APP_SERVICE_QOE_NOTIFY Qoe info 11832,4,0,333,1,2,4,0,333,780000,650000,10,10,0,5,6,0 CID 2 mMasterWifiRssi -27 mMasterCardAmbr 1048576 mSlaveCardAmbr 1048576
2021-11-10 15:06:36.594 1680-2190/? I/FLP2012: kr: OTHER
2021-11-10 15:06:36.594 1680-2190/? D/fingersense_manager: fingersense_classify_touch() finished
2021-11-10 15:06:36.594 1680-2325/? I/HwWifiProServiceProxy: ctrlHwWifiNetwork pkgName: WIFIPRO_SERVICE interfaceId: 9
2021-11-10 15:06:36.594 1680-2325/? I/WiFi_PRO_WifiProStateMachine: isWifi2WifiProcess = false, mIsNeedIgnoreQoeUpdate = false, mIsAppInBlacklist = false, mIsAppInBlacklistFullScreen = false, mIsWiFiNoInternet false, screen on = true, full screen = false, isLandscapeMode = false, mNotifyWifiLinkPoorReason = -1
2021-11-10 15:06:36.594 1680-2325/? I/WiFi_PRO_WifiProStateMachine: mChannelQoeBadCnt = 0, mAppQoeBadCnt = 0, mNetworkSlowReason = 0, mNetworkSlowChannelBadCnt = 0
2021-11-10 15:06:36.595 1680-2325/? E/WiFi_PROHumanFactorRecommend: isRichTrafficUser, invalid slotId=-1
2021-11-10 15:06:36.595 1680-2189/? I/InputDispatcher: stylus touch down, set lcd event 1
2021-11-10 15:06:36.595 1680-2189/? I/chatty: uid=1000(system) InputDispatcher identical 1 line
2021-11-10 15:06:36.595 1680-2189/? I/InputDispatcher: stylus touch down, set lcd event 1
2021-11-10 15:06:36.597 10504-10504/com.shopwonder.jingzaoyd W/Settings: Setting device_provisioned has moved from android.provider.Settings.Secure to android.provider.Settings.Global.
2021-11-10 15:06:36.597 10504-10504/com.shopwonder.jingzaoyd V/HiTouch_HiTouchSensor: User setup is finished.
2021-11-10 15:06:36.597 1680-2325/? E/WiFi_PROHumanFactorRecommend: isEconomicTrafficUser, invalid slotId=-1
2021-11-10 15:06:36.598 1680-1745/? I/NavigationBarPolicy: pointY:1912.0realSize.y:2340HIT_REGION_TO_MAX:33
2021-11-10 15:06:36.663 780-14221/? D/AudioPolicyService: getUidState(11832) cacheIter->second.first, return cacheIter->second.second(2)
2021-11-10 15:06:36.699 907-907/? I/aptouch_daemon: print_log, touch:0, down:0 
2021-11-10 15:06:36.700 1680-2189/? I/InputDispatcher: stylus touch up, set lcd event 0
2021-11-10 15:06:36.700 1680-2189/? I/chatty: uid=1000(system) InputDispatcher identical 1 line
2021-11-10 15:06:36.700 1680-2189/? I/InputDispatcher: stylus touch up, set lcd event 0
2021-11-10 15:06:36.704 10504-10504/com.shopwonder.jingzaoyd V/AudioManager: querySoundEffectsEnabled...
2021-11-10 15:06:36.712 10504-10504/com.shopwonder.jingzaoyd D/BaseDeviceScan2ConnVM: startScanBle,state:disconnected,isScanning:false
2021-11-10 15:06:36.714 10504-10504/com.shopwonder.jingzaoyd I/BluetoothAdapter: isLeEnabled(): ON
2021-11-10 15:06:36.716 10504-10504/com.shopwonder.jingzaoyd I/BluetoothAdapter: isLeEnabled(): ON
2021-11-10 15:06:36.717 3341-3673/? I/bt_stack: [INFO:bta_gattc_act.cc(175)] bta_gattc_register: state:2
2021-11-10 15:06:36.718 3341-3673/? I/bt_stack: [INFO:gatt_api.cc(974)] GATT_Register 462db507-98d2-2b8a-3cdb-e26f123e7a08
2021-11-10 15:06:36.718 3341-3673/? I/bt_stack: [INFO:gatt_api.cc(994)] allocated gatt_if=12
2021-11-10 15:06:36.718 3341-3673/? I/bt_stack: [INFO:gatt_api.cc(1090)] GATT_StartIf gatt_if=12
2021-11-10 15:06:36.718 3341-3673/? I/bt_stack: [INFO:gatt_utils.cc(260)] gatt_find_the_connected_bda start_idx=0
2021-11-10 15:06:36.718 3341-3673/? I/bt_stack: [INFO:gatt_utils.cc(272)]  found=0 found_idx=7
2021-11-10 15:06:36.718 10504-10550/com.shopwonder.jingzaoyd D/BluetoothLeScanner: onScannerRegistered() - status=0 scannerId=12 mScannerId=0
2021-11-10 15:06:36.719 2720-3314/? I/PGServer: report state:8 event type:1 pid:0 uid:11832 pkg:null to pid: 1680
2021-11-10 15:06:36.719 2720-3314/? I/BluetoothState: new active bluetooth uid: 11832, pid:10504, reason:BLE_SCAN
2021-11-10 15:06:36.721 10504-10504/com.shopwonder.jingzaoyd D/HorizontalBarVM: startTimeoutTimer#75089128
2021-11-10 15:06:36.722 10504-10504/com.shopwonder.jingzaoyd D/BaseDeviceScan2ConnVM: startScanBle,state2:scanStart,isScanning:true
2021-11-10 15:06:36.723 10504-10504/com.shopwonder.jingzaoyd D/BaseDeviceScan2ConnVM: onScanStart,isMain:true
2021-11-10 15:06:36.725 2645-2878/? D/Nc_Chr_BT: NcBtDftManager: handleBtParam id = COMMON_E1002
2021-11-10 15:06:36.725 2645-2878/? E/Nc_Chr_BT: NcBtDftManager: unhandled id
2021-11-10 15:06:36.725 2645-2878/? D/BT_CHR: BtChrStatThirdApkEvent: updateApkAction action: 4
2021-11-10 15:06:36.725 2645-2878/? D/BT_CHR: BtChrStatThirdApkEvent: processBtBleScanFreqCnt ble unknown dura: 478301
2021-11-10 15:06:36.726 2645-2878/? D/BT_CHR: BtChrManager: isPermissionGrant: true
2021-11-10 15:06:36.741 3341-3673/? W/bt_btm: btm_inq_db_new bda: ab:89:**:**:**:01 state: -1
2021-11-10 15:06:36.741 3341-3673/? W/bt_btm: btm_inq_db_new bda: 54:84:**:**:**:a9 state: -1
2021-11-10 15:06:36.742 3341-3673/? W/bt_btm: btm_inq_db_new bda: 05:ff:**:**:**:b1 state: -1
2021-11-10 15:06:36.751 3341-3673/? W/bt_btm: btm_inq_db_new bda: 7b:bb:**:**:**:17 state: -1
2021-11-10 15:06:36.752 3341-3673/? W/bt_btm: btm_inq_db_new bda: fc:58:**:**:**:e3 state: -1
2021-11-10 15:06:36.756 3341-3673/? W/bt_btm: btm_inq_db_new bda: 29:77:**:**:**:48 state: -1
2021-11-10 15:06:36.756 3341-3673/? W/bt_btm: btm_inq_db_new bda: 06:ae:**:**:**:51 state: -1
2021-11-10 15:06:36.754 48-48/? W/migration/6: type=1400 audit(0.0:12567): avc: granted { setsched } for pid=48 scontext=u:r:kernel:s0 tcontext=u:r:kernel:s0 tclass=process
2021-11-10 15:06:36.758 3341-3673/? W/bt_btm: btm_inq_db_new bda: 6a:70:**:**:**:6c state: -1
2021-11-10 15:06:36.760 3341-3673/? W/bt_btm: btm_inq_db_new bda: ab:89:**:**:**:01 state: -1
2021-11-10 15:06:36.762 2672-3471/? I/nearby: CloseRangeProtocol:invalid new model id
2021-11-10 15:06:36.763 2672-29610/? I/HwAirLink: AirLinkService Info: commonOperation: BT_NEARBY execute arbiter
2021-11-10 15:06:36.763 2672-3613/? I/HwAirLink: AirLinkService Info: Handle Operation Name = arbiter
2021-11-10 15:06:36.763 2672-3613/? E/HwAirLink: AirLinkInfo Error: Extra Info without Index
2021-11-10 15:06:36.763 2672-3613/? I/HwAirLink: AirLinkInfo Info: verifyBtPairAirLinkInfo
2021-11-10 15:06:36.763 2672-3613/? I/HwAirLink: AirLinkArbiter Info: HUAWEI_SHARE_BT_PAIR On Receive! deviceName: ï¿½ï¿½$
2021-11-10 15:06:36.763 2672-3613/? I/HwAirLink: AirLinkStateManager Info: HUAWEI_SHARE_BT_PAIR ! deviceName: ï¿½ï¿½$
2021-11-10 15:06:36.763 2672-3613/? I/HwAirLink: AirLinkStateManager Info: HUAWEI_SHARE_BT_PAIR is already in Action, devicename: ï¿½ï¿½$
2021-11-10 15:06:36.763 2672-3613/? I/HwAirLink: AirLinkArbiter Info: handle arbitration
2021-11-10 15:06:36.763 2672-3613/? I/HwAirLink: AirLinkArbiter Info: Same Source, Dispatch Forward
2021-11-10 15:06:36.763 2672-3613/? I/HwAirLink: AirLinkArbiter Info: Handle Nearby Dispatch
2021-11-10 15:06:36.763 2672-3613/? I/nearby: BleRange:onEventReceived :rangeUpToStandard
2021-11-10 15:06:36.763 2672-3613/? I/nearby: BleRange:AirLink callback onRangeResult range: -1
2021-11-10 15:06:36.764 2672-3613/? I/HwAirLink: AirLinkStateManager Info: updateAirLinkInfo in Action
2021-11-10 15:06:36.764 2672-3613/? I/HwAirLink: AirLinkStateManager Info: set business HUAWEI_SHARE_BT_PAIR in Action for 2000ms
2021-11-10 15:06:36.764 2672-3613/? I/HwAirLink: AirLinkArbiter Info: handle airLink event result = 101
2021-11-10 15:06:36.764 2672-3613/? I/HwAirLink: AirLinkService Info: handleCommonOperation result true
2021-11-10 15:06:36.764 2672-3471/? I/nearby: CloseRangeProtocol:invalid new model id
2021-11-10 15:06:36.766 3341-3673/? W/bt_btm: btm_inq_db_new bda: e8:d0:**:**:**:bb state: -1
2021-11-10 15:06:36.766 3341-3673/? W/bt_btm: btm_inq_db_new bda: 11:da:**:**:**:7a state: -1
2021-11-10 15:06:36.772 3341-3673/? W/bt_btm: btm_inq_db_new bda: 16:b7:**:**:**:09 state: -1
2021-11-10 15:06:36.772 3341-3673/? W/bt_btm: btm_inq_db_new bda: 0a:8f:**:**:**:0e state: -1
2021-11-10 15:06:36.773 3341-3673/? W/bt_btm: btm_inq_db_new bda: 43:e6:**:**:**:52 state: -1
2021-11-10 15:06:36.774 3341-3673/? W/bt_btm: btm_inq_db_new bda: 65:48:**:**:**:93 state: -1
2021-11-10 15:06:36.778 3341-3673/? W/bt_btm: btm_inq_db_new bda: 4b:92:**:**:**:b8 state: -1
2021-11-10 15:06:36.778 3341-3673/? W/bt_btm: btm_inq_db_new bda: 10:0b:**:**:**:74 state: -1
2021-11-10 15:06:36.779 3341-3673/? W/bt_btm: btm_inq_db_new bda: 47:b6:**:**:**:11 state: -1
2021-11-10 15:06:36.784 2672-3471/? I/nearby: CloseRangeProtocol:invalid model id
2021-11-10 15:06:36.793 26566-10768/? D/AdBlock_AbsAdRequest: doRequest
2021-11-10 15:06:36.793 3341-3673/? W/bt_btm: btm_inq_db_new bda: 33:74:**:**:**:c5 state: -1
2021-11-10 15:06:36.793 3341-3673/? W/bt_btm: btm_inq_db_new bda: 10:be:**:**:**:74 state: -1
2021-11-10 15:06:36.794 1680-2562/? V/ActivityManager: Successfully start provider ContentProviderRecord{a6c67d4 u0 com.huawei.systemmanager/.optimize.smcs.SMCSProvider} launchingApp=null caller pid= 26566
2021-11-10 15:06:36.795 3341-3673/? W/bt_btm: btm_inq_db_new bda: 56:8e:**:**:**:69 state: -1
2021-11-10 15:06:36.797 1680-2220/? I/TrafficMonitor: update:rxPkts:3,txPkts:3,rxBytes:723,txBytes:622
2021-11-10 15:06:36.797 1680-2220/? I/TrafficMonitor: gettimer:interval=2000
2021-11-10 15:06:36.799 3341-3673/? W/bt_btm: btm_inq_db_new bda: 67:65:**:**:**:06 state: -1
2021-11-10 15:06:36.799 26566-10768/? D/AdBlock_AbsAdRequest: getPostRequestParam param: apps=%5B%7B%22pkgName%22%3A%22com.shopwonder.jingzaoyd%22%2C%22versionCode%22%3A3%2C%22version%22%3A%222.0.1%22%7D%5D&buildNumber=TAS-AN00+2.0.0.209%28C00E208R7P6%29&clientPackage=com.huawei.systemmanager&emuiVer=EmotionUI_11.1.0&firmwareVersion=10&locale=zh_CN&method=store.getControlStrategy&phoneType=TAS-AN00&resolution=1080x2340&sysBits=2&ts=1636527996793&version=11.1.1.360
2021-11-10 15:06:36.799 26566-10768/? D/HsmJoinRequest: http request.
2021-11-10 15:06:36.800 3341-3673/? W/bt_btm: btm_inq_db_new bda: 3c:77:**:**:**:b8 state: -1
2021-11-10 15:06:36.803 3341-3673/? W/bt_btm: btm_inq_db_new bda: 69:f7:**:**:**:2f state: -1
2021-11-10 15:06:36.807 26566-10768/? D/HsmGzipRequest: setRequestProperty jsonObject already!
2021-11-10 15:06:36.808 3341-3673/? W/bt_btm: btm_inq_db_new bda: 07:bf:**:**:**:ba state: -1
2021-11-10 15:06:36.809 3341-3673/? W/bt_btm: btm_inq_db_new bda: 32:e6:**:**:**:09 state: -1
2021-11-10 15:06:36.809 693-1234/? W//system/bin/netd: A binder object at 0x703a6936c0 is being transacted on, however, this object is in the same process as its proxy. Transacting with this binder is expensive compared to just calling the corresponding functionality in the same process.
2021-11-10 15:06:36.809 693-1234/? I/PreDnsController: CanPreDnsQuery,persist.sys.predns is false!
2021-11-10 15:06:36.812 3341-3673/? W/bt_btm: btm_inq_db_new bda: 00:00:**:**:**:30 state: -1
2021-11-10 15:06:36.812 3341-3673/? W/bt_btm: btm_inq_db_new bda: 39:0f:**:**:**:17 state: -1
2021-11-10 15:06:36.817 3341-3673/? W/bt_btm: btm_inq_db_new bda: 32:9a:**:**:**:43 state: -1
2021-11-10 15:06:36.818 3341-3673/? W/bt_btm: btm_inq_db_new bda: 11:da:**:**:**:7a state: -1
2021-11-10 15:06:36.821 1680-1680/? D/HwConnectivityManagerImpl: getNetworkPolicyFlag flagStr null
2021-11-10 15:06:36.821 3341-3673/? W/bt_btm: btm_inq_db_new bda: fc:58:**:**:**:28 state: -1
2021-11-10 15:06:36.823 3341-3673/? W/bt_btm: btm_inq_db_new bda: 2c:11:**:**:**:ea state: -1
2021-11-10 15:06:36.823 3341-3673/? W/bt_btm: btm_inq_db_new bda: ab:89:**:**:**:01 state: -1
2021-11-10 15:06:36.824 2672-3471/? I/nearby: CloseRangeProtocol:invalid new model id
2021-11-10 15:06:36.825 2672-29610/? I/HwAirLink: AirLinkService Info: commonOperation: BT_NEARBY execute arbiter
2021-11-10 15:06:36.825 2672-3613/? I/HwAirLink: AirLinkService Info: Handle Operation Name = arbiter
2021-11-10 15:06:36.825 2672-3613/? E/HwAirLink: AirLinkInfo Error: Extra Info without Index
2021-11-10 15:06:36.825 2672-3613/? I/HwAirLink: AirLinkInfo Info: verifyBtPairAirLinkInfo
2021-11-10 15:06:36.825 2672-3613/? I/HwAirLink: AirLinkArbiter Info: HUAWEI_SHARE_BT_PAIR On Receive! deviceName: ï¿½ï¿½$
2021-11-10 15:06:36.825 2672-3613/? I/HwAirLink: AirLinkStateManager Info: HUAWEI_SHARE_BT_PAIR ! deviceName: ï¿½ï¿½$
2021-11-10 15:06:36.825 2672-3613/? I/HwAirLink: AirLinkStateManager Info: HUAWEI_SHARE_BT_PAIR is already in Action, devicename: ï¿½ï¿½$
2021-11-10 15:06:36.825 2672-3613/? I/HwAirLink: AirLinkArbiter Info: handle arbitration
2021-11-10 15:06:36.825 2672-3613/? I/HwAirLink: AirLinkArbiter Info: Same Source, Dispatch Forward
2021-11-10 15:06:36.825 2672-3613/? I/HwAirLink: AirLinkArbiter Info: Handle Nearby Dispatch
2021-11-10 15:06:36.825 2672-3613/? I/nearby: BleRange:onEventReceived :rangeUpToStandard
2021-11-10 15:06:36.826 2672-3613/? I/nearby: BleRange:AirLink callback onRangeResult range: -1
2021-11-10 15:06:36.826 2672-3613/? I/HwAirLink: AirLinkStateManager Info: updateAirLinkInfo in Action
2021-11-10 15:06:36.826 2672-3613/? I/HwAirLink: AirLinkStateManager Info: set business HUAWEI_SHARE_BT_PAIR in Action for 2000ms
2021-11-10 15:06:36.826 2672-3613/? I/HwAirLink: AirLinkArbiter Info: handle airLink event result = 101
2021-11-10 15:06:36.826 2672-3613/? I/HwAirLink: AirLinkService Info: handleCommonOperation result true
2021-11-10 15:06:36.826 2672-3471/? I/nearby: CloseRangeProtocol:invalid new model id
2021-11-10 15:06:36.828 3341-3673/? W/bt_btm: btm_inq_db_new bda: 4f:71:**:**:**:33 state: -1
2021-11-10 15:06:36.828 3341-3673/? W/bt_btm: btm_inq_db_new bda: 5a:98:**:**:**:4b state: -1
2021-11-10 15:06:36.831 3341-3673/? W/bt_btm: btm_inq_db_new bda: 60:e4:**:**:**:ae state: -1
2021-11-10 15:06:36.831 3341-3673/? W/bt_btm: btm_inq_db_new bda: 3b:47:**:**:**:b5 state: -1
2021-11-10 15:06:36.833 3341-3673/? W/bt_btm: btm_inq_db_new bda: 77:d4:**:**:**:ae state: -1
2021-11-10 15:06:36.838 3341-3673/? W/bt_btm: btm_inq_db_new bda: 44:7b:**:**:**:b5 state: -1
2021-11-10 15:06:36.838 3341-3673/? W/bt_btm: btm_inq_db_new bda: 14:ce:**:**:**:2c state: -1
2021-11-10 15:06:36.839 3341-3673/? W/bt_btm: btm_inq_db_new bda: 13:14:**:**:**:26 state: -1
2021-11-10 15:06:36.839 3341-3673/? W/bt_btm: btm_inq_db_new bda: 71:69:**:**:**:15 state: -1
2021-11-10 15:06:36.843 3341-3673/? W/bt_btm: btm_inq_db_new bda: 11:da:**:**:**:7a state: -1
2021-11-10 15:06:36.849 3341-3673/? W/bt_btm: btm_inq_db_new bda: 6e:28:**:**:**:1a state: -1
2021-11-10 15:06:36.849 3341-3673/? W/bt_btm: btm_inq_db_new bda: 68:7a:**:**:**:2d state: -1
2021-11-10 15:06:36.854 3341-3673/? W/bt_btm: btm_inq_db_new bda: 7e:4e:**:**:**:42 state: -1
2021-11-10 15:06:36.854 3341-3673/? W/bt_btm: btm_inq_db_new bda: 2f:2e:**:**:**:4d state: -1
2021-11-10 15:06:36.857 3341-3673/? W/bt_btm: btm_inq_db_new bda: 5c:bb:**:**:**:ad state: -1
2021-11-10 15:06:36.857 3341-3673/? W/bt_btm: btm_inq_db_new bda: 00:00:**:**:**:06 state: -1
2021-11-10 15:06:36.861 1680-2221/? I/WificondControl: Noise: -73, Snr: 127, Chload: 792, rssi: -26, txBitrate: 780, rxBitrate: 650, frequency: 5180, UlDelay: 0, currentTxBytes: 13329613, currentTxPackets: 63391, currentTxFailed: 0, currentRxBytes: 103760295, currentRxPackets: 106551
2021-11-10 15:06:36.863 1680-2326/? I/HuaweiWifiWatchdogStateMachine: POta txb txg rxg:0, 3, 0. Lr =0% Totpkt=3
2021-11-10 15:06:36.863 1680-2220/? I/WiFi_PRO: MSG_RETURN_AP_CURRY_RSSI rssi = -26
2021-11-10 15:06:36.863 1680-2220/? I/QosMonitor: queryRtt: rttType = 3
2021-11-10 15:06:36.863 3341-3673/? W/bt_btm: btm_inq_db_new bda: 55:6c:**:**:**:21 state: -1
2021-11-10 15:06:36.863 1680-2220/? I/HwWifiProServiceProxy: ctrlHwWifiNetwork pkgName: WIFIPRO_SERVICE interfaceId: 8
2021-11-10 15:06:36.863 1680-2328/? I/HwDualBandManager: handle2gApStrongWifiRssiChange
2021-11-10 15:06:36.863 1680-2220/? I/QosMonitor: postEventFromNative: msg=100,arg1=4,arg2=10
2021-11-10 15:06:36.863 1680-2220/? I/HwWifiProServiceProxy: ctrlHwWifiNetwork pkgName: WIFIPRO_SERVICE interfaceId: 8
2021-11-10 15:06:36.863 1680-2220/? I/QosMonitor: postEventFromNative: msg=100,arg1=0,arg2=10
2021-11-10 15:06:36.863 1680-2220/? I/MQoS: rtt=412,tcpTxPkts=211836,tcpRxPkts=417479
2021-11-10 15:06:36.864 1680-11112/? D/HwConnectivityServiceEx: set 1000 wlan0 value false
2021-11-10 15:06:36.865 1680-11112/? I/MQoS: QOS_level:0(0),wifi-link;SIM error;use level-0
2021-11-10 15:06:36.865 1680-2326/? I/HuaweiWifiWatchdogStateMachine: PTcp RTT:0, rtt pkt=0, tcp_rx=0, tcp_tx=1, tcp_reTran=0, rtRate=0
2021-11-10 15:06:36.865 1680-2326/? I/HuaweiWifiWatchdogStateMachine: start computeQosLevel tcpRtt = 0 ,rssi = -26 ,mBestSpeedInPeriod = 0
2021-11-10 15:06:36.865 1680-2326/? I/HuaweiWifiWatchdogStateMachine: smoothConsecutiveQosResults, currentQosLevel = 3
2021-11-10 15:06:36.870 26566-10768/? I/SecureSSLSocketFactory: createSocket: s , host , port , autoClose
2021-11-10 15:06:36.872 3341-3673/? W/bt_btm: btm_inq_db_new bda: 11:da:**:**:**:7a state: -1
2021-11-10 15:06:36.873 3341-3673/? W/bt_btm: btm_inq_db_new bda: 16:b7:**:**:**:09 state: -1
2021-11-10 15:06:36.880 3341-3673/? W/bt_btm: btm_inq_db_new bda: 56:d0:**:**:**:9b state: -1
2021-11-10 15:06:36.881 3341-3673/? W/bt_btm: btm_inq_db_new bda: 64:01:**:**:**:9f state: -1
2021-11-10 15:06:36.882 3341-3673/? W/bt_btm: btm_inq_db_new bda: 38:fb:**:**:**:16 state: -1
2021-11-10 15:06:36.882 3341-3673/? W/bt_btm: btm_inq_db_new bda: 43:e6:**:**:**:52 state: -1
2021-11-10 15:06:36.887 3341-3673/? W/bt_btm: btm_inq_db_new bda: 33:74:**:**:**:c5 state: -1
2021-11-10 15:06:36.896 1680-1680/? D/HwForceDarkModeConfig: do init
2021-11-10 15:06:36.898 1680-1680/? D/HwForceDarkModeConfig: end to init
2021-11-10 15:06:36.925 4332-4837/? I/ContentSensor_PackageUtil: pkgName : com.shopwonder.jingzaoyd
2021-11-10 15:06:37.023 4332-4837/? I/ContentSensor_PackageUtil: pkgName : com.shopwonder.jingzaoyd
2021-11-10 15:06:37.092 26566-10768/? D/HsmGzipRequest: Release connection
2021-11-10 15:06:37.093 26566-10768/? W/HSM_UI-11.1.1.360: AdBlockResultHandle:handleAdView array is empty
2021-11-10 15:06:37.102 1680-1764/? I/AlarmManager: remove alarm:Alarm{a8a1b05 type 1 when 1636545006237 PendingIntent{a386d61: PendingIntentRecord{a41c5a1 com.huawei.systemmanager broadcastIntent}}com.huawei.systemmanager procName com.huawei.systemmanager:service} according to operation:a386d61
2021-11-10 15:06:37.289 907-907/? I/aptouch_daemon: check_afe_status, idle in. 100
2021-11-10 15:06:37.315 2526-4099/? D/LteRecoveryEngine: UnRecoverState processMessage UPDATE_PS_SLOW_VALUE
2021-11-10 15:06:37.345 3341-3673/? W/bt_btm: btm_inq_db_new bda: 10:0b:**:**:**:74 state: -1
2021-11-10 15:06:37.346 3341-3673/? W/bt_btm: btm_inq_db_new bda: 12:12:**:**:**:44 state: -1
2021-11-10 15:06:37.347 3341-3673/? W/bt_btm: btm_inq_db_new bda: 51:be:**:**:**:5b state: -1
2021-11-10 15:06:37.352 3341-3673/? W/bt_btm: btm_inq_db_new bda: 69:f7:**:**:**:2f state: -1
2021-11-10 15:06:37.354 3341-3673/? W/bt_btm: btm_inq_db_new bda: fc:58:**:**:**:cd state: -1
2021-11-10 15:06:37.361 3341-3673/? W/bt_btm: btm_inq_db_new bda: fc:58:**:**:**:28 state: -1
2021-11-10 15:06:37.361 3341-3673/? W/bt_btm: btm_inq_db_new bda: 3b:47:**:**:**:b5 state: -1
2021-11-10 15:06:37.366 3341-3673/? W/bt_btm: btm_inq_db_new bda: 32:e6:**:**:**:09 state: -1
2021-11-10 15:06:37.366 3341-3673/? W/bt_btm: btm_inq_db_new bda: 3c:68:**:**:**:15 state: -1
2021-11-10 15:06:37.370 3341-3673/? W/bt_btm: btm_inq_db_new bda: 7b:6b:**:**:**:f4 state: -1
2021-11-10 15:06:37.375 3341-3673/? W/bt_btm: btm_inq_db_new bda: 65:48:**:**:**:93 state: -1
2021-11-10 15:06:37.375 3341-3673/? W/bt_btm: btm_inq_db_new bda: 14:ce:**:**:**:2c state: -1
2021-11-10 15:06:37.387 3341-3673/? W/bt_btm: btm_inq_db_new bda: fc:58:**:**:**:e3 state: -1
2021-11-10 15:06:37.391 3341-3673/? W/bt_btm: btm_inq_db_new bda: 72:b4:**:**:**:8c state: -1
2021-11-10 15:06:37.408 1680-1680/? I/NetLinkManager: getPriorityAppState, slaveIccid is null, start timer
2021-11-10 15:06:37.411 3341-3673/? W/bt_btm: btm_inq_db_new bda: 65:48:**:**:**:93 state: -1
2021-11-10 15:06:37.411 3341-3673/? W/bt_btm: btm_inq_db_new bda: 33:74:**:**:**:c5 state: -1
2021-11-10 15:06:37.425 3341-3673/? W/bt_btm: btm_inq_db_new bda: 52:b2:**:**:**:9e state: -1
2021-11-10 15:06:37.426 3341-3673/? W/bt_btm: btm_inq_db_new bda: 56:d0:**:**:**:9b state: -1
2021-11-10 15:06:37.434 54-54/? W/migration/7: type=1400 audit(0.0:12570): avc: granted { setsched } for pid=54 scontext=u:r:kernel:s0 tcontext=u:r:kernel:s0 tclass=process
2021-11-10 15:06:37.447 3341-3673/? W/bt_btm: btm_inq_db_new bda: 00:00:**:**:**:07 state: -1
2021-11-10 15:06:37.448 3341-3673/? W/bt_btm: btm_inq_db_new bda: 78:85:**:**:**:36 state: -1
2021-11-10 15:06:37.455 3341-3673/? W/bt_btm: btm_inq_db_new bda: 39:0f:**:**:**:17 state: -1
