2021-11-10 15:06:27.669 1680-2133/? I/SensorService: batch begin
2021-11-10 15:06:27.669 1680-2133/? I/SensorService: batch end
2021-11-10 15:06:27.669 1680-2133/? I/SensorService: enableSensor handle:17, packageName:com.css.step.TodayStepCounter, opPackageName:com.shopwonder.jingzaoyd , rate=0
2021-11-10 15:06:27.669 1680-2133/? I/SensorService: enable activate begin
2021-11-10 15:06:27.669 1680-2133/? I/SensorService: enable activate end
2021-11-10 15:06:27.669 1680-2133/? I/SensorService: enable end
2021-11-10 15:06:27.670 1680-1680/? D/HwNotificationService: doForUpdateNotification: Notificatin Switch is false!
2021-11-10 15:06:27.671 2720-3314/? I/SensorState: sensor:17 name:step counter enable:true uid:11832
2021-11-10 15:06:27.671 2720-3314/? I/PGServer: report state:4 event type:1 pid:17 uid:11832 pkg:null to pid: 1680
2021-11-10 15:06:27.671 2720-3314/? I/SensorState: addSensor,mHandles:{17=2}
2021-11-10 15:06:27.671 4427-10688/? I/Notfiy_NotificationPushListener: 1200010310|R|onNotificationPosted quickFilter capability not support
2021-11-10 15:06:27.672 1680-1680/? I/HwNotificationService: isHwSoundAllow pkg=com.shopwonder.jingzaoyd, channelId=120, userId=0, soundVibrate=1
2021-11-10 15:06:27.672 1680-1680/? I/NotificationService: buzzBeepBlinkLocked hasValidSound=true,hasValidVibrate=false,vibration=null,key=0|com.shopwonder.jingzaoyd|2131623966|null|11832
2021-11-10 15:06:27.672 1680-1680/? I/NotificationService: muting noisy, suppressed due to DND :0|com.shopwonder.jingzaoyd|2131623966|null|11832
2021-11-10 15:06:27.673 4332-4837/? I/ContentSensor_PackageUtil: pkgName : com.shopwonder.jingzaoyd
2021-11-10 15:06:27.673 1680-1680/? I/HwNotificationService: specialType is:floating_window_notification ,topFullscreen is:false,isRequestSingleLine :false,HWMULTIWIN_ENABLED is:true
2021-11-10 15:06:27.673 1680-1680/? D/HwNotificationService: mGameDndStatus is:false ,isGameDndSwitchOn is:false,isDeferLaunchActivity is:false
2021-11-10 15:06:27.674 10616-10616/com.shopwonder.jingzaoyd E/PreferencesHelper: getLastSensorStep
2021-11-10 15:06:27.674 10616-10616/com.shopwonder.jingzaoyd E/PreferencesHelper: setCurrentStep
2021-11-10 15:06:27.674 10616-10616/com.shopwonder.jingzaoyd E/PreferencesHelper: setElapsedRealtime
2021-11-10 15:06:27.675 10616-10616/com.shopwonder.jingzaoyd E/PreferencesHelper: setLastSensorStep
2021-11-10 15:06:27.675 10616-10616/com.shopwonder.jingzaoyd E/TodayStepCounter: counterStep : 371 --- sOffsetStep : 249.0 --- sCurrStep : 122.0
2021-11-10 15:06:27.676 4427-10689/? I/Notfiy_NotificationPushListener: 1200010310|R|onNotificationPosted quickFilter capability not support
2021-11-10 15:06:27.677 1680-2562/? I/NotificationService: enqueueNotificationInternal: pkg=com.shopwonder.jingzaoyd id=2131623966 notification=Notification(channel=120 pri=-2 contentView=null vibrate=null sound=null tick defaults=0x0 flags=0x2 color=0x00000000 vis=PRIVATE)
2021-11-10 15:06:27.677 1680-2562/? I/NotificationService: enqueueNotificationInternal Channel Info : pkg=com.shopwonder.jingzaoyd id=2131623966 importance =3
2021-11-10 15:06:27.677 1680-2562/? I/HwNotificationService: shouldBlockByMediaController : pkgName =com.shopwonder.jingzaoyd,isCustomNotification =false,isMediaNotification =false
2021-11-10 15:06:27.677 10616-10637/com.shopwonder.jingzaoyd E/TodayStepService: [{"today":"2021-11-10","sportDate":1636511589286,"stepNum":0,"km":0,"kaluli":"0.0"},{"today":"2021-11-10","sportDate":1636512900978,"stepNum":11,"km":11,"kaluli":"0.5"},{"today":"2021-11-10","sportDate":1636512987489,"stepNum":62,"km":62,"kaluli":"2.7"},{"today":"2021-11-10","sportDate":1636513117790,"stepNum":122,"km":122,"kaluli":"5.3"}]
2021-11-10 15:06:27.678 1680-1680/? D/HwNotificationService: doForUpdateNotification: Notificatin Switch is false!
2021-11-10 15:06:27.678 10616-10616/com.shopwonder.jingzaoyd E/TodayStepService: onStartCommand:122
2021-11-10 15:06:27.679 1680-1680/? I/HwNotificationService: isHwSoundAllow pkg=com.shopwonder.jingzaoyd, channelId=120, userId=0, soundVibrate=1
2021-11-10 15:06:27.679 1680-1680/? I/NotificationService: buzzBeepBlinkLocked hasValidSound=true,hasValidVibrate=false,vibration=null,key=0|com.shopwonder.jingzaoyd|2131623966|null|11832
2021-11-10 15:06:27.679 1680-1680/? I/NotificationService: muting noisy, suppressed due to DND :0|com.shopwonder.jingzaoyd|2131623966|null|11832
2021-11-10 15:06:27.679 1680-2562/? I/NotificationService: enqueueNotificationInternal: pkg=com.shopwonder.jingzaoyd id=2131623966 notification=Notification(channel=120 pri=-2 contentView=null vibrate=null sound=null tick defaults=0x0 flags=0x2 color=0x00000000 vis=PRIVATE)
2021-11-10 15:06:27.679 1680-2562/? I/NotificationService: enqueueNotificationInternal Channel Info : pkg=com.shopwonder.jingzaoyd id=2131623966 importance =3
2021-11-10 15:06:27.679 1680-2562/? I/HwNotificationService: shouldBlockByMediaController : pkgName =com.shopwonder.jingzaoyd,isCustomNotification =false,isMediaNotification =false
2021-11-10 15:06:27.679 4427-10272/? I/Notfiy_NotificationPushListener: 1200010310|R|onNotificationPosted quickFilter capability not support
2021-11-10 15:06:27.680 10504-10504/com.shopwonder.jingzaoyd D/MainFragment:  getTodaySportStepArray  :   122
2021-11-10 15:06:27.681 1680-1680/? I/HwNotificationService: specialType is:floating_window_notification ,topFullscreen is:false,isRequestSingleLine :false,HWMULTIWIN_ENABLED is:true
2021-11-10 15:06:27.681 1680-1680/? D/HwNotificationService: mGameDndStatus is:false ,isGameDndSwitchOn is:false,isDeferLaunchActivity is:false
2021-11-10 15:06:27.682 2397-2397/? I/NotificationListener: onNotificationPosted: StatusBarNotification(pkg=com.shopwonder.jingzaoyd user=UserHandle{0} id=2131623966 tag=null key=0|com.shopwonder.jingzaoyd|2131623966|null|11832: Notification(channel=120 pri=-2 contentView=null vibrate=null sound=null tick defaults=0x0 flags=0x62 color=0x00000000 groupKey=ranker_group2131623966 vis=PRIVATE)) important=3, post=1636527987658, when=1636527987644,showWhen=true, vis=0, userid=0, hasFullScreenIntent=false,style=null
2021-11-10 15:06:27.682 10616-10616/com.shopwonder.jingzaoyd E/TodayStepService: addStepCounterListener
2021-11-10 15:06:27.682 10616-10616/com.shopwonder.jingzaoyd E/TodayStepService: å·²ç»æ³¨å†ŒTYPE_STEP_COUNTER
2021-11-10 15:06:27.682 10616-10616/com.shopwonder.jingzaoyd E/PreferencesHelper: getCurrentStep
2021-11-10 15:06:27.682 2397-2397/? I/NotificationListener: onNotificationPosted: StatusBarNotification(pkg=com.shopwonder.jingzaoyd user=UserHandle{0} id=2131623966 tag=null key=0|com.shopwonder.jingzaoyd|2131623966|null|11832: Notification(channel=120 pri=-2 contentView=null vibrate=null sound=null tick defaults=0x0 flags=0x62 color=0x00000000 groupKey=ranker_group2131623966 vis=PRIVATE)) important=3, post=1636527987651, when=1636527987644,showWhen=true, vis=0, userid=0, hasFullScreenIntent=false,style=null
2021-11-10 15:06:27.682 1680-1680/? D/HwNotificationService: doForUpdateNotification: Notificatin Switch is false!
2021-11-10 15:06:27.682 2397-2397/? I/NotificationListener: onNotificationPosted: StatusBarNotification(pkg=com.shopwonder.jingzaoyd user=UserHandle{0} id=2131623966 tag=null key=0|com.shopwonder.jingzaoyd|2131623966|null|11832: Notification(channel=120 pri=-2 contentView=null vibrate=null sound=null tick defaults=0x0 flags=0x62 color=0x00000000 groupKey=ranker_group2131623966 vis=PRIVATE)) important=3, post=1636527987668, when=1636527987644,showWhen=true, vis=0, userid=0, hasFullScreenIntent=false,style=null
2021-11-10 15:06:27.683 2397-2397/? I/NotificationListener: onNotificationPosted: StatusBarNotification(pkg=com.shopwonder.jingzaoyd user=UserHandle{0} id=2131623966 tag=null key=0|com.shopwonder.jingzaoyd|2131623966|null|11832: Notification(channel=120 pri=-2 contentView=null vibrate=null sound=null tick defaults=0x0 flags=0x62 color=0x00000000 groupKey=ranker_group2131623966 vis=PRIVATE)) important=3, post=1636527987677, when=1636527987644,showWhen=true, vis=0, userid=0, hasFullScreenIntent=false,style=null
2021-11-10 15:06:27.683 1680-2562/? I/NotificationService: enqueueNotificationInternal: pkg=com.shopwonder.jingzaoyd id=2131623966 notification=Notification(channel=120 pri=-2 contentView=null vibrate=null sound=null tick defaults=0x0 flags=0x2 color=0x00000000 vis=PRIVATE)
2021-11-10 15:06:27.683 1680-2562/? I/NotificationService: enqueueNotificationInternal Channel Info : pkg=com.shopwonder.jingzaoyd id=2131623966 importance =3
2021-11-10 15:06:27.684 1680-2562/? I/HwNotificationService: shouldBlockByMediaController : pkgName =com.shopwonder.jingzaoyd,isCustomNotification =false,isMediaNotification =false
2021-11-10 15:06:27.684 1680-1680/? I/HwNotificationService: isHwSoundAllow pkg=com.shopwonder.jingzaoyd, channelId=120, userId=0, soundVibrate=1
2021-11-10 15:06:27.684 1680-1680/? I/NotificationService: buzzBeepBlinkLocked hasValidSound=true,hasValidVibrate=false,vibration=null,key=0|com.shopwonder.jingzaoyd|2131623966|null|11832
2021-11-10 15:06:27.684 1680-1680/? I/NotificationService: muting noisy, suppressed due to DND :0|com.shopwonder.jingzaoyd|2131623966|null|11832
2021-11-10 15:06:27.685 1680-1680/? I/HwNotificationService: specialType is:floating_window_notification ,topFullscreen is:false,isRequestSingleLine :false,HWMULTIWIN_ENABLED is:true
2021-11-10 15:06:27.685 4427-9791/? I/Notfiy_NotificationPushListener: 1200010310|R|onNotificationPosted quickFilter capability not support
2021-11-10 15:06:27.685 1680-1680/? D/HwNotificationService: mGameDndStatus is:false ,isGameDndSwitchOn is:false,isDeferLaunchActivity is:false
2021-11-10 15:06:27.686 1680-1680/? D/HwNotificationService: doForUpdateNotification: Notificatin Switch is false!
2021-11-10 15:06:27.686 1680-1680/? I/HwNotificationService: isHwSoundAllow pkg=com.shopwonder.jingzaoyd, channelId=120, userId=0, soundVibrate=1
2021-11-10 15:06:27.686 1680-1680/? I/NotificationService: buzzBeepBlinkLocked hasValidSound=true,hasValidVibrate=false,vibration=null,key=0|com.shopwonder.jingzaoyd|2131623966|null|11832
2021-11-10 15:06:27.686 1680-1680/? I/NotificationService: muting noisy, suppressed due to DND :0|com.shopwonder.jingzaoyd|2131623966|null|11832
2021-11-10 15:06:27.688 2397-2397/? I/NotificationViewHierarchyManager: updateNotificationViews activeNotificationSize=4
2021-11-10 15:06:27.688 4427-10687/? I/Notfiy_NotificationPushListener: 1200010310|R|onNotificationPosted quickFilter capability not support
2021-11-10 15:06:27.688 1680-1680/? I/HwNotificationService: specialType is:floating_window_notification ,topFullscreen is:false,isRequestSingleLine :false,HWMULTIWIN_ENABLED is:true
2021-11-10 15:06:27.688 1680-1680/? D/HwNotificationService: mGameDndStatus is:false ,isGameDndSwitchOn is:false,isDeferLaunchActivity is:false
2021-11-10 15:06:27.688 2397-2397/? I/InterruptionStateProvider: No heads up: unimportant notification: 0|com.shopwonder.jingzaoyd|2131623966|null|11832
2021-11-10 15:06:27.691 4427-10688/? I/Notfiy_NotificationPushListener: 1200010310|R|onNotificationPosted quickFilter capability not support
2021-11-10 15:06:27.693 2397-2397/? I/NotificationViewHierarchyManager: updateNotificationViews activeNotificationSize=4
2021-11-10 15:06:27.694 2397-2397/? I/InterruptionStateProvider: No heads up: unimportant notification: 0|com.shopwonder.jingzaoyd|2131623966|null|11832
2021-11-10 15:06:27.697 2397-2397/? I/NotificationViewHierarchyManager: updateNotificationViews activeNotificationSize=4
2021-11-10 15:06:27.697 2397-2397/? I/InterruptionStateProvider: No heads up: unimportant notification: 0|com.shopwonder.jingzaoyd|2131623966|null|11832
2021-11-10 15:06:27.700 2397-2397/? I/NotificationViewHierarchyManager: updateNotificationViews activeNotificationSize=4
2021-11-10 15:06:27.700 2397-2397/? I/InterruptionStateProvider: No heads up: unimportant notification: 0|com.shopwonder.jingzaoyd|2131623966|null|11832
2021-11-10 15:06:27.701 2397-2397/? I/NotificationListener: onNotificationPosted: StatusBarNotification(pkg=com.shopwonder.jingzaoyd user=UserHandle{0} id=2131623966 tag=null key=0|com.shopwonder.jingzaoyd|2131623966|null|11832: Notification(channel=120 pri=-2 contentView=null vibrate=null sound=null tick defaults=0x0 flags=0x62 color=0x00000000 groupKey=ranker_group2131623966 vis=PRIVATE)) important=3, post=1636527987679, when=1636527987644,showWhen=true, vis=0, userid=0, hasFullScreenIntent=false,style=null
2021-11-10 15:06:27.703 2397-2397/? I/NotificationListener: onNotificationPosted: StatusBarNotification(pkg=com.shopwonder.jingzaoyd user=UserHandle{0} id=2131623966 tag=null key=0|com.shopwonder.jingzaoyd|2131623966|null|11832: Notification(channel=120 pri=-2 contentView=null vibrate=null sound=null tick defaults=0x0 flags=0x62 color=0x00000000 groupKey=ranker_group2131623966 vis=PRIVATE)) important=3, post=1636527987684, when=1636527987644,showWhen=true, vis=0, userid=0, hasFullScreenIntent=false,style=null
2021-11-10 15:06:27.706 2397-2397/? I/NotificationViewHierarchyManager: updateNotificationViews activeNotificationSize=4
2021-11-10 15:06:27.707 2397-2397/? I/InterruptionStateProvider: No heads up: unimportant notification: 0|com.shopwonder.jingzaoyd|2131623966|null|11832
2021-11-10 15:06:27.711 2397-2397/? I/NotificationViewHierarchyManager: updateNotificationViews activeNotificationSize=4
2021-11-10 15:06:27.711 2397-2397/? I/InterruptionStateProvider: No heads up: unimportant notification: 0|com.shopwonder.jingzaoyd|2131623966|null|11832
2021-11-10 15:06:27.774 1680-2220/? I/TrafficMonitor: expired arrive. level:-1
2021-11-10 15:06:27.774 1680-2220/? I/TrafficMonitor: during_ms:2002,period_ms:2000
2021-11-10 15:06:27.774 1680-2220/? I/TrafficMonitor: count:68,rx_sum:10,tx_sum:20,rxBytes:5596,during_ms:2002,rx_speed:2795.2047952047956,tx_speed:1853.6463536463539,rto:0.5
2021-11-10 15:06:27.774 1680-2220/? I/HuaweiWifiWatchdogStateMachine: Get speed information rx_speed = 2795 ,tx_speed = 1853 ,isSpeedOk = false ,mBestSpeedInPeriod = 2795
2021-11-10 15:06:27.798 1680-2332/? I/HwWifiProServiceProxy: ctrlHwWifiNetwork pkgName: WIFIPRO_SERVICE interfaceId: 52
2021-11-10 15:06:27.798 1680-2332/? I/HwWifiProServiceProxy: ctrlHwWifiNetwork pkgName: WIFIPRO_SERVICE interfaceId: 68
2021-11-10 15:06:27.798 1680-2332/? D/wifiserviceimpl: netmask =16777215
2021-11-10 15:06:27.816 1071-14028/? I/Pged-IPgedBinderService: ****action is 2, pid num is 2***
2021-11-10 15:06:27.816 1071-14028/? I/Pged-Freezer: thawPids
2021-11-10 15:06:27.817 2720-3532/? D/PgedBinderAdapter: unF_Z ok, pid: [30393]
2021-11-10 15:06:27.814 54-54/? W/migration/7: type=1400 audit(0.0:12549): avc: granted { setsched } for pid=54 scontext=u:r:kernel:s0 tcontext=u:r:kernel:s0 tclass=process
2021-11-10 15:06:27.826 1680-2332/? I/HwWifiProServiceProxy: pair = Pair{true 24}, Bundle = Bundle[{time=24, arpResult=true}]
2021-11-10 15:06:27.826 1680-2332/? I/HwWifiProServiceProxy: ctrlHwWifiNetwork pkgName: WIFIPRO_SERVICE interfaceId: 63
2021-11-10 15:06:27.826 1680-2332/? I/HwWifiProServiceProxy: ctrlHwWifiNetwork pkgName: WIFIPRO_SERVICE interfaceId: 2
2021-11-10 15:06:27.826 1680-2332/? V/HwWifiServiceFactory: get AllImpl object = com.android.server.wifi.HwWifiServiceFactoryImpl@a06ec8d
2021-11-10 15:06:27.827 2645-2877/? I/HotspotComponent: handleEvent
2021-11-10 15:06:27.827 2645-2877/? I/HotspotComponent: handleEvent not handle the event:1121
2021-11-10 15:06:27.827 2645-2877/? I/WifiProComponent: default event
2021-11-10 15:06:27.827 2645-2877/? I/HotspotComponent: handleEvent
2021-11-10 15:06:27.827 2645-2877/? I/HotspotComponent: handleEvent not handle the event:1128
2021-11-10 15:06:27.827 2645-2885/? D/HwCHRWifiRSSIGroupSummery: updatArpSummery rssi:-1 HwCHRWifiRSSIGroup [mRssiIndex=4, mRttTcpPackets=0, mRttTcpDuration=0, mRttLanDuration=4141, mRttLanFailures=4, mRttLanSucc=186, mRttLanMax=468, mRttLanMin=4,mSameFrequency=0,mAdjacentFrequency=0]
2021-11-10 15:06:28.231 751-23367/? I/hwcomposer: WaitGpuAcquireFence:173: Sync wait 6571 over 6000 !
2021-11-10 15:06:28.294 2526-4099/? D/LteRecoveryEngine: UnRecoverState processMessage UPDATE_PS_SLOW_VALUE
2021-11-10 15:06:28.405 2526-4044/? I/Booster_Qoe: AdaBoostPredict rlt,index:6,NisPsSlow:0,NProba:358,rsrp(rssi):-40,rsrq(noise):-67,rtt(chload):904,buffhigh(uldelay):0,buffcomm(rtt):8
2021-11-10 15:06:28.405 2526-4044/? I/Booster_Qoe: AdaBoostPredict rlt,index:2,NisPsSlow:0,NProba:358,rsrp(rssi):-40,rsrq(noise):-67,rtt(chload):904,buffhigh(uldelay):0,buffcomm(rtt):5
2021-11-10 15:06:28.405 2526-4044/? I/Collector: HandleRawWifiInfo: flag:0, netId:0!
2021-11-10 15:06:28.406 2526-2940/? E/BoosterUtil: convertSubIdToSlotId failed, subId:0, slotId:-1
2021-11-10 15:06:28.406 2526-2940/? E/BoosterUtil: getDefaultDataSlotId failed, invalid slotId:-1, subId:0
2021-11-10 15:06:28.406 2526-2940/? E/NrSmartCure: onNetworkQoeUpdate failed, invalid defaultDataSlotId=-1
2021-11-10 15:06:28.407 2526-3508/? I/Hicom_Monitor: handleNetworkQoeReport. foregroundAppTcpRtt: 8, maxRatioChannelId: 2
2021-11-10 15:06:28.407 2526-3508/? I/Hicom_Monitor: handleNetworkQoeReport. qoeString: 11832,4,0,358,1,2,4,0,358,780000,780000,10,10,0,42,65,0
2021-11-10 15:06:28.407 2526-3508/? I/Utils: multipathPolicy is null
2021-11-10 15:06:28.407 1680-2325/? I/WiFi_PRO_WifiProStateMachine: APP_SERVICE_QOE_NOTIFY Qoe info 11832,4,0,358,1,2,4,0,358,780000,780000,10,10,0,42,65,0 CID 2 mMasterWifiRssi -27 mMasterCardAmbr 1048576 mSlaveCardAmbr 1048576
2021-11-10 15:06:28.408 1680-2325/? I/HwWifiProServiceProxy: ctrlHwWifiNetwork pkgName: WIFIPRO_SERVICE interfaceId: 9
2021-11-10 15:06:28.408 1680-2325/? I/WiFi_PRO_WifiProStateMachine: isWifi2WifiProcess = false, mIsNeedIgnoreQoeUpdate = false, mIsAppInBlacklist = false, mIsAppInBlacklistFullScreen = false, mIsWiFiNoInternet false, screen on = true, full screen = false, isLandscapeMode = false, mNotifyWifiLinkPoorReason = -1
2021-11-10 15:06:28.408 1680-2325/? I/WiFi_PRO_WifiProStateMachine: mChannelQoeBadCnt = 0, mAppQoeBadCnt = 0, mNetworkSlowReason = 0, mNetworkSlowChannelBadCnt = 0
2021-11-10 15:06:28.409 1680-2325/? E/WiFi_PROHumanFactorRecommend: isRichTrafficUser, invalid slotId=-1
2021-11-10 15:06:28.410 1680-2325/? E/WiFi_PROHumanFactorRecommend: isEconomicTrafficUser, invalid slotId=-1
2021-11-10 15:06:28.784 1680-2220/? I/TrafficMonitor: update:rxPkts:11,txPkts:9,rxBytes:2560,txBytes:1026
2021-11-10 15:06:28.784 1680-2220/? I/TrafficMonitor: gettimer:interval=2000
2021-11-10 15:06:28.854 1680-2221/? I/WificondControl: Noise: -69, Snr: 36, Chload: 836, rssi: -27, txBitrate: 780, rxBitrate: 780, frequency: 5180, UlDelay: 0, currentTxBytes: 13328889, currentTxPackets: 63388, currentTxFailed: 0, currentRxBytes: 103759142, currentRxPackets: 106534
2021-11-10 15:06:28.858 1680-2220/? I/WiFi_PRO: MSG_RETURN_AP_CURRY_RSSI rssi = -27
2021-11-10 15:06:28.858 1680-2220/? I/QosMonitor: queryRtt: rttType = 3
2021-11-10 15:06:28.858 1680-2220/? I/HwWifiProServiceProxy: ctrlHwWifiNetwork pkgName: WIFIPRO_SERVICE interfaceId: 8
2021-11-10 15:06:28.859 1680-2328/? I/HwDualBandManager: handle2gApStrongWifiRssiChange
2021-11-10 15:06:28.859 1680-2220/? I/QosMonitor: postEventFromNative: msg=100,arg1=4,arg2=10
2021-11-10 15:06:28.859 1680-2326/? I/HuaweiWifiWatchdogStateMachine: high data flow: protection_counter = 0,  not_detect_counter = 202
2021-11-10 15:06:28.859 1680-2326/? I/HuaweiWifiWatchdogStateMachine: high data flow scenario: 0 --> 0 rx bytes =35KB
2021-11-10 15:06:28.859 1680-2220/? I/QosMonitor: resetRtt: rttType = 3
2021-11-10 15:06:28.859 1680-2220/? I/HwWifiProServiceProxy: ctrlHwWifiNetwork pkgName: WIFIPRO_SERVICE interfaceId: 8
2021-11-10 15:06:28.859 1680-2326/? I/HuaweiWifiWatchdogStateMachine: POta txb txg rxg:0, 30, 0. Lr =0% Totpkt=30
2021-11-10 15:06:28.859 1680-2220/? I/HwWifiProServiceProxy: ctrlHwWifiNetwork pkgName: WIFIPRO_SERVICE interfaceId: 8
2021-11-10 15:06:28.860 1680-2220/? I/QosMonitor: postEventFromNative: msg=100,arg1=0,arg2=10
2021-11-10 15:06:28.860 1680-2220/? I/MQoS: rtt=412,tcpTxPkts=211835,tcpRxPkts=417479
2021-11-10 15:06:28.860 1680-11112/? D/HwConnectivityServiceEx: set 1000 wlan0 value false
2021-11-10 15:06:28.862 1680-2326/? I/HuaweiWifiWatchdogStateMachine: PTcp RTT:412, rtt pkt=41, tcp_rx=8, tcp_tx=13, tcp_reTran=0, rtRate=0
2021-11-10 15:06:28.862 1680-2326/? I/HuaweiWifiWatchdogStateMachine: judge good link######, goodLinkLevel=3
2021-11-10 15:06:28.862 1680-2326/? D/HuaweiWifiWatchdogStateMachine: nothing to do.
2021-11-10 15:06:28.862 1680-2326/? I/HuaweiWifiWatchdogStateMachine: sendResultMsgToQM bssid:10:5d:**:**:b7:ec, qoslevel=3
2021-11-10 15:06:28.863 1680-2326/? I/HuaweiWifiWatchdogStateMachine: link good reported, good base rssi:-33
2021-11-10 15:06:28.863 1680-2326/? I/HuaweiWifiWatchdogStateMachine: start computeQosLevel tcpRtt = 412 ,rssi = -27 ,mBestSpeedInPeriod = 2795
2021-11-10 15:06:28.863 1680-2326/? I/HuaweiWifiWatchdogStateMachine: smoothConsecutiveQosResults, currentQosLevel = 3
2021-11-10 15:06:28.863 1680-2220/? I/WiFi_PRO_WifiProStateMachine: onNetworkQosChange, currentWifiLevel == 3, wifiNoInternet = false, updateUiOnly = true
2021-11-10 15:06:28.863 1680-2325/? I/WiFi_PRO_WifiProStateMachine: isSwitching = false, isDialogDisplayed = false, isAllowWiFiHandoverMobile = true, level = 3
2021-11-10 15:06:28.864 1680-11112/? I/MQoS: QOS_level:0(0),wifi-link;SIM error;use level-0
2021-11-10 15:06:28.864 1680-11112/? I/MQoS: skip-low-Level:0(0),wifi-link;SIM error;use level-0
2021-11-10 15:06:29.034 1065-1065/? E/Thermal-daemon:hw_thermal: [shell_frame] tempNew :34  tempOld :33
2021-11-10 15:06:29.035 1065-1065/? E/Thermal-daemon:hw_thermal: Report temperature: [shell_frame] temp :34  reportThreshold:1
2021-11-10 15:06:29.036 1065-1065/? E/Thermal-daemon:hw_thermal: [battery] tempNew :34  tempOld :33
2021-11-10 15:06:29.037 1065-1065/? E/Thermal-daemon:hw_thermal: Report temperature: [battery] temp :34  reportThreshold:1
2021-11-10 15:06:29.038 1065-1065/? E/Thermal-daemon:hw_thermal: [ap] tempNew :38  tempOld :37
2021-11-10 15:06:29.039 1065-1065/? E/Thermal-daemon:hw_thermal: Report temperature: [ap] temp :38  reportThreshold:1
2021-11-10 15:06:29.297 2526-4099/? D/LteRecoveryEngine: UnRecoverState processMessage UPDATE_PS_SLOW_VALUE
2021-11-10 15:06:29.344 1065-4133/? E/Thermal-daemon:ambient: CalcAmbientTemp: median filter output 23447
2021-11-10 15:06:29.345 1065-4133/? E/Thermal-daemon:ambient: AmbientSample: write temp 23447 to ambient node
2021-11-10 15:06:29.418 2526-4044/? I/Booster_Qoe: AdaBoostPredict rlt,index:6,NisPsSlow:0,NProba:358,rsrp(rssi):-40,rsrq(noise):-69,rtt(chload):836,buffhigh(uldelay):0,buffcomm(rtt):3
2021-11-10 15:06:29.419 2526-4044/? I/Booster_Qoe: AdaBoostPredict rlt,index:2,NisPsSlow:0,NProba:358,rsrp(rssi):-40,rsrq(noise):-69,rtt(chload):836,buffhigh(uldelay):0,buffcomm(rtt):2
2021-11-10 15:06:29.420 2526-4044/? I/Collector: HandleRawWifiInfo: flag:0, netId:0!
2021-11-10 15:06:29.420 2526-2940/? E/BoosterUtil: convertSubIdToSlotId failed, subId:0, slotId:-1
2021-11-10 15:06:29.420 2526-2940/? E/BoosterUtil: getDefaultDataSlotId failed, invalid slotId:-1, subId:0
2021-11-10 15:06:29.420 2526-2940/? E/NrSmartCure: onNetworkQoeUpdate failed, invalid defaultDataSlotId=-1
2021-11-10 15:06:29.422 2526-3508/? I/Hicom_Monitor: handleNetworkQoeReport. foregroundAppTcpRtt: 3, maxRatioChannelId: 2
2021-11-10 15:06:29.422 2526-3508/? I/Hicom_Monitor: handleNetworkQoeReport. qoeString: 11832,4,0,358,1,2,4,0,358,780000,780000,10,10,0,0,0,0
2021-11-10 15:06:29.422 1680-2325/? I/WiFi_PRO_WifiProStateMachine: APP_SERVICE_QOE_NOTIFY Qoe info 11832,4,0,358,1,2,4,0,358,780000,780000,10,10,0,0,0,0 CID 2 mMasterWifiRssi -27 mMasterCardAmbr 1048576 mSlaveCardAmbr 1048576
2021-11-10 15:06:29.422 2526-3508/? I/Utils: multipathPolicy is null
2021-11-10 15:06:29.423 1680-2325/? I/HwWifiProServiceProxy: ctrlHwWifiNetwork pkgName: WIFIPRO_SERVICE interfaceId: 9
2021-11-10 15:06:29.423 1680-2325/? I/WiFi_PRO_WifiProStateMachine: isWifi2WifiProcess = false, mIsNeedIgnoreQoeUpdate = false, mIsAppInBlacklist = false, mIsAppInBlacklistFullScreen = false, mIsWiFiNoInternet false, screen on = true, full screen = false, isLandscapeMode = false, mNotifyWifiLinkPoorReason = -1
2021-11-10 15:06:29.424 1680-2325/? I/WiFi_PRO_WifiProStateMachine: mChannelQoeBadCnt = 0, mAppQoeBadCnt = 0, mNetworkSlowReason = 0, mNetworkSlowChannelBadCnt = 0
2021-11-10 15:06:29.425 1680-2325/? E/WiFi_PROHumanFactorRecommend: isRichTrafficUser, invalid slotId=-1
2021-11-10 15:06:29.427 1680-2325/? E/WiFi_PROHumanFactorRecommend: isEconomicTrafficUser, invalid slotId=-1
2021-11-10 15:06:29.473 10504-10605/com.shopwonder.jingzaoyd D/CrashReport: [Util] Try to lock file:local_crash_lock (pid=10504 | tid=10605)
2021-11-10 15:06:29.474 10504-10605/com.shopwonder.jingzaoyd D/CrashReport: [Util] Successfully locked file: local_crash_lock (pid=10504 | tid=10605)
2021-11-10 15:06:29.478 10504-10605/com.shopwonder.jingzaoyd D/CrashReport: Size of crash list loaded from DB: 8
2021-11-10 15:06:29.478 10504-10605/com.shopwonder.jingzaoyd D/CrashReport: no crash need to be uploaded at this start
2021-11-10 15:06:29.478 10504-10605/com.shopwonder.jingzaoyd D/CrashReport: [Util] Try to unlock file: local_crash_lock (pid=10504 | tid=10605)
2021-11-10 15:06:29.479 10504-10605/com.shopwonder.jingzaoyd D/CrashReport: [Util] Successfully unlocked file: local_crash_lock (pid=10504 | tid=10605)
2021-11-10 15:06:29.538 2672-3471/? I/nearby: CloseRangeProtocol:invalid model id
2021-11-10 15:06:29.587 2526-2940/? I/OllieMsgCenter: publishEvt=2135097345
2021-11-10 15:06:29.588 2526-2940/? E/SpeedLimitTestNotifier: mIsTopActivity false
2021-11-10 15:06:29.699 693-23198/? I/netd: trafficSwapActiveStatsMap() <0.75ms>
2021-11-10 15:06:30.268 1680-2221/? I/WificondControl: Noise: -69, Snr: 127, Chload: 836, rssi: -27, txBitrate: 780, rxBitrate: 780, frequency: 5180, UlDelay: 0, currentTxBytes: 13328889, currentTxPackets: 63388, currentTxFailed: 0, currentRxBytes: 103759200, currentRxPackets: 106536
2021-11-10 15:06:30.270 1680-2221/? V/HwWifiServiceFactory: get AllImpl object = com.android.server.wifi.HwWifiServiceFactoryImpl@a06ec8d
2021-11-10 15:06:30.299 2526-4099/? D/LteRecoveryEngine: UnRecoverState processMessage UPDATE_PS_SLOW_VALUE
2021-11-10 15:06:30.419 693-23198/? I/netd: trafficSwapActiveStatsMap() <0.37ms>
2021-11-10 15:06:30.443 2526-4044/? I/Booster_Qoe: AdaBoostPredict rlt,index:6,NisPsSlow:0,NProba:358,rsrp(rssi):-40,rsrq(noise):-69,rtt(chload):836,buffhigh(uldelay):0,buffcomm(rtt):1
2021-11-10 15:06:30.443 2526-4044/? I/Booster_Qoe: AdaBoostPredict rlt,index:2,NisPsSlow:0,NProba:358,rsrp(rssi):-40,rsrq(noise):-69,rtt(chload):836,buffhigh(uldelay):0,buffcomm(rtt):0
2021-11-10 15:06:30.443 2526-4044/? I/Collector: HandleRawWifiInfo: flag:0, netId:0!
2021-11-10 15:06:30.445 2526-2940/? E/BoosterUtil: convertSubIdToSlotId failed, subId:0, slotId:-1
2021-11-10 15:06:30.445 2526-2940/? E/BoosterUtil: getDefaultDataSlotId failed, invalid slotId:-1, subId:0
2021-11-10 15:06:30.445 2526-2940/? E/NrSmartCure: onNetworkQoeUpdate failed, invalid defaultDataSlotId=-1
2021-11-10 15:06:30.446 2526-3508/? I/Hicom_Monitor: handleNetworkQoeReport. foregroundAppTcpRtt: 1, maxRatioChannelId: 2
2021-11-10 15:06:30.446 2526-3508/? I/Hicom_Monitor: handleNetworkQoeReport. qoeString: 11832,4,0,358,1,2,4,0,358,780000,780000,10,10,0,0,0,0
2021-11-10 15:06:30.446 2526-3508/? I/Utils: multipathPolicy is null
2021-11-10 15:06:30.446 1680-2325/? I/WiFi_PRO_WifiProStateMachine: APP_SERVICE_QOE_NOTIFY Qoe info 11832,4,0,358,1,2,4,0,358,780000,780000,10,10,0,0,0,0 CID 2 mMasterWifiRssi -27 mMasterCardAmbr 1048576 mSlaveCardAmbr 1048576
2021-11-10 15:06:30.447 1680-2325/? I/HwWifiProServiceProxy: ctrlHwWifiNetwork pkgName: WIFIPRO_SERVICE interfaceId: 9
2021-11-10 15:06:30.447 1680-2325/? I/WiFi_PRO_WifiProStateMachine: isWifi2WifiProcess = false, mIsNeedIgnoreQoeUpdate = false, mIsAppInBlacklist = false, mIsAppInBlacklistFullScreen = false, mIsWiFiNoInternet false, screen on = true, full screen = false, isLandscapeMode = false, mNotifyWifiLinkPoorReason = -1
2021-11-10 15:06:30.447 1680-2325/? I/WiFi_PRO_WifiProStateMachine: mChannelQoeBadCnt = 0, mAppQoeBadCnt = 0, mNetworkSlowReason = 0, mNetworkSlowChannelBadCnt = 0
2021-11-10 15:06:30.448 1680-2325/? E/WiFi_PROHumanFactorRecommend: isRichTrafficUser, invalid slotId=-1
2021-11-10 15:06:30.450 1680-2325/? E/WiFi_PROHumanFactorRecommend: isEconomicTrafficUser, invalid slotId=-1
2021-11-10 15:06:30.726 3341-3673/? W/bt_btm: btm_inq_db_new bda: 64:02:**:**:**:ad state: -1
2021-11-10 15:06:30.787 1680-2220/? I/TrafficMonitor: update:rxPkts:0,txPkts:0,rxBytes:0,txBytes:0
2021-11-10 15:06:30.788 1680-2220/? I/TrafficMonitor: gettimer:interval=2000
2021-11-10 15:06:30.891 10429-10452/? D/ZrHung.AppEyeUiProbe: stop UiProbe
2021-11-10 15:06:30.891 10429-10452/? D/ZrHung.AppEyeUiProbe: not watching, wait.
2021-11-10 15:06:31.302 2526-4099/? D/LteRecoveryEngine: UnRecoverState processMessage UPDATE_PS_SLOW_VALUE
2021-11-10 15:06:31.346 3341-3673/? W/bt_btm: btm_inq_db_new bda: a4:c7:**:**:**:85 state: -1
2021-11-10 15:06:31.465 2526-4044/? I/Booster_Qoe: AdaBoostPredict rlt,index:6,NisPsSlow:0,NProba:342,rsrp(rssi):-40,rsrq(noise):-73,rtt(chload):794,buffhigh(uldelay):0,buffcomm(rtt):0
2021-11-10 15:06:31.466 2526-4044/? I/Booster_Qoe: AdaBoostPredict rlt,index:2,NisPsSlow:0,NProba:342,rsrp(rssi):-40,rsrq(noise):-73,rtt(chload):794,buffhigh(uldelay):0,buffcomm(rtt):0
2021-11-10 15:06:31.466 2526-4044/? I/Collector: HandleRawWifiInfo: flag:0, netId:0!
2021-11-10 15:06:31.467 2526-2940/? E/BoosterUtil: convertSubIdToSlotId failed, subId:0, slotId:-1
2021-11-10 15:06:31.467 2526-2940/? E/BoosterUtil: getDefaultDataSlotId failed, invalid slotId:-1, subId:0
2021-11-10 15:06:31.467 2526-2940/? E/NrSmartCure: onNetworkQoeUpdate failed, invalid defaultDataSlotId=-1
2021-11-10 15:06:31.468 1680-2325/? I/WiFi_PRO_WifiProStateMachine: APP_SERVICE_QOE_NOTIFY Qoe info 11832,4,0,342,1,2,4,0,342,780000,780000,10,10,0,0,0,0 CID 2 mMasterWifiRssi -27 mMasterCardAmbr 1048576 mSlaveCardAmbr 1048576
2021-11-10 15:06:31.468 2526-3508/? I/Hicom_Monitor: handleNetworkQoeReport. foregroundAppTcpRtt: 0, maxRatioChannelId: 2
2021-11-10 15:06:31.468 2526-3508/? I/Hicom_Monitor: handleNetworkQoeReport. qoeString: 11832,4,0,342,1,2,4,0,342,780000,780000,10,10,0,0,0,0
2021-11-10 15:06:31.469 2526-3508/? I/Utils: multipathPolicy is null
2021-11-10 15:06:31.469 1680-2325/? I/HwWifiProServiceProxy: ctrlHwWifiNetwork pkgName: WIFIPRO_SERVICE interfaceId: 9
2021-11-10 15:06:31.469 1680-2325/? I/WiFi_PRO_WifiProStateMachine: isWifi2WifiProcess = false, mIsNeedIgnoreQoeUpdate = false, mIsAppInBlacklist = false, mIsAppInBlacklistFullScreen = false, mIsWiFiNoInternet false, screen on = true, full screen = false, isLandscapeMode = false, mNotifyWifiLinkPoorReason = -1
2021-11-10 15:06:31.469 1680-2325/? I/WiFi_PRO_WifiProStateMachine: mChannelQoeBadCnt = 0, mAppQoeBadCnt = 0, mNetworkSlowReason = 0, mNetworkSlowChannelBadCnt = 0
2021-11-10 15:06:31.470 1680-2325/? E/WiFi_PROHumanFactorRecommend: isRichTrafficUser, invalid slotId=-1
2021-11-10 15:06:31.471 1680-2325/? E/WiFi_PROHumanFactorRecommend: isEconomicTrafficUser, invalid slotId=-1
2021-11-10 15:06:31.613 1680-2137/? I/HwBatteryService: power_ui state= 1 mQuickChargeStatus=1
2021-11-10 15:06:31.613 1680-2137/? I/HwBatteryService: handleWirelessTxStatus
2021-11-10 15:06:31.613 1680-2137/? I/HwBatteryService: switch not open, return, mWirelessTxFlag : 0
2021-11-10 15:06:31.613 1680-2137/? W/HwBatteryService: need return. Invalid value: 0
2021-11-10 15:06:31.613 1680-2137/? D/HwBatteryService: setHwChargeTimeRemaining, time = -1 String time: 0
2021-11-10 15:06:31.614 1680-2137/? I/HwBatteryService: IS_WATCH : false
2021-11-10 15:06:31.626 752-752/? W/health@2.0-serv: type=1400 audit(0.0:12551): avc: denied { read } for pid=752 name="u:object_r:system_prop:s0" dev="tmpfs" ino=17353 scontext=u:r:hal_health_default:s0 tcontext=u:object_r:system_prop:s0 tclass=file permissive=0
2021-11-10 15:06:31.633 752-752/? E/libc: Access denied finding property "sys.check.usbupdate"
2021-11-10 15:06:31.633 752-752/? W/libc: Unable to set property "sys.check.usbupdate" to "start": connection failed; errno=13 (Permission denied)
2021-11-10 15:06:31.630 752-752/? W/health@2.0-serv: type=1400 audit(0.0:12552): avc: denied { write } for pid=752 name="property_service" dev="tmpfs" ino=17403 scontext=u:r:hal_health_default:s0 tcontext=u:object_r:property_socket:s0 tclass=sock_file permissive=0
2021-11-10 15:06:31.736 1057-10693/? D/keymaster_worker: Keystore begin
2021-11-10 15:06:31.736 1057-10693/? D/keymaster_worker: Keystore begin hidl
2021-11-10 15:06:31.736 603-603/? I/HisiKeyMaster: HisiKmBegin start
2021-11-10 15:06:31.736 603-603/? I/HisiKeyMaster: Disable the enhanced crypto!
2021-11-10 15:06:31.742 603-603/? I/HisiKeyMaster: out_params_buffer_len = 32
2021-11-10 15:06:31.742 603-603/? I/HisiKeyMaster: HisiKmBegin success
2021-11-10 15:06:31.742 1057-10693/? D/keymaster_worker: Keystore begin hidl end
2021-11-10 15:06:31.742 1057-10693/? D/keymaster_worker: Keystore begin end
2021-11-10 15:06:31.746 1057-10694/? D/keymaster_worker: Keystore update
2021-11-10 15:06:31.746 1057-10694/? D/keymaster_worker: Keystore update hidl
2021-11-10 15:06:31.746 603-603/? I/HisiKeyMaster: HisiKmUpdate start
2021-11-10 15:06:31.746 603-603/? I/HisiKeyMaster: Disable the enhanced crypto!
2021-11-10 15:06:31.749 603-603/? I/HisiKeyMaster: HisiKmUpdate success
2021-11-10 15:06:31.749 1057-10694/? D/keymaster_worker: Keystore update hidl end
2021-11-10 15:06:31.749 1057-10694/? D/keymaster_worker: Keystore update end
2021-11-10 15:06:31.751 1057-10695/? D/keymaster_worker: Keystore update
2021-11-10 15:06:31.751 1057-10695/? D/keymaster_worker: Keystore update hidl
2021-11-10 15:06:31.751 603-603/? I/HisiKeyMaster: HisiKmUpdate start
2021-11-10 15:06:31.751 603-603/? I/HisiKeyMaster: Disable the enhanced crypto!
2021-11-10 15:06:31.754 603-603/? I/HisiKeyMaster: HisiKmUpdate success
2021-11-10 15:06:31.754 1057-10695/? D/keymaster_worker: Keystore update hidl end
2021-11-10 15:06:31.754 1057-10695/? D/keymaster_worker: Keystore update end
2021-11-10 15:06:31.756 1057-10696/? D/keymaster_worker: Keystore update
2021-11-10 15:06:31.756 1057-10696/? D/keymaster_worker: Keystore update hidl
2021-11-10 15:06:31.756 603-603/? I/HisiKeyMaster: HisiKmUpdate start
2021-11-10 15:06:31.756 603-603/? I/HisiKeyMaster: Disable the enhanced crypto!
2021-11-10 15:06:31.759 603-603/? I/HisiKeyMaster: HisiKmUpdate success
2021-11-10 15:06:31.759 1057-10696/? D/keymaster_worker: Keystore update hidl end
2021-11-10 15:06:31.759 1057-10696/? D/keymaster_worker: Keystore update end
2021-11-10 15:06:31.761 1057-10697/? D/keymaster_worker: Keystore update
2021-11-10 15:06:31.761 1057-10697/? D/keymaster_worker: Keystore update hidl
2021-11-10 15:06:31.761 603-603/? I/HisiKeyMaster: HisiKmUpdate start
2021-11-10 15:06:31.761 603-603/? I/HisiKeyMaster: Disable the enhanced crypto!
2021-11-10 15:06:31.764 603-603/? I/HisiKeyMaster: HisiKmUpdate success
2021-11-10 15:06:31.764 1057-10697/? D/keymaster_worker: Keystore update hidl end
2021-11-10 15:06:31.764 1057-10697/? D/keymaster_worker: Keystore update end
2021-11-10 15:06:31.765 1057-10698/? D/keymaster_worker: Keystore update
2021-11-10 15:06:31.765 1057-10698/? D/keymaster_worker: Keystore update hidl
2021-11-10 15:06:31.766 603-603/? I/HisiKeyMaster: HisiKmUpdate start
2021-11-10 15:06:31.766 603-603/? I/HisiKeyMaster: Disable the enhanced crypto!
2021-11-10 15:06:31.768 603-603/? I/HisiKeyMaster: HisiKmUpdate success
2021-11-10 15:06:31.768 1057-10698/? D/keymaster_worker: Keystore update hidl end
2021-11-10 15:06:31.768 1057-10698/? D/keymaster_worker: Keystore update end
2021-11-10 15:06:31.769 1057-10699/? D/keymaster_worker: Keystore update
2021-11-10 15:06:31.769 1057-10699/? D/keymaster_worker: Keystore update hidl
2021-11-10 15:06:31.769 603-603/? I/HisiKeyMaster: HisiKmUpdate start
2021-11-10 15:06:31.769 603-603/? I/HisiKeyMaster: Disable the enhanced crypto!
2021-11-10 15:06:31.772 603-603/? I/HisiKeyMaster: HisiKmUpdate success
2021-11-10 15:06:31.772 1057-10699/? D/keymaster_worker: Keystore update hidl end
2021-11-10 15:06:31.772 1057-10699/? D/keymaster_worker: Keystore update end
2021-11-10 15:06:31.773 1057-10700/? D/keymaster_worker: Keystore finish
2021-11-10 15:06:31.773 1057-10700/? D/keymaster_worker: Keystore finish hidl
2021-11-10 15:06:31.773 603-603/? I/HisiKeyMaster: HisiKmFinish start
2021-11-10 15:06:31.773 603-603/? I/HisiKeyMaster: Disable the enhanced crypto!
2021-11-10 15:06:31.775 603-603/? I/HisiKeyMaster: output data size=16
2021-11-10 15:06:31.775 603-603/? I/HisiKeyMaster: HisiKmFinish success
2021-11-10 15:06:31.775 1057-10700/? D/keymaster_worker: Keystore finish hidl end
2021-11-10 15:06:31.775 1057-10700/? D/keymaster_worker: Keystore finish end
2021-11-10 15:06:31.777 1680-9899/? I/SecurityProfileDB: Write database file end
2021-11-10 15:06:31.901 1071-1115/? D/AwareLog: iawared: WorkingsetProcessCommand subCmd = 357, userId=11832, pid=10504, com.shopwonder.jingzaoyd
2021-11-10 15:06:31.902 1071-1115/? D/AwareLog: iawared: WorkingsetPauseCollect com.shopwonder.jingzaoyd
2021-11-10 15:06:32.029 1680-1761/? D/ZrHung.AppEyeTransparentWindow: handleMessage CHECK_TRANS_WINDOW_ERROR_MSG
2021-11-10 15:06:32.170 10429-10429/? I/HwGameAssistant-11.4.2.300-ReceiverController: excute System.exit
2021-11-10 15:06:32.173 10429-10429/? I/meassistant:br: System.exit called, status: 0
2021-11-10 15:06:32.173 10429-10429/? I/AndroidRuntime: VM exiting with result code 0, cleanup skipped.
2021-11-10 15:06:32.217 1680-2562/? I/ActivityManager: Process com.huawei.gameassistant:brd (pid 10429) has died: cch+15 CEM 
2021-11-10 15:06:32.218 1680-1766/? I/libprocessgroup: Successfully killed process cgroup uid 10104 pid 10429 in 0ms
2021-11-10 15:06:32.218 694-694/? I/Zygote: Process 10429 exited cleanly (0)
2021-11-10 15:06:32.218 1680-2251/? W/HwAudioServiceEx: SoundEffectState bundle get reserved is invalid
2021-11-10 15:06:32.218 1680-2562/? D/ActivityManager: cleanUpApplicationRecord app: 10429:com.huawei.gameassistant:brd/u0a104, bad: false, restarting: false, allowRestart: true
2021-11-10 15:06:32.219 1680-2251/? I/HwAudioServiceEx: sendAppKilledIntentForKit, isKitPackageOnPause = false, isKitPackageKill = false, isKitPackageOnResume = false
2021-11-10 15:06:32.219 1680-1757/? I/HwPowerManagerService: appdie release wakelock, pid = 10429, uid = 10104
2021-11-10 15:06:32.221 2526-17930/? E/HsmCoreServiceImpl: onTransact in code is: 102
2021-11-10 15:06:32.221 2526-17930/? I/MediaProcessHandler: processOp opType: 1, uid: 10104, pid: 10429
2021-11-10 15:06:32.221 2526-17930/? W/MediaProcessHandler: only the process it self can do this operation: 10104, 1000, 10429, 2841
2021-11-10 15:06:32.221 2526-17930/? I/MediaProcessHandler: executedCallBack opType: 1 mMediaStatusObservers.size=2
2021-11-10 15:06:32.221 1680-2163/? W/AwareLog: SchedLevelBoost: onProcessDied config not set!
2021-11-10 15:06:32.225 780-14221/? D/AudioPolicyService: getUidState(10104) !cacheIter->second.first, return PROCESS_STATE_UNKNOWN
2021-11-10 15:06:32.279 751-23367/? I/hwcomposer: WaitGpuAcquireFence:173: Sync wait 6811 over 6000 !
2021-11-10 15:06:32.304 2526-4099/? D/LteRecoveryEngine: UnRecoverState processMessage UPDATE_PS_SLOW_VALUE
2021-11-10 15:06:32.407 1680-1680/? I/NetLinkManager: getPriorityAppState, slaveIccid is null, start timer
2021-11-10 15:06:32.491 2526-4044/? I/Booster_Qoe: AdaBoostPredict rlt,index:6,NisPsSlow:0,NProba:358,rsrp(rssi):-40,rsrq(noise):-68,rtt(chload):848,buffhigh(uldelay):0,buffcomm(rtt):0
2021-11-10 15:06:32.491 2526-4044/? I/Booster_Qoe: AdaBoostPredict rlt,index:2,NisPsSlow:0,NProba:358,rsrp(rssi):-40,rsrq(noise):-68,rtt(chload):848,buffhigh(uldelay):0,buffcomm(rtt):0
2021-11-10 15:06:32.491 2526-4044/? I/Collector: HandleRawWifiInfo: flag:0, netId:0!
2021-11-10 15:06:32.492 2526-2940/? E/BoosterUtil: convertSubIdToSlotId failed, subId:0, slotId:-1
2021-11-10 15:06:32.492 2526-2940/? E/BoosterUtil: getDefaultDataSlotId failed, invalid slotId:-1, subId:0
2021-11-10 15:06:32.492 2526-2940/? E/NrSmartCure: onNetworkQoeUpdate failed, invalid defaultDataSlotId=-1
2021-11-10 15:06:32.493 2526-3508/? I/Hicom_Monitor: handleNetworkQoeReport. foregroundAppTcpRtt: 0, maxRatioChannelId: 2
2021-11-10 15:06:32.493 2526-3508/? I/Hicom_Monitor: handleNetworkQoeReport. qoeString: 11832,4,0,358,1,2,4,0,358,780000,780000,10,10,0,0,0,0
2021-11-10 15:06:32.493 2526-3508/? I/Utils: multipathPolicy is null
2021-11-10 15:06:32.493 1680-2325/? I/WiFi_PRO_WifiProStateMachine: APP_SERVICE_QOE_NOTIFY Qoe info 11832,4,0,358,1,2,4,0,358,780000,780000,10,10,0,0,0,0 CID 2 mMasterWifiRssi -27 mMasterCardAmbr 1048576 mSlaveCardAmbr 1048576
2021-11-10 15:06:32.494 1680-2325/? I/HwWifiProServiceProxy: ctrlHwWifiNetwork pkgName: WIFIPRO_SERVICE interfaceId: 9
2021-11-10 15:06:32.494 1680-2325/? I/WiFi_PRO_WifiProStateMachine: isWifi2WifiProcess = false, mIsNeedIgnoreQoeUpdate = false, mIsAppInBlacklist = false, mIsAppInBlacklistFullScreen = false, mIsWiFiNoInternet false, screen on = true, full screen = false, isLandscapeMode = false, mNotifyWifiLinkPoorReason = -1
2021-11-10 15:06:32.494 1680-2325/? I/WiFi_PRO_WifiProStateMachine: mChannelQoeBadCnt = 0, mAppQoeBadCnt = 0, mNetworkSlowReason = 0, mNetworkSlowChannelBadCnt = 0
2021-11-10 15:06:32.495 1680-2325/? E/WiFi_PROHumanFactorRecommend: isRichTrafficUser, invalid slotId=-1
2021-11-10 15:06:32.495 1680-2325/? E/WiFi_PROHumanFactorRecommend: isEconomicTrafficUser, invalid slotId=-1
2021-11-10 15:06:32.680 10616-10616/com.shopwonder.jingzaoyd E/TodayStepService: HANDLER_WHAT_SAVE_STEP
2021-11-10 15:06:32.681 10616-10616/com.shopwonder.jingzaoyd E/TodayStepService: saveDb handler : true
2021-11-10 15:06:32.719 759-877/? I/AudioModuleManager: [AudioModuleGetParameters:71]: list size: 11
2021-11-10 15:06:32.720 759-877/? I/audio_hw_usbaudio_hw: [get_typec_parameters:587]: check show hires (false)
2021-11-10 15:06:32.721 1680-2251/? I/HwAudioServiceEx: HwAudioHandlerEx receive unknown msg
2021-11-10 15:06:32.790 1680-2220/? I/TrafficMonitor: update:rxPkts:0,txPkts:0,rxBytes:0,txBytes:0
2021-11-10 15:06:32.790 1680-2220/? I/TrafficMonitor: gettimer:interval=2000
2021-11-10 15:06:32.858 1680-2221/? I/WificondControl: Noise: -73, Snr: 39, Chload: 793, rssi: -26, txBitrate: 780, rxBitrate: 780, frequency: 5180, UlDelay: 0, currentTxBytes: 13328889, currentTxPackets: 63388, currentTxFailed: 0, currentRxBytes: 103759372, currentRxPackets: 106542
2021-11-10 15:06:32.860 1680-2220/? I/WiFi_PRO: MSG_RETURN_AP_CURRY_RSSI rssi = -26
2021-11-10 15:06:32.861 1680-2220/? I/QosMonitor: queryRtt: rttType = 3
2021-11-10 15:06:32.861 1680-2328/? I/HwDualBandManager: handle2gApStrongWifiRssiChange
2021-11-10 15:06:32.861 1680-2220/? I/HwWifiProServiceProxy: ctrlHwWifiNetwork pkgName: WIFIPRO_SERVICE interfaceId: 8
2021-11-10 15:06:32.861 1680-2220/? I/QosMonitor: postEventFromNative: msg=100,arg1=4,arg2=10
2021-11-10 15:06:32.861 1680-2220/? I/QosMonitor: resetRtt: rttType = 3
2021-11-10 15:06:32.861 1680-2220/? I/HwWifiProServiceProxy: ctrlHwWifiNetwork pkgName: WIFIPRO_SERVICE interfaceId: 8
2021-11-10 15:06:32.891 1680-2562/? D/HwConnectivityServiceEx: set 10556 NULL value true
2021-11-10 15:06:32.891 1680-2562/? I/ConnectivityService: B uid 10556
2021-11-10 15:06:32.891 1680-2562/? D/HwConnectivityServiceEx: set 10556 wlan0 value true
2021-11-10 15:06:32.891 1680-2562/? I/ConnectivityService: B uid 10556
2021-11-10 15:06:32.959 907-907/? I/aptouch_daemon: check_afe_status, idle out.
2021-11-10 15:06:32.961 907-907/? I/aptouch_daemon: print_log, touch:1, down:1 (+0)
2021-11-10 15:06:32.962 1680-2190/? D/fingersense_manager: Calling fingersense_classify_touch()
2021-11-10 15:06:32.963 1680-2190/? I/FLP2012: kr: touch_dn_event
2021-11-10 15:06:32.964 1680-2190/? I/FLP2012: kr: OTHER
2021-11-10 15:06:32.964 1680-2190/? D/fingersense_manager: fingersense_classify_touch() finished
2021-11-10 15:06:32.966 1680-2189/? I/InputDispatcher: stylus touch down, set lcd event 1
2021-11-10 15:06:32.966 1680-2189/? I/chatty: uid=1000(system) InputDispatcher identical 1 line
2021-11-10 15:06:32.967 1680-2189/? I/InputDispatcher: stylus touch down, set lcd event 1
2021-11-10 15:06:32.968 10504-10504/com.shopwonder.jingzaoyd D/stylus: init stylus touchlistener.
2021-11-10 15:06:32.969 10504-10504/com.shopwonder.jingzaoyd I/Hwaps: APS: EventAnalyzed: initAPS: version is 11.0.0.4
2021-11-10 15:06:32.970 1680-1745/? I/NavigationBarPolicy: pointY:1409.0realSize.y:2340HIT_REGION_TO_MAX:33
2021-11-10 15:06:32.970 10504-10504/com.shopwonder.jingzaoyd D/Hwaps: Fpsrequest create,type:EXACTLY_IDENTIFY
2021-11-10 15:06:32.970 10504-10504/com.shopwonder.jingzaoyd D/Hwaps: Fpsrequest create,type:EXACTLY_IDENTIFY
2021-11-10 15:06:32.970 10504-10504/com.shopwonder.jingzaoyd D/Hwaps: Fpsrequest create,type:OPENGL_SETTING
2021-11-10 15:06:32.970 10504-10504/com.shopwonder.jingzaoyd D/Hwaps: FpsController create
2021-11-10 15:06:32.975 10504-10504/com.shopwonder.jingzaoyd D/Hwaps: APS: EventAnalyzed: reInitFpsPara :mBaseFps = 60; mMaxFps = 60
2021-11-10 15:06:33.057 907-907/? I/aptouch_daemon: print_log, touch:0, down:0 
2021-11-10 15:06:33.059 1680-2189/? I/InputDispatcher: stylus touch up, set lcd event 0
2021-11-10 15:06:32.896 1680-2562/? I/chatty: uid=1000(system) Binder:1680_9 identical 28 lines
2021-11-10 15:06:32.896 1680-2562/? I/ConnectivityService: B uid 10556
2021-11-10 15:06:33.061 10504-10504/com.shopwonder.jingzaoyd W/HwApsManager: HwApsManagerService, registerCallback, start !
2021-11-10 15:06:33.063 1680-3258/? I/HwApsManagerConfig: registerCallbackLocked success, pkgName:com.shopwonder.jingzaoyd, callback_count:16
2021-11-10 15:06:33.063 1680-3258/? I/HwApsManagerConfig: doCallbackAtFirstRegisterLocked, start ! pkgName:com.shopwonder.jingzaoyd
2021-11-10 15:06:33.059 1680-2189/? I/chatty: uid=1000(system) InputDispatcher identical 1 line
2021-11-10 15:06:33.059 1680-2189/? I/InputDispatcher: stylus touch up, set lcd event 0
2021-11-10 15:06:33.063 10504-10504/com.shopwonder.jingzaoyd D/Hwaps: APS: EventAnalyzed: registerCallbackInApsManagerService, mPkgName:com.shopwonder.jingzaoyd; result = true
2021-11-10 15:06:33.067 10504-10504/com.shopwonder.jingzaoyd V/AudioManager: querySoundEffectsEnabled...
2021-11-10 15:06:33.076 10504-10504/com.shopwonder.jingzaoyd I/ViewRootImpl: dispatchDetachedFromWindow in doDie
2021-11-10 15:06:33.084 786-1015/? W/BufferQueueProducer: [PopupWindow:4370f6b#0]:1390: disconnect: not connected (req=1)
2021-11-10 15:06:33.085 10504-10563/com.shopwonder.jingzaoyd W/libEGL: EGLNativeWindowType 0xbc734708 disconnect failed
2021-11-10 15:06:33.086 1680-3258/? I/WindowManager: removeIfPossible: Window{a411851 u0 PopupWindow:4370f6b} callers=com.android.server.wm.WindowState.removeIfPossible:5158708 com.android.server.wm.WindowManagerService.removeWindow:4761880 android.view.IWindowSession$Stub.onTransact:5315492 com.android.server.wm.Session.onTransact:6785676 android.os.Binder.execTransactInternal:6253644 
2021-11-10 15:06:33.086 1680-3258/? D/HwAppTransitionImpl: windowAnimations = 0 dose not come from system, not to override it.
2021-11-10 15:06:33.087 1680-3258/? I/WindowManager: postWindowRemoveCleanupLocked: Window{a411851 u0 PopupWindow:4370f6b}
2021-11-10 15:06:33.087 1680-3258/? I/WindowManager: Removing Window{a411851 u0 PopupWindow:4370f6b} from AppWindowToken{a55c041 token=Token{a3718f9 ActivityRecord{a822848 u0 com.shopwonder.jingzaoyd/.ui.activity.MainActivity t316}}}
2021-11-10 15:06:33.091 1680-3258/? I/WindowManager: Changing focus from Window{a411851 u0 PopupWindow:4370f6b} to Window{a411929 u0 com.shopwonder.jingzaoyd/com.shopwonder.jingzaoyd.ui.activity.MainActivity} displayId=0 Callers=com.android.server.wm.RootWindowContainer.updateFocusedWindowLocked:6659068 com.android.server.wm.WindowManagerService.updateFocusedWindowLocked:6658544 com.android.server.wm.WindowState.removeIfPossible:5163112 com.android.server.wm.WindowState.removeIfPossible:5158708
2021-11-10 15:06:33.092 1680-3258/? V/HwPhoneWindowManager: updateSystemUiColorLw window=Window{a411929 u0 com.shopwonder.jingzaoyd/com.shopwonder.jingzaoyd.ui.activity.MainActivity},EmuiStyle=0,StatusBarColor=0x0,NavigationBarColor=0xfffcfcfc, mForceNotchStatusBar=false
2021-11-10 15:06:33.092 1680-1745/? D/HwPhoneWindowManager: Transact:setSystemUIColor to status bar service
2021-11-10 15:06:33.092 1680-3258/? I/HwDisplayContentEx: currentFocus windowstate not null
2021-11-10 15:06:33.092 1680-3258/? I/HwDisplayContentEx: trans currentFocus windowstate not null
2021-11-10 15:06:33.092 1680-3258/? D/ZrHung.AppEyeTransparentWindow: TransparentWindow mHungConfigStatus = 0,mHungConfigEnable = 1
2021-11-10 15:06:33.092 2397-13590/? I/HwCommandQueue: updateBarBgColor
2021-11-10 15:06:33.092 2397-13590/? D/HwCommandQueue: CommandQueue, setBarBackgroundColor
2021-11-10 15:06:33.093 1680-1745/? D/StatusBarManagerService: win:Window{a411929 u0 com.shopwonder.jingzaoyd/com.shopwonder.jingzaoyd.ui.activity.MainActivity}mIsColorEnable:truelight:true
2021-11-10 15:06:33.093 1680-1745/? I/StatusBarDisable: setFlags what=0 which=1 pkg=Window{a411929 u0 com.shopwonder.jingzaoyd/com.shopwonder.jingzaoyd.ui.activity.MainActivity}
2021-11-10 15:06:33.093 2397-13590/? D/HwCommandQueue: CommandQueue, set Launcher StatusBar Color
2021-11-10 15:06:33.096 10504-10504/com.shopwonder.jingzaoyd D/DecorView: showOrHideHighlightView: hasFocus=true; winMode=1; isMrgNull=true
2021-11-10 15:06:33.097 10504-10504/com.shopwonder.jingzaoyd W/InputMethodManager: startInputReason = 1
2021-11-10 15:06:33.098 10504-10504/com.shopwonder.jingzaoyd W/HwRemoteInputMethodManager: isCasting false because IHwDistributedWindowManager is invalid.
